2020-01-27 17:05:57.876 7209-7209/com.jht.mainapp I/KeyDebugGet:(AppManager.java:570): Key: USE_ASSET_MANAGEMENT_BOOL, Value: 1
2020-01-27 17:05:57.877 7209-7209/com.jht.mainapp I/KeyDebugGet:(AppManager.java:571): Key: USE_WORKOUT_TRACKING_BOOL, Value: 1
2020-01-27 17:05:57.878 7209-7209/com.jht.mainapp I/KeyDebugGet:(AppManager.java:570): Key: USE_ASSET_MANAGEMENT_BOOL, Value: 1
2020-01-27 17:05:57.879 7209-7209/com.jht.mainapp I/KeyDebugGet:(AppManager.java:571): Key: USE_WORKOUT_TRACKING_BOOL, Value: 1
2020-01-27 17:05:57.880 7209-7209/com.jht.mainapp I/KeyDebugGet:(AppManager.java:570): Key: USE_ASSET_MANAGEMENT_BOOL, Value: 1
2020-01-27 17:05:57.881 7209-7209/com.jht.mainapp I/KeyDebugGet:(AppManager.java:571): Key: USE_WORKOUT_TRACKING_BOOL, Value: 1
2020-01-27 17:05:57.882 7209-7209/com.jht.mainapp I/KeyDebugGet:(AppManager.java:315): Key: TV_REMOTE_TV_BOOL, Value: 0
2020-01-27 17:05:57.883 7209-7209/com.jht.mainapp I/KeyDebugGet:(AppManager.java:570): Key: USE_ASSET_MANAGEMENT_BOOL, Value: 1
2020-01-27 17:05:57.884 7209-7209/com.jht.mainapp I/KeyDebugGet:(AppManager.java:571): Key: USE_WORKOUT_TRACKING_BOOL, Value: 1
2020-01-27 17:05:57.885 7209-7209/com.jht.mainapp I/KeyDebugGet:(AppManager.java:570): Key: USE_ASSET_MANAGEMENT_BOOL, Value: 1
2020-01-27 17:05:57.886 7209-7209/com.jht.mainapp I/KeyDebugGet:(AppManager.java:571): Key: USE_WORKOUT_TRACKING_BOOL, Value: 1
2020-01-27 17:05:57.887 7209-7209/com.jht.mainapp I/KeyDebugGet:(AppManager.java:570): Key: USE_ASSET_MANAGEMENT_BOOL, Value: 1
2020-01-27 17:05:57.888 7209-7209/com.jht.mainapp I/KeyDebugGet:(AppManager.java:571): Key: USE_WORKOUT_TRACKING_BOOL, Value: 1
2020-01-27 17:05:57.889 7209-7209/com.jht.mainapp I/KeyDebugGet:(AppManager.java:570): Key: USE_ASSET_MANAGEMENT_BOOL, Value: 1
2020-01-27 17:05:57.890 7209-7209/com.jht.mainapp I/KeyDebugGet:(AppManager.java:571): Key: USE_WORKOUT_TRACKING_BOOL, Value: 1
2020-01-27 17:05:57.891 7209-7209/com.jht.mainapp I/KeyDebugGet:(AppManager.java:570): Key: USE_ASSET_MANAGEMENT_BOOL, Value: 1
2020-01-27 17:05:57.892 7209-7209/com.jht.mainapp I/KeyDebugGet:(AppManager.java:571): Key: USE_WORKOUT_TRACKING_BOOL, Value: 1
2020-01-27 17:05:57.893 7209-7209/com.jht.mainapp I/KeyDebugGet:(AppManager.java:570): Key: USE_ASSET_MANAGEMENT_BOOL, Value: 1
2020-01-27 17:05:57.894 7209-7209/com.jht.mainapp I/KeyDebugGet:(AppManager.java:571): Key: USE_WORKOUT_TRACKING_BOOL, Value: 1
2020-01-27 17:05:57.895 7209-7209/com.jht.mainapp I/KeyDebugGet:(AppManager.java:570): Key: USE_ASSET_MANAGEMENT_BOOL, Value: 1
2020-01-27 17:05:57.896 7209-7209/com.jht.mainapp I/KeyDebugGet:(AppManager.java:571): Key: USE_WORKOUT_TRACKING_BOOL, Value: 1
2020-01-27 17:05:57.897 7209-7209/com.jht.mainapp I/KeyDebugGet:(AppManager.java:570): Key: USE_ASSET_MANAGEMENT_BOOL, Value: 1
2020-01-27 17:05:57.898 7209-7209/com.jht.mainapp I/KeyDebugGet:(AppManager.java:571): Key: USE_WORKOUT_TRACKING_BOOL, Value: 1
2020-01-27 17:05:57.899 7209-7209/com.jht.mainapp I/KeyDebugGet:(AppManager.java:570): Key: USE_ASSET_MANAGEMENT_BOOL, Value: 1
2020-01-27 17:05:57.899 7209-7209/com.jht.mainapp I/KeyDebugGet:(AppManager.java:571): Key: USE_WORKOUT_TRACKING_BOOL, Value: 1
2020-01-27 17:05:57.900 7209-7209/com.jht.mainapp I/KeyDebugGet:(AppManager.java:570): Key: USE_ASSET_MANAGEMENT_BOOL, Value: 1
2020-01-27 17:05:57.901 7209-7209/com.jht.mainapp I/KeyDebugGet:(AppManager.java:571): Key: USE_WORKOUT_TRACKING_BOOL, Value: 1
2020-01-27 17:05:57.902 7209-7209/com.jht.mainapp I/KeyDebugGet:(AppManager.java:433): Key: USE_ASSET_MANAGEMENT_BOOL, Value: 1
2020-01-27 17:05:57.904 7209-7209/com.jht.mainapp I/KeyDebugGet:(AppManager.java:570): Key: USE_ASSET_MANAGEMENT_BOOL, Value: 1
2020-01-27 17:05:57.905 7209-7209/com.jht.mainapp I/KeyDebugGet:(AppManager.java:571): Key: USE_WORKOUT_TRACKING_BOOL, Value: 1
2020-01-27 17:05:57.906 7209-7209/com.jht.mainapp I/KeyDebugGet:(AppManager.java:442): Key: USE_ASSET_MANAGEMENT_BOOL, Value: 1
2020-01-27 17:05:57.907 7209-7209/com.jht.mainapp I/KeyDebugGet:(DapiUser.java:114): Key: DATA_USER_DAPI_UUID_STRING, Value: 00000000-0000-0000-0000-000000000000
2020-01-27 17:05:57.913 7209-7209/com.jht.mainapp I/KeyDebugGet:(AppManager.java:701): Key: DATA_WORKOUT_VIEW_TYPE_STRING, Value: Default
2020-01-27 17:05:57.914 7209-7209/com.jht.mainapp I/KeyDebugGet:(AppManager.java:112): Key: EGYM_ENABLED_BOOL, Value: 0
2020-01-27 17:05:57.915 7209-7209/com.jht.mainapp I/KeyDebugGet:(AppManager.java:570): Key: USE_ASSET_MANAGEMENT_BOOL, Value: 1
2020-01-27 17:05:57.916 7209-7209/com.jht.mainapp I/KeyDebugGet:(AppManager.java:571): Key: USE_WORKOUT_TRACKING_BOOL, Value: 1
2020-01-27 17:05:57.917 7209-7209/com.jht.mainapp I/KeyDebugGet:(AppManager.java:570): Key: USE_ASSET_MANAGEMENT_BOOL, Value: 1
2020-01-27 17:05:57.918 7209-7209/com.jht.mainapp I/KeyDebugGet:(AppManager.java:571): Key: USE_WORKOUT_TRACKING_BOOL, Value: 1
2020-01-27 17:05:57.919 7209-7209/com.jht.mainapp I/KeyDebugGet:(AppManager.java:570): Key: USE_ASSET_MANAGEMENT_BOOL, Value: 1
2020-01-27 17:05:57.919 7209-7209/com.jht.mainapp I/KeyDebugGet:(AppManager.java:571): Key: USE_WORKOUT_TRACKING_BOOL, Value: 1
2020-01-27 17:05:57.920 7209-7209/com.jht.mainapp I/KeyDebugGet:(AppManager.java:570): Key: USE_ASSET_MANAGEMENT_BOOL, Value: 1
2020-01-27 17:05:57.921 7209-7209/com.jht.mainapp I/KeyDebugGet:(AppManager.java:571): Key: USE_WORKOUT_TRACKING_BOOL, Value: 1
2020-01-27 17:05:57.922 7209-7209/com.jht.mainapp I/KeyDebugGet:(AppManager.java:570): Key: USE_ASSET_MANAGEMENT_BOOL, Value: 1
2020-01-27 17:05:57.923 7209-7209/com.jht.mainapp I/KeyDebugGet:(AppManager.java:571): Key: USE_WORKOUT_TRACKING_BOOL, Value: 1
2020-01-27 17:05:57.923 7209-7209/com.jht.mainapp I/KeyDebugGet:(AppManager.java:315): Key: TV_REMOTE_TV_BOOL, Value: 0
2020-01-27 17:05:57.924 7209-7209/com.jht.mainapp I/KeyDebugGet:(AppManager.java:570): Key: USE_ASSET_MANAGEMENT_BOOL, Value: 1
2020-01-27 17:05:57.925 7209-7209/com.jht.mainapp I/KeyDebugGet:(AppManager.java:571): Key: USE_WORKOUT_TRACKING_BOOL, Value: 1
2020-01-27 17:05:57.925 7209-7209/com.jht.mainapp I/KeyDebugGet:(AppManager.java:570): Key: USE_ASSET_MANAGEMENT_BOOL, Value: 1
2020-01-27 17:05:57.926 7209-7209/com.jht.mainapp I/KeyDebugGet:(AppManager.java:571): Key: USE_WORKOUT_TRACKING_BOOL, Value: 1
2020-01-27 17:05:57.927 7209-7209/com.jht.mainapp I/KeyDebugGet:(AppManager.java:570): Key: USE_ASSET_MANAGEMENT_BOOL, Value: 1
2020-01-27 17:05:57.928 7209-7209/com.jht.mainapp I/KeyDebugGet:(AppManager.java:571): Key: USE_WORKOUT_TRACKING_BOOL, Value: 1
2020-01-27 17:05:57.928 7209-7209/com.jht.mainapp I/KeyDebugGet:(AppManager.java:570): Key: USE_ASSET_MANAGEMENT_BOOL, Value: 1
2020-01-27 17:05:57.929 7209-7209/com.jht.mainapp I/KeyDebugGet:(AppManager.java:571): Key: USE_WORKOUT_TRACKING_BOOL, Value: 1
2020-01-27 17:05:57.930 7209-7209/com.jht.mainapp I/KeyDebugGet:(AppManager.java:570): Key: USE_ASSET_MANAGEMENT_BOOL, Value: 1
2020-01-27 17:05:57.931 7209-7209/com.jht.mainapp I/KeyDebugGet:(AppManager.java:571): Key: USE_WORKOUT_TRACKING_BOOL, Value: 1
2020-01-27 17:05:57.931 7209-7209/com.jht.mainapp I/KeyDebugGet:(AppManager.java:570): Key: USE_ASSET_MANAGEMENT_BOOL, Value: 1
2020-01-27 17:05:57.932 7209-7209/com.jht.mainapp I/KeyDebugGet:(AppManager.java:571): Key: USE_WORKOUT_TRACKING_BOOL, Value: 1
2020-01-27 17:05:57.933 7209-7209/com.jht.mainapp I/KeyDebugGet:(AppManager.java:570): Key: USE_ASSET_MANAGEMENT_BOOL, Value: 1
2020-01-27 17:05:57.934 7209-7209/com.jht.mainapp I/KeyDebugGet:(AppManager.java:571): Key: USE_WORKOUT_TRACKING_BOOL, Value: 1
2020-01-27 17:05:57.934 7209-7209/com.jht.mainapp I/KeyDebugGet:(AppManager.java:570): Key: USE_ASSET_MANAGEMENT_BOOL, Value: 1
2020-01-27 17:05:57.935 7209-7209/com.jht.mainapp I/KeyDebugGet:(AppManager.java:571): Key: USE_WORKOUT_TRACKING_BOOL, Value: 1
2020-01-27 17:05:57.936 7209-7209/com.jht.mainapp I/KeyDebugGet:(AppManager.java:570): Key: USE_ASSET_MANAGEMENT_BOOL, Value: 1
2020-01-27 17:05:57.937 7209-7209/com.jht.mainapp I/KeyDebugGet:(AppManager.java:571): Key: USE_WORKOUT_TRACKING_BOOL, Value: 1
2020-01-27 17:05:57.938 7209-7209/com.jht.mainapp I/KeyDebugGet:(AppManager.java:570): Key: USE_ASSET_MANAGEMENT_BOOL, Value: 1
2020-01-27 17:05:57.939 7209-7209/com.jht.mainapp I/KeyDebugGet:(AppManager.java:571): Key: USE_WORKOUT_TRACKING_BOOL, Value: 1
2020-01-27 17:05:57.940 7209-7209/com.jht.mainapp I/KeyDebugGet:(AppManager.java:433): Key: USE_ASSET_MANAGEMENT_BOOL, Value: 1
2020-01-27 17:05:57.941 7209-7209/com.jht.mainapp I/KeyDebugGet:(AppManager.java:570): Key: USE_ASSET_MANAGEMENT_BOOL, Value: 1
2020-01-27 17:05:57.942 7209-7209/com.jht.mainapp I/KeyDebugGet:(AppManager.java:571): Key: USE_WORKOUT_TRACKING_BOOL, Value: 1
2020-01-27 17:05:57.943 7209-7209/com.jht.mainapp I/KeyDebugGet:(AppManager.java:442): Key: USE_ASSET_MANAGEMENT_BOOL, Value: 1
2020-01-27 17:05:57.944 7209-7209/com.jht.mainapp I/KeyDebugGet:(DapiUser.java:114): Key: DATA_USER_DAPI_UUID_STRING, Value: 00000000-0000-0000-0000-000000000000
2020-01-27 17:05:58.008 7209-7209/com.jht.mainapp I/KeyDebugGet:(AppManager.java:701): Key: DATA_WORKOUT_VIEW_TYPE_STRING, Value: Default
2020-01-27 17:05:58.010 7209-7209/com.jht.mainapp I/KeyDebugGet:(AppManager.java:112): Key: EGYM_ENABLED_BOOL, Value: 0
2020-01-27 17:05:58.011 7209-7209/com.jht.mainapp I/KeyDebugGet:(AppManager.java:570): Key: USE_ASSET_MANAGEMENT_BOOL, Value: 1
2020-01-27 17:05:58.012 7209-7209/com.jht.mainapp I/KeyDebugGet:(AppManager.java:571): Key: USE_WORKOUT_TRACKING_BOOL, Value: 1
2020-01-27 17:05:58.012 7209-7209/com.jht.mainapp I/KeyDebugGet:(AppManager.java:570): Key: USE_ASSET_MANAGEMENT_BOOL, Value: 1
2020-01-27 17:05:58.013 7209-7209/com.jht.mainapp I/KeyDebugGet:(AppManager.java:571): Key: USE_WORKOUT_TRACKING_BOOL, Value: 1
2020-01-27 17:05:58.014 7209-7209/com.jht.mainapp I/KeyDebugGet:(AppManager.java:570): Key: USE_ASSET_MANAGEMENT_BOOL, Value: 1
2020-01-27 17:05:58.015 7209-7209/com.jht.mainapp I/KeyDebugGet:(AppManager.java:571): Key: USE_WORKOUT_TRACKING_BOOL, Value: 1
2020-01-27 17:05:58.016 7209-7209/com.jht.mainapp I/KeyDebugGet:(AppManager.java:570): Key: USE_ASSET_MANAGEMENT_BOOL, Value: 1
2020-01-27 17:05:58.016 7209-7209/com.jht.mainapp I/KeyDebugGet:(AppManager.java:571): Key: USE_WORKOUT_TRACKING_BOOL, Value: 1
2020-01-27 17:05:58.017 7209-7209/com.jht.mainapp I/KeyDebugGet:(AppManager.java:570): Key: USE_ASSET_MANAGEMENT_BOOL, Value: 1
2020-01-27 17:05:58.018 7209-7209/com.jht.mainapp I/KeyDebugGet:(AppManager.java:571): Key: USE_WORKOUT_TRACKING_BOOL, Value: 1
2020-01-27 17:05:58.019 7209-7209/com.jht.mainapp I/KeyDebugGet:(AppManager.java:315): Key: TV_REMOTE_TV_BOOL, Value: 0
2020-01-27 17:05:58.020 7209-7209/com.jht.mainapp I/KeyDebugGet:(AppManager.java:570): Key: USE_ASSET_MANAGEMENT_BOOL, Value: 1
2020-01-27 17:05:58.021 7209-7209/com.jht.mainapp I/KeyDebugGet:(AppManager.java:571): Key: USE_WORKOUT_TRACKING_BOOL, Value: 1
2020-01-27 17:05:58.021 7209-7209/com.jht.mainapp I/KeyDebugGet:(AppManager.java:570): Key: USE_ASSET_MANAGEMENT_BOOL, Value: 1
2020-01-27 17:05:58.022 7209-7209/com.jht.mainapp I/KeyDebugGet:(AppManager.java:571): Key: USE_WORKOUT_TRACKING_BOOL, Value: 1
2020-01-27 17:05:58.023 7209-7209/com.jht.mainapp I/KeyDebugGet:(AppManager.java:570): Key: USE_ASSET_MANAGEMENT_BOOL, Value: 1
2020-01-27 17:05:58.024 7209-7209/com.jht.mainapp I/KeyDebugGet:(AppManager.java:571): Key: USE_WORKOUT_TRACKING_BOOL, Value: 1
2020-01-27 17:05:58.024 7209-7209/com.jht.mainapp I/KeyDebugGet:(AppManager.java:570): Key: USE_ASSET_MANAGEMENT_BOOL, Value: 1
2020-01-27 17:05:58.025 7209-7209/com.jht.mainapp I/KeyDebugGet:(AppManager.java:571): Key: USE_WORKOUT_TRACKING_BOOL, Value: 1
2020-01-27 17:05:58.026 7209-7209/com.jht.mainapp I/KeyDebugGet:(AppManager.java:570): Key: USE_ASSET_MANAGEMENT_BOOL, Value: 1
2020-01-27 17:05:58.026 7209-7209/com.jht.mainapp I/KeyDebugGet:(AppManager.java:571): Key: USE_WORKOUT_TRACKING_BOOL, Value: 1
2020-01-27 17:05:58.027 7209-7209/com.jht.mainapp I/KeyDebugGet:(AppManager.java:570): Key: USE_ASSET_MANAGEMENT_BOOL, Value: 1
2020-01-27 17:05:58.031 7209-7209/com.jht.mainapp I/KeyDebugGet:(AppManager.java:571): Key: USE_WORKOUT_TRACKING_BOOL, Value: 1
2020-01-27 17:05:58.034 7209-7209/com.jht.mainapp I/KeyDebugGet:(AppManager.java:570): Key: USE_ASSET_MANAGEMENT_BOOL, Value: 1
2020-01-27 17:05:58.035 7209-7209/com.jht.mainapp I/KeyDebugGet:(AppManager.java:571): Key: USE_WORKOUT_TRACKING_BOOL, Value: 1
2020-01-27 17:05:58.039 7209-7209/com.jht.mainapp I/KeyDebugGet:(AppManager.java:570): Key: USE_ASSET_MANAGEMENT_BOOL, Value: 1
2020-01-27 17:05:58.040 7209-7209/com.jht.mainapp I/KeyDebugGet:(AppManager.java:571): Key: USE_WORKOUT_TRACKING_BOOL, Value: 1
2020-01-27 17:05:58.041 7209-7209/com.jht.mainapp I/KeyDebugGet:(AppManager.java:570): Key: USE_ASSET_MANAGEMENT_BOOL, Value: 1
2020-01-27 17:05:58.041 7209-7209/com.jht.mainapp I/KeyDebugGet:(AppManager.java:571): Key: USE_WORKOUT_TRACKING_BOOL, Value: 1
2020-01-27 17:05:58.042 7209-7209/com.jht.mainapp I/KeyDebugGet:(AppManager.java:570): Key: USE_ASSET_MANAGEMENT_BOOL, Value: 1
2020-01-27 17:05:58.043 7209-7209/com.jht.mainapp I/KeyDebugGet:(AppManager.java:571): Key: USE_WORKOUT_TRACKING_BOOL, Value: 1
2020-01-27 17:05:58.044 7209-7209/com.jht.mainapp I/KeyDebugGet:(AppManager.java:433): Key: USE_ASSET_MANAGEMENT_BOOL, Value: 1
2020-01-27 17:05:58.045 7209-7209/com.jht.mainapp I/KeyDebugGet:(AppManager.java:570): Key: USE_ASSET_MANAGEMENT_BOOL, Value: 1
2020-01-27 17:05:58.045 7209-7209/com.jht.mainapp I/KeyDebugGet:(AppManager.java:571): Key: USE_WORKOUT_TRACKING_BOOL, Value: 1
2020-01-27 17:05:58.046 7209-7209/com.jht.mainapp I/KeyDebugGet:(AppManager.java:442): Key: USE_ASSET_MANAGEMENT_BOOL, Value: 1
2020-01-27 17:05:58.047 7209-7209/com.jht.mainapp I/KeyDebugGet:(DapiUser.java:114): Key: DATA_USER_DAPI_UUID_STRING, Value: 00000000-0000-0000-0000-000000000000
2020-01-27 17:05:58.048 7209-7209/com.jht.mainapp I/KeyDebugGet:(AppManager.java:701): Key: DATA_WORKOUT_VIEW_TYPE_STRING, Value: Default
2020-01-27 17:05:58.049 7209-7209/com.jht.mainapp I/KeyDebugGet:(AppManager.java:112): Key: EGYM_ENABLED_BOOL, Value: 0
2020-01-27 17:05:58.050 7209-7209/com.jht.mainapp I/KeyDebugGet:(AppManager.java:570): Key: USE_ASSET_MANAGEMENT_BOOL, Value: 1
2020-01-27 17:05:58.051 7209-7209/com.jht.mainapp I/KeyDebugGet:(AppManager.java:571): Key: USE_WORKOUT_TRACKING_BOOL, Value: 1
2020-01-27 17:05:58.052 7209-7209/com.jht.mainapp I/KeyDebugGet:(AppManager.java:570): Key: USE_ASSET_MANAGEMENT_BOOL, Value: 1
2020-01-27 17:05:58.053 7209-7209/com.jht.mainapp I/KeyDebugGet:(AppManager.java:571): Key: USE_WORKOUT_TRACKING_BOOL, Value: 1
2020-01-27 17:05:58.053 7209-7209/com.jht.mainapp I/KeyDebugGet:(AppManager.java:570): Key: USE_ASSET_MANAGEMENT_BOOL, Value: 1
2020-01-27 17:05:58.054 7209-7209/com.jht.mainapp I/KeyDebugGet:(AppManager.java:571): Key: USE_WORKOUT_TRACKING_BOOL, Value: 1
2020-01-27 17:05:58.055 7209-7209/com.jht.mainapp I/KeyDebugGet:(AppManager.java:570): Key: USE_ASSET_MANAGEMENT_BOOL, Value: 1
2020-01-27 17:05:58.056 7209-7209/com.jht.mainapp I/KeyDebugGet:(AppManager.java:571): Key: USE_WORKOUT_TRACKING_BOOL, Value: 1
2020-01-27 17:05:58.056 7209-7209/com.jht.mainapp I/KeyDebugGet:(AppManager.java:570): Key: USE_ASSET_MANAGEMENT_BOOL, Value: 1
2020-01-27 17:05:58.057 7209-7209/com.jht.mainapp I/KeyDebugGet:(AppManager.java:571): Key: USE_WORKOUT_TRACKING_BOOL, Value: 1
2020-01-27 17:05:58.058 7209-7209/com.jht.mainapp I/KeyDebugGet:(AppManager.java:315): Key: TV_REMOTE_TV_BOOL, Value: 0
2020-01-27 17:05:58.058 7209-7209/com.jht.mainapp I/KeyDebugGet:(AppManager.java:570): Key: USE_ASSET_MANAGEMENT_BOOL, Value: 1
2020-01-27 17:05:58.059 7209-7209/com.jht.mainapp I/KeyDebugGet:(AppManager.java:571): Key: USE_WORKOUT_TRACKING_BOOL, Value: 1
2020-01-27 17:05:58.060 7209-7209/com.jht.mainapp I/KeyDebugGet:(AppManager.java:570): Key: USE_ASSET_MANAGEMENT_BOOL, Value: 1
2020-01-27 17:05:58.061 7209-7209/com.jht.mainapp I/KeyDebugGet:(AppManager.java:571): Key: USE_WORKOUT_TRACKING_BOOL, Value: 1
2020-01-27 17:05:58.061 7209-7209/com.jht.mainapp I/KeyDebugGet:(AppManager.java:570): Key: USE_ASSET_MANAGEMENT_BOOL, Value: 1
2020-01-27 17:05:58.062 7209-7209/com.jht.mainapp I/KeyDebugGet:(AppManager.java:571): Key: USE_WORKOUT_TRACKING_BOOL, Value: 1
2020-01-27 17:05:58.063 7209-7209/com.jht.mainapp I/KeyDebugGet:(AppManager.java:570): Key: USE_ASSET_MANAGEMENT_BOOL, Value: 1
2020-01-27 17:05:58.064 7209-7209/com.jht.mainapp I/KeyDebugGet:(AppManager.java:571): Key: USE_WORKOUT_TRACKING_BOOL, Value: 1
2020-01-27 17:05:58.065 7209-7209/com.jht.mainapp I/KeyDebugGet:(AppManager.java:570): Key: USE_ASSET_MANAGEMENT_BOOL, Value: 1
2020-01-27 17:05:58.066 7209-7209/com.jht.mainapp I/KeyDebugGet:(AppManager.java:571): Key: USE_WORKOUT_TRACKING_BOOL, Value: 1
2020-01-27 17:05:58.067 7209-7209/com.jht.mainapp I/KeyDebugGet:(AppManager.java:570): Key: USE_ASSET_MANAGEMENT_BOOL, Value: 1
2020-01-27 17:05:58.068 7209-7209/com.jht.mainapp I/KeyDebugGet:(AppManager.java:571): Key: USE_WORKOUT_TRACKING_BOOL, Value: 1
2020-01-27 17:05:58.071 7209-7209/com.jht.mainapp I/KeyDebugGet:(AppManager.java:570): Key: USE_ASSET_MANAGEMENT_BOOL, Value: 1
2020-01-27 17:05:58.072 7209-7209/com.jht.mainapp I/KeyDebugGet:(AppManager.java:571): Key: USE_WORKOUT_TRACKING_BOOL, Value: 1
2020-01-27 17:05:58.073 7209-7209/com.jht.mainapp I/KeyDebugGet:(AppManager.java:570): Key: USE_ASSET_MANAGEMENT_BOOL, Value: 1
2020-01-27 17:05:58.074 7209-7209/com.jht.mainapp I/KeyDebugGet:(AppManager.java:571): Key: USE_WORKOUT_TRACKING_BOOL, Value: 1
2020-01-27 17:05:58.075 7209-7209/com.jht.mainapp I/KeyDebugGet:(AppManager.java:570): Key: USE_ASSET_MANAGEMENT_BOOL, Value: 1
2020-01-27 17:05:58.076 7209-7209/com.jht.mainapp I/KeyDebugGet:(AppManager.java:571): Key: USE_WORKOUT_TRACKING_BOOL, Value: 1
2020-01-27 17:05:58.077 7209-7209/com.jht.mainapp I/KeyDebugGet:(AppManager.java:570): Key: USE_ASSET_MANAGEMENT_BOOL, Value: 1
2020-01-27 17:05:58.078 7209-7209/com.jht.mainapp I/KeyDebugGet:(AppManager.java:571): Key: USE_WORKOUT_TRACKING_BOOL, Value: 1
2020-01-27 17:05:58.079 7209-7209/com.jht.mainapp I/KeyDebugGet:(AppManager.java:433): Key: USE_ASSET_MANAGEMENT_BOOL, Value: 1
2020-01-27 17:05:58.080 7209-7209/com.jht.mainapp I/KeyDebugGet:(AppManager.java:570): Key: USE_ASSET_MANAGEMENT_BOOL, Value: 1
2020-01-27 17:05:58.080 7209-7209/com.jht.mainapp I/KeyDebugGet:(AppManager.java:571): Key: USE_WORKOUT_TRACKING_BOOL, Value: 1
2020-01-27 17:05:58.081 7209-7209/com.jht.mainapp I/KeyDebugGet:(AppManager.java:442): Key: USE_ASSET_MANAGEMENT_BOOL, Value: 1
2020-01-27 17:05:58.082 7209-7209/com.jht.mainapp I/KeyDebugGet:(DapiUser.java:114): Key: DATA_USER_DAPI_UUID_STRING, Value: 00000000-0000-0000-0000-000000000000
2020-01-27 17:05:58.113 7209-7209/com.jht.mainapp I/KeyDebugGet:(AppManager.java:701): Key: DATA_WORKOUT_VIEW_TYPE_STRING, Value: Default
2020-01-27 17:05:58.114 7209-7209/com.jht.mainapp I/KeyDebugGet:(AppManager.java:112): Key: EGYM_ENABLED_BOOL, Value: 0
2020-01-27 17:05:58.115 7209-7209/com.jht.mainapp I/KeyDebugGet:(AppManager.java:570): Key: USE_ASSET_MANAGEMENT_BOOL, Value: 1
2020-01-27 17:05:58.116 7209-7209/com.jht.mainapp I/KeyDebugGet:(AppManager.java:571): Key: USE_WORKOUT_TRACKING_BOOL, Value: 1
2020-01-27 17:05:58.117 7209-7209/com.jht.mainapp I/KeyDebugGet:(AppManager.java:570): Key: USE_ASSET_MANAGEMENT_BOOL, Value: 1
2020-01-27 17:05:58.118 7209-7209/com.jht.mainapp I/KeyDebugGet:(AppManager.java:571): Key: USE_WORKOUT_TRACKING_BOOL, Value: 1
2020-01-27 17:05:58.119 7209-7209/com.jht.mainapp I/KeyDebugGet:(AppManager.java:570): Key: USE_ASSET_MANAGEMENT_BOOL, Value: 1
2020-01-27 17:05:58.120 7209-7209/com.jht.mainapp I/KeyDebugGet:(AppManager.java:571): Key: USE_WORKOUT_TRACKING_BOOL, Value: 1
2020-01-27 17:05:58.121 7209-7209/com.jht.mainapp I/KeyDebugGet:(AppManager.java:570): Key: USE_ASSET_MANAGEMENT_BOOL, Value: 1
2020-01-27 17:05:58.122 7209-7209/com.jht.mainapp I/KeyDebugGet:(AppManager.java:571): Key: USE_WORKOUT_TRACKING_BOOL, Value: 1
2020-01-27 17:05:58.122 6327-6917/com.jhtp.lcbservice I/KeyDebugGet:(LCBService.java:477): Key: DATA_USER_WEIGHT_KG_FLOAT, Value: 68.0388
2020-01-27 17:05:58.122 6327-6917/com.jhtp.lcbservice I/KeyDebugPut:(LCBService.java:500): Key: DATA_TARGET_SPEED_KPH_FLOAT, Value: 0.0
2020-01-27 17:05:58.122 7209-7209/com.jht.mainapp I/KeyDebugGet:(AppManager.java:570): Key: USE_ASSET_MANAGEMENT_BOOL, Value: 1
2020-01-27 17:05:58.123 6360-6360/com.jhtp.workoutcontrollerservice I/KeyDebugCallback:(StatUpdating.java:87): Key: DATA_TARGET_SPEED_KPH_FLOAT, Value: 0.0
2020-01-27 17:05:58.123 7209-7209/com.jht.mainapp I/KeyDebugGet:(AppManager.java:571): Key: USE_WORKOUT_TRACKING_BOOL, Value: 1
2020-01-27 17:05:58.124 6360-6360/com.jhtp.workoutcontrollerservice I/KeyDebugGet:(StatUpdating.java:309): Key: DISPLAY_METRIC_VALUES_BOOL, Value: 0
2020-01-27 17:05:58.124 6360-6360/com.jhtp.workoutcontrollerservice I/KeyDebugPut:(StatUpdating.java:311): Key: DATA_PACE_SEC_PER_KM_INT, Value: 0
2020-01-27 17:05:58.124 7209-7209/com.jht.mainapp I/KeyDebugGet:(AppManager.java:315): Key: TV_REMOTE_TV_BOOL, Value: 0
2020-01-27 17:05:58.124 6327-6917/com.jhtp.lcbservice I/KeyDebugPut:(LCBService.java:501): Key: DATA_ACTUAL_SPEED_KPH_FLOAT, Value: 0.0
2020-01-27 17:05:58.124 6360-6360/com.jhtp.workoutcontrollerservice I/KeyDebugPut:(StatUpdating.java:312): Key: DATA_WORKOUT_SPEED_KPH_FLOAT, Value: 0.0
2020-01-27 17:05:58.125 7209-7209/com.jht.mainapp I/KeyDebugGet:(AppManager.java:570): Key: USE_ASSET_MANAGEMENT_BOOL, Value: 1
2020-01-27 17:05:58.125 6360-6360/com.jhtp.workoutcontrollerservice I/KeyDebugCallback:(StatUpdating.java:72): Key: DATA_PACE_SEC_PER_KM_INT, Value: 0
2020-01-27 17:05:58.126 7209-7209/com.jht.mainapp I/KeyDebugGet:(AppManager.java:571): Key: USE_WORKOUT_TRACKING_BOOL, Value: 1
2020-01-27 17:05:58.126 6327-6917/com.jhtp.lcbservice I/KeyDebugPut:(LCBService.java:502): Key: DATA_TARGET_INCLINE_FLOAT, Value: 0.0
2020-01-27 17:05:58.127 7209-7209/com.jht.mainapp I/KeyDebugGet:(AppManager.java:570): Key: USE_ASSET_MANAGEMENT_BOOL, Value: 1
2020-01-27 17:05:58.127 6327-6917/com.jhtp.lcbservice I/KeyDebugPut:(LCBService.java:503): Key: DATA_ACTUAL_INCLINE_FLOAT, Value: 0.0
2020-01-27 17:05:58.128 6360-6360/com.jhtp.workoutcontrollerservice I/KeyDebugCallback:(StatUpdating.java:88): Key: DATA_ACTUAL_SPEED_KPH_FLOAT, Value: 0.0
2020-01-27 17:05:58.128 6360-6360/com.jhtp.workoutcontrollerservice I/KeyDebugCallback:(StatUpdating.java:91): Key: DATA_TARGET_INCLINE_FLOAT, Value: 0.0
2020-01-27 17:05:58.128 7209-7209/com.jht.mainapp I/KeyDebugGet:(AppManager.java:571): Key: USE_WORKOUT_TRACKING_BOOL, Value: 1
2020-01-27 17:05:58.129 6327-6917/com.jhtp.lcbservice I/KeyDebugPut:(LCBService.java:504): Key: DATA_INCLINE_ADC_INT, Value: 0
2020-01-27 17:05:58.129 6327-6917/com.jhtp.lcbservice I/KeyDebugPut:(LCBService.java:505): Key: DATA_RESISTANCE_INT, Value: 1
2020-01-27 17:05:58.130 6360-6360/com.jhtp.workoutcontrollerservice I/KeyDebugCallback:(StatUpdating.java:92): Key: DATA_RESISTANCE_INT, Value: 1
2020-01-27 17:05:58.130 6327-6917/com.jhtp.lcbservice I/KeyDebugPut:(LCBService.java:506): Key: DATA_RPM_INT, Value: 0
2020-01-27 17:05:58.131 7209-7209/com.jht.mainapp I/KeyDebugGet:(AppManager.java:570): Key: USE_ASSET_MANAGEMENT_BOOL, Value: 1
2020-01-27 17:05:58.132 6341-6341/com.jhtp.halservice I/KeyDebugCallback:(HALService.java:162): Key: DATA_RPM_INT, Value: 0
2020-01-27 17:05:58.132 6360-6360/com.jhtp.workoutcontrollerservice I/KeyDebugCallback:(StatUpdating.java:89): Key: DATA_RPM_INT, Value: 0
2020-01-27 17:05:58.132 6360-6360/com.jhtp.workoutcontrollerservice I/KeyDebugCallback:(WorkoutControllerService.java:319): Key: DATA_RPM_INT, Value: 0
2020-01-27 17:05:58.132 6341-6341/com.jhtp.halservice I/KeyDebugGet:(HALService.java:211): Key: IS_DEMO_MODE_BOOL, Value: 1
2020-01-27 17:05:58.132 6327-6917/com.jhtp.lcbservice I/KeyDebugPut:(LCBService.java:507): Key: DATA_SPM_INT, Value: 0
2020-01-27 17:05:58.133 6341-6341/com.jhtp.halservice I/KeyDebugGet:(HALService.java:243): Key: DATA_IS_SAFE_TO_START_WORKOUT_BOOL, Value: 1
2020-01-27 17:05:58.133 7209-7209/com.jht.mainapp I/KeyDebugGet:(AppManager.java:571): Key: USE_WORKOUT_TRACKING_BOOL, Value: 1
2020-01-27 17:05:58.133 6341-6341/com.jhtp.halservice I/KeyDebugCallback:(HALService.java:163): Key: DATA_SPM_INT, Value: 0
2020-01-27 17:05:58.133 6360-6360/com.jhtp.workoutcontrollerservice I/KeyDebugCallback:(StatUpdating.java:90): Key: DATA_SPM_INT, Value: 0
2020-01-27 17:05:58.134 6341-6341/com.jhtp.halservice I/KeyDebugGet:(HALService.java:211): Key: IS_DEMO_MODE_BOOL, Value: 1
2020-01-27 17:05:58.134 6327-6917/com.jhtp.lcbservice I/KeyDebugPut:(LCBService.java:508): Key: DATA_TARGET_SPM_INT, Value: 0
2020-01-27 17:05:58.134 7209-7209/com.jht.mainapp I/KeyDebugGet:(AppManager.java:570): Key: USE_ASSET_MANAGEMENT_BOOL, Value: 1
2020-01-27 17:05:58.134 6341-6341/com.jhtp.halservice I/KeyDebugGet:(HALService.java:243): Key: DATA_IS_SAFE_TO_START_WORKOUT_BOOL, Value: 1
2020-01-27 17:05:58.135 7209-7209/com.jht.mainapp I/KeyDebugGet:(AppManager.java:571): Key: USE_WORKOUT_TRACKING_BOOL, Value: 1
2020-01-27 17:05:58.136 7209-7209/com.jht.mainapp I/KeyDebugGet:(AppManager.java:570): Key: USE_ASSET_MANAGEMENT_BOOL, Value: 1
2020-01-27 17:05:58.136 7209-7209/com.jht.mainapp I/KeyDebugGet:(AppManager.java:571): Key: USE_WORKOUT_TRACKING_BOOL, Value: 1
2020-01-27 17:05:58.137 6327-6917/com.jhtp.lcbservice I/KeyDebugPut:(LCBService.java:509): Key: DATA_WATTS_FLOAT, Value: 0.0
2020-01-27 17:05:58.138 7209-7209/com.jht.mainapp I/KeyDebugGet:(AppManager.java:570): Key: USE_ASSET_MANAGEMENT_BOOL, Value: 1
2020-01-27 17:05:58.138 6360-6360/com.jhtp.workoutcontrollerservice I/KeyDebugCallback:(StatUpdating.java:94): Key: DATA_WATTS_FLOAT, Value: 0.0
2020-01-27 17:05:58.139 6327-6917/com.jhtp.lcbservice I/KeyDebugPut:(LCBService.java:510): Key: DATA_CALORIES_PER_SEC_FLOAT, Value: 0.0
2020-01-27 17:05:58.139 7209-7209/com.jht.mainapp I/KeyDebugGet:(AppManager.java:571): Key: USE_WORKOUT_TRACKING_BOOL, Value: 1
2020-01-27 17:05:58.140 6360-6360/com.jhtp.workoutcontrollerservice I/KeyDebugCallback:(StatUpdating.java:93): Key: DATA_CALORIES_PER_SEC_FLOAT, Value: 0.0
2020-01-27 17:05:58.140 6360-6360/com.jhtp.workoutcontrollerservice I/KeyDebugPut:(StatUpdating.java:483): Key: DATA_CALORIES_PER_HOUR_INT, Value: 0
2020-01-27 17:05:58.140 7209-7209/com.jht.mainapp I/KeyDebugGet:(AppManager.java:570): Key: USE_ASSET_MANAGEMENT_BOOL, Value: 1
2020-01-27 17:05:58.141 7209-7209/com.jht.mainapp I/KeyDebugGet:(AppManager.java:571): Key: USE_WORKOUT_TRACKING_BOOL, Value: 1
2020-01-27 17:05:58.141 6327-6917/com.jhtp.lcbservice I/KeyDebugPut:(LCBService.java:511): Key: DATA_METS_FLOAT, Value: 1.0
2020-01-27 17:05:58.142 7209-7209/com.jht.mainapp I/KeyDebugGet:(AppManager.java:570): Key: USE_ASSET_MANAGEMENT_BOOL, Value: 1
2020-01-27 17:05:58.142 6360-6360/com.jhtp.workoutcontrollerservice I/KeyDebugCallback:(StatUpdating.java:95): Key: DATA_METS_FLOAT, Value: 1.0
2020-01-27 17:05:58.143 7209-7209/com.jht.mainapp I/KeyDebugGet:(AppManager.java:571): Key: USE_WORKOUT_TRACKING_BOOL, Value: 1
2020-01-27 17:05:58.143 7209-7209/com.jht.mainapp I/KeyDebugGet:(AppManager.java:570): Key: USE_ASSET_MANAGEMENT_BOOL, Value: 1
2020-01-27 17:05:58.144 7209-7209/com.jht.mainapp I/KeyDebugGet:(AppManager.java:571): Key: USE_WORKOUT_TRACKING_BOOL, Value: 1
2020-01-27 17:05:58.145 7209-7209/com.jht.mainapp I/KeyDebugGet:(AppManager.java:570): Key: USE_ASSET_MANAGEMENT_BOOL, Value: 1
2020-01-27 17:05:58.145 7209-7209/com.jht.mainapp I/KeyDebugGet:(AppManager.java:571): Key: USE_WORKOUT_TRACKING_BOOL, Value: 1
2020-01-27 17:05:58.146 7209-7209/com.jht.mainapp I/KeyDebugGet:(AppManager.java:433): Key: USE_ASSET_MANAGEMENT_BOOL, Value: 1
2020-01-27 17:05:58.147 7209-7209/com.jht.mainapp I/KeyDebugGet:(AppManager.java:570): Key: USE_ASSET_MANAGEMENT_BOOL, Value: 1
2020-01-27 17:05:58.147 7209-7209/com.jht.mainapp I/KeyDebugGet:(AppManager.java:571): Key: USE_WORKOUT_TRACKING_BOOL, Value: 1
2020-01-27 17:05:58.149 7209-7209/com.jht.mainapp I/KeyDebugGet:(AppManager.java:442): Key: USE_ASSET_MANAGEMENT_BOOL, Value: 1
2020-01-27 17:05:58.151 7209-7209/com.jht.mainapp I/KeyDebugGet:(DapiUser.java:114): Key: DATA_USER_DAPI_UUID_STRING, Value: 00000000-0000-0000-0000-000000000000
2020-01-27 17:05:58.153 7209-7209/com.jht.mainapp I/KeyDebugGet:(AppManager.java:701): Key: DATA_WORKOUT_VIEW_TYPE_STRING, Value: Default
2020-01-27 17:05:58.154 7209-7209/com.jht.mainapp I/KeyDebugGet:(AppManager.java:112): Key: EGYM_ENABLED_BOOL, Value: 0
2020-01-27 17:05:58.155 7209-7209/com.jht.mainapp I/KeyDebugGet:(AppManager.java:570): Key: USE_ASSET_MANAGEMENT_BOOL, Value: 1
2020-01-27 17:05:58.156 7209-7209/com.jht.mainapp I/KeyDebugGet:(AppManager.java:571): Key: USE_WORKOUT_TRACKING_BOOL, Value: 1
2020-01-27 17:05:58.156 7209-7209/com.jht.mainapp I/KeyDebugGet:(AppManager.java:570): Key: USE_ASSET_MANAGEMENT_BOOL, Value: 1
2020-01-27 17:05:58.157 7209-7209/com.jht.mainapp I/KeyDebugGet:(AppManager.java:571): Key: USE_WORKOUT_TRACKING_BOOL, Value: 1
2020-01-27 17:05:58.158 7209-7209/com.jht.mainapp I/KeyDebugGet:(AppManager.java:570): Key: USE_ASSET_MANAGEMENT_BOOL, Value: 1
2020-01-27 17:05:58.159 7209-7209/com.jht.mainapp I/KeyDebugGet:(AppManager.java:571): Key: USE_WORKOUT_TRACKING_BOOL, Value: 1
2020-01-27 17:05:58.160 7209-7209/com.jht.mainapp I/KeyDebugGet:(AppManager.java:570): Key: USE_ASSET_MANAGEMENT_BOOL, Value: 1
2020-01-27 17:05:58.161 7209-7209/com.jht.mainapp I/KeyDebugGet:(AppManager.java:571): Key: USE_WORKOUT_TRACKING_BOOL, Value: 1
2020-01-27 17:05:58.162 7209-7209/com.jht.mainapp I/KeyDebugGet:(AppManager.java:570): Key: USE_ASSET_MANAGEMENT_BOOL, Value: 1
2020-01-27 17:05:58.163 7209-7209/com.jht.mainapp I/KeyDebugGet:(AppManager.java:571): Key: USE_WORKOUT_TRACKING_BOOL, Value: 1
2020-01-27 17:05:58.164 7209-7209/com.jht.mainapp I/KeyDebugGet:(AppManager.java:315): Key: TV_REMOTE_TV_BOOL, Value: 0
2020-01-27 17:05:58.165 7209-7209/com.jht.mainapp I/KeyDebugGet:(AppManager.java:570): Key: USE_ASSET_MANAGEMENT_BOOL, Value: 1
2020-01-27 17:05:58.166 7209-7209/com.jht.mainapp I/KeyDebugGet:(AppManager.java:571): Key: USE_WORKOUT_TRACKING_BOOL, Value: 1
2020-01-27 17:05:58.167 7209-7209/com.jht.mainapp I/KeyDebugGet:(AppManager.java:570): Key: USE_ASSET_MANAGEMENT_BOOL, Value: 1
2020-01-27 17:05:58.168 7209-7209/com.jht.mainapp I/KeyDebugGet:(AppManager.java:571): Key: USE_WORKOUT_TRACKING_BOOL, Value: 1
2020-01-27 17:05:58.169 7209-7209/com.jht.mainapp I/KeyDebugGet:(AppManager.java:570): Key: USE_ASSET_MANAGEMENT_BOOL, Value: 1
2020-01-27 17:05:58.169 7209-7209/com.jht.mainapp I/KeyDebugGet:(AppManager.java:571): Key: USE_WORKOUT_TRACKING_BOOL, Value: 1
2020-01-27 17:05:58.170 7209-7209/com.jht.mainapp I/KeyDebugGet:(AppManager.java:570): Key: USE_ASSET_MANAGEMENT_BOOL, Value: 1
2020-01-27 17:05:58.171 7209-7209/com.jht.mainapp I/KeyDebugGet:(AppManager.java:571): Key: USE_WORKOUT_TRACKING_BOOL, Value: 1
2020-01-27 17:05:58.172 7209-7209/com.jht.mainapp I/KeyDebugGet:(AppManager.java:570): Key: USE_ASSET_MANAGEMENT_BOOL, Value: 1
2020-01-27 17:05:58.173 7209-7209/com.jht.mainapp I/KeyDebugGet:(AppManager.java:571): Key: USE_WORKOUT_TRACKING_BOOL, Value: 1
2020-01-27 17:05:58.174 7209-7209/com.jht.mainapp I/KeyDebugGet:(AppManager.java:570): Key: USE_ASSET_MANAGEMENT_BOOL, Value: 1
2020-01-27 17:05:58.175 7209-7209/com.jht.mainapp I/KeyDebugGet:(AppManager.java:571): Key: USE_WORKOUT_TRACKING_BOOL, Value: 1
2020-01-27 17:05:58.176 7209-7209/com.jht.mainapp I/KeyDebugGet:(AppManager.java:570): Key: USE_ASSET_MANAGEMENT_BOOL, Value: 1
2020-01-27 17:05:58.177 7209-7209/com.jht.mainapp I/KeyDebugGet:(AppManager.java:571): Key: USE_WORKOUT_TRACKING_BOOL, Value: 1
2020-01-27 17:05:58.178 7209-7209/com.jht.mainapp I/KeyDebugGet:(AppManager.java:570): Key: USE_ASSET_MANAGEMENT_BOOL, Value: 1
2020-01-27 17:05:58.179 7209-7209/com.jht.mainapp I/KeyDebugGet:(AppManager.java:571): Key: USE_WORKOUT_TRACKING_BOOL, Value: 1
2020-01-27 17:05:58.180 7209-7209/com.jht.mainapp I/KeyDebugGet:(AppManager.java:570): Key: USE_ASSET_MANAGEMENT_BOOL, Value: 1
2020-01-27 17:05:58.181 7209-7209/com.jht.mainapp I/KeyDebugGet:(AppManager.java:571): Key: USE_WORKOUT_TRACKING_BOOL, Value: 1
2020-01-27 17:05:58.181 7209-7209/com.jht.mainapp I/KeyDebugGet:(AppManager.java:570): Key: USE_ASSET_MANAGEMENT_BOOL, Value: 1
2020-01-27 17:05:58.182 7209-7209/com.jht.mainapp I/KeyDebugGet:(AppManager.java:571): Key: USE_WORKOUT_TRACKING_BOOL, Value: 1
2020-01-27 17:05:58.183 7209-7209/com.jht.mainapp I/KeyDebugGet:(AppManager.java:433): Key: USE_ASSET_MANAGEMENT_BOOL, Value: 1
2020-01-27 17:05:58.184 7209-7209/com.jht.mainapp I/KeyDebugGet:(AppManager.java:570): Key: USE_ASSET_MANAGEMENT_BOOL, Value: 1
2020-01-27 17:05:58.185 7209-7209/com.jht.mainapp I/KeyDebugGet:(AppManager.java:571): Key: USE_WORKOUT_TRACKING_BOOL, Value: 1
2020-01-27 17:05:58.186 7209-7209/com.jht.mainapp I/KeyDebugGet:(AppManager.java:442): Key: USE_ASSET_MANAGEMENT_BOOL, Value: 1
2020-01-27 17:05:58.188 7209-7209/com.jht.mainapp I/KeyDebugGet:(DapiUser.java:114): Key: DATA_USER_DAPI_UUID_STRING, Value: 00000000-0000-0000-0000-000000000000
2020-01-27 17:05:58.200 6382-6382/com.jhtp.uiservice I/KeyDebugCallback:(UiService.java:91): Key: SHOW_APP_RESIZE_BAR_ACTION_BOOL, Value: false
2020-01-27 17:05:58.201 6382-6382/com.jhtp.uiservice I/KeyDebugPut:(WorkoutBottomPanel.java:223): Key: IS_APP_BAR_EXPANDED_BOOL, Value: false
2020-01-27 17:05:58.203 7209-7209/com.jht.mainapp I/KeyDebugGet:(AppManager.java:701): Key: DATA_WORKOUT_VIEW_TYPE_STRING, Value: Default
2020-01-27 17:05:58.203 6382-6382/com.jhtp.uiservice I/KeyDebugCallback:(UiService.java:83): Key: ACTION_SHOW_WORKOUT_PANELS_BOOL, Value: true
2020-01-27 17:05:58.203 7209-7209/com.jht.mainapp I/KeyDebugGet:(AppManager.java:112): Key: EGYM_ENABLED_BOOL, Value: 0
2020-01-27 17:05:58.204 6382-6382/com.jhtp.uiservice I/KeyDebugGet:(StatManager.java:448): Key: DATA_COL_1_STAT_SELECTED_ORDER_INT, Value: -2147483648
2020-01-27 17:05:58.204 7209-7209/com.jht.mainapp I/KeyDebugGet:(AppManager.java:570): Key: USE_ASSET_MANAGEMENT_BOOL, Value: 1
2020-01-27 17:05:58.205 6382-6382/com.jhtp.uiservice I/KeyDebugGet:(StatManager.java:450): Key: DATA_COL_2_STAT_SELECTED_ORDER_INT, Value: -2147483648
2020-01-27 17:05:58.205 7209-7209/com.jht.mainapp I/KeyDebugGet:(AppManager.java:571): Key: USE_WORKOUT_TRACKING_BOOL, Value: 1
2020-01-27 17:05:58.205 7209-7209/com.jht.mainapp I/KeyDebugGet:(AppManager.java:570): Key: USE_ASSET_MANAGEMENT_BOOL, Value: 1
2020-01-27 17:05:58.207 7209-7209/com.jht.mainapp I/KeyDebugGet:(AppManager.java:571): Key: USE_WORKOUT_TRACKING_BOOL, Value: 1
2020-01-27 17:05:58.208 7209-7209/com.jht.mainapp I/KeyDebugGet:(AppManager.java:570): Key: USE_ASSET_MANAGEMENT_BOOL, Value: 1
2020-01-27 17:05:58.210 7209-7209/com.jht.mainapp I/KeyDebugGet:(AppManager.java:571): Key: USE_WORKOUT_TRACKING_BOOL, Value: 1
2020-01-27 17:05:58.210 6382-6382/com.jhtp.uiservice I/KeyDebugGet:(StatManager.java:452): Key: DATA_COL_3_STAT_SELECTED_ORDER_INT, Value: -2147483648
2020-01-27 17:05:58.211 6382-6382/com.jhtp.uiservice I/KeyDebugGet:(StatManager.java:454): Key: DATA_COL_4_STAT_SELECTED_ORDER_INT, Value: 1
2020-01-27 17:05:58.212 6382-6382/com.jhtp.uiservice I/KeyDebugGet:(StatManager.java:456): Key: DATA_COL_5_STAT_SELECTED_ORDER_INT, Value: -2147483648
2020-01-27 17:05:58.212 7209-7209/com.jht.mainapp I/KeyDebugGet:(AppManager.java:570): Key: USE_ASSET_MANAGEMENT_BOOL, Value: 1
2020-01-27 17:05:58.213 7209-7209/com.jht.mainapp I/KeyDebugGet:(AppManager.java:571): Key: USE_WORKOUT_TRACKING_BOOL, Value: 1
2020-01-27 17:05:58.214 6382-6382/com.jhtp.uiservice I/KeyDebugGet:(StatPanelManager.java:129): Key: GYM_KIT_STATUS_INT, Value: 2
2020-01-27 17:05:58.214 7209-7209/com.jht.mainapp I/KeyDebugGet:(AppManager.java:570): Key: USE_ASSET_MANAGEMENT_BOOL, Value: 1
2020-01-27 17:05:58.215 7209-7209/com.jht.mainapp I/KeyDebugGet:(AppManager.java:571): Key: USE_WORKOUT_TRACKING_BOOL, Value: 1
2020-01-27 17:05:58.216 6382-6382/com.jhtp.uiservice I/KeyDebugGet:(WorkoutBottomPanel.java:308): Key: DATA_GOAL_VALUE_FLOAT, Value: 0.0
2020-01-27 17:05:58.216 7209-7209/com.jht.mainapp I/KeyDebugGet:(AppManager.java:315): Key: TV_REMOTE_TV_BOOL, Value: 0
2020-01-27 17:05:58.216 7209-7209/com.jht.mainapp I/KeyDebugGet:(AppManager.java:570): Key: USE_ASSET_MANAGEMENT_BOOL, Value: 1
2020-01-27 17:05:58.217 6382-6382/com.jhtp.uiservice I/KeyDebugGet:(WorkoutBottomPanel.java:309): Key: DATA_GOAL_REMAINING_FLOAT, Value: 0.0
2020-01-27 17:05:58.217 7209-7209/com.jht.mainapp I/KeyDebugGet:(AppManager.java:571): Key: USE_WORKOUT_TRACKING_BOOL, Value: 1
2020-01-27 17:05:58.217 6382-6382/com.jhtp.uiservice I/KeyDebugGet:(WorkoutBottomPanel.java:181): Key: DATA_RUN_STATE_INT, Value: 0
2020-01-27 17:05:58.218 7209-7209/com.jht.mainapp I/KeyDebugGet:(AppManager.java:570): Key: USE_ASSET_MANAGEMENT_BOOL, Value: 1
2020-01-27 17:05:58.219 7209-7209/com.jht.mainapp I/KeyDebugGet:(AppManager.java:571): Key: USE_WORKOUT_TRACKING_BOOL, Value: 1
2020-01-27 17:05:58.220 7209-7209/com.jht.mainapp I/KeyDebugGet:(AppManager.java:570): Key: USE_ASSET_MANAGEMENT_BOOL, Value: 1
2020-01-27 17:05:58.221 7209-7209/com.jht.mainapp I/KeyDebugGet:(AppManager.java:571): Key: USE_WORKOUT_TRACKING_BOOL, Value: 1
2020-01-27 17:05:58.222 7209-7209/com.jht.mainapp I/KeyDebugGet:(AppManager.java:570): Key: USE_ASSET_MANAGEMENT_BOOL, Value: 1
2020-01-27 17:05:58.222 7209-7209/com.jht.mainapp I/KeyDebugGet:(AppManager.java:571): Key: USE_WORKOUT_TRACKING_BOOL, Value: 1
2020-01-27 17:05:58.223 7209-7209/com.jht.mainapp I/KeyDebugGet:(AppManager.java:570): Key: USE_ASSET_MANAGEMENT_BOOL, Value: 1
2020-01-27 17:05:58.224 7209-7209/com.jht.mainapp I/KeyDebugGet:(AppManager.java:571): Key: USE_WORKOUT_TRACKING_BOOL, Value: 1
2020-01-27 17:05:58.224 6382-6382/com.jhtp.uiservice I/KeyDebugGet:(WorkoutPanelManager.java:215): Key: WORKOUT_PANELS_SHOWN_BOOL, Value: 1
2020-01-27 17:05:58.225 7209-7209/com.jht.mainapp I/KeyDebugGet:(AppManager.java:570): Key: USE_ASSET_MANAGEMENT_BOOL, Value: 1
2020-01-27 17:05:58.225 7209-7209/com.jht.mainapp I/KeyDebugGet:(AppManager.java:571): Key: USE_WORKOUT_TRACKING_BOOL, Value: 1
2020-01-27 17:05:58.226 7209-7209/com.jht.mainapp I/KeyDebugGet:(AppManager.java:570): Key: USE_ASSET_MANAGEMENT_BOOL, Value: 1
2020-01-27 17:05:58.227 7209-7209/com.jht.mainapp I/KeyDebugGet:(AppManager.java:571): Key: USE_WORKOUT_TRACKING_BOOL, Value: 1
2020-01-27 17:05:58.228 6190-6726/com.jhtp.loggerservice I/KeyDebugGet:(AnalyticsManager.java:328): Key: IS_BT_SINK_CONNECTED, Value: 0
2020-01-27 17:05:58.228 7209-7209/com.jht.mainapp I/KeyDebugGet:(AppManager.java:570): Key: USE_ASSET_MANAGEMENT_BOOL, Value: 1
2020-01-27 17:05:58.229 6190-6726/com.jhtp.loggerservice I/KeyDebugGet:(AnalyticsManager.java:330): Key: GYM_KIT_STATUS_INT, Value: 2
2020-01-27 17:05:58.229 6190-6726/com.jhtp.loggerservice I/KeyDebugGet:(AnalyticsManager.java:332): Key: DATA_HEART_RATE_INT, Value: 0
2020-01-27 17:05:58.229 7209-7209/com.jht.mainapp I/KeyDebugGet:(AppManager.java:571): Key: USE_WORKOUT_TRACKING_BOOL, Value: 1
2020-01-27 17:05:58.230 7209-7209/com.jht.mainapp I/KeyDebugGet:(AppManager.java:570): Key: USE_ASSET_MANAGEMENT_BOOL, Value: 1
2020-01-27 17:05:58.230 6190-6726/com.jhtp.loggerservice I/KeyDebugGet:(AnalyticsManager.java:335): Key: BLUETOOTH_CONNECTED_BOOL, Value: 0
2020-01-27 17:05:58.230 6190-6726/com.jhtp.loggerservice I/KeyDebugGet:(AnalyticsManager.java:337): Key: DATA_IS_HEADPHONE_CONNECTED_BOOL, Value: 0
2020-01-27 17:05:58.230 7209-7209/com.jht.mainapp I/KeyDebugGet:(AppManager.java:571): Key: USE_WORKOUT_TRACKING_BOOL, Value: 1
2020-01-27 17:05:58.231 7209-7209/com.jht.mainapp I/KeyDebugGet:(AppManager.java:570): Key: USE_ASSET_MANAGEMENT_BOOL, Value: 1
2020-01-27 17:05:58.232 7209-7209/com.jht.mainapp I/KeyDebugGet:(AppManager.java:571): Key: USE_WORKOUT_TRACKING_BOOL, Value: 1
2020-01-27 17:05:58.234 7209-7209/com.jht.mainapp I/KeyDebugGet:(AppManager.java:433): Key: USE_ASSET_MANAGEMENT_BOOL, Value: 1
2020-01-27 17:05:58.239 7209-7209/com.jht.mainapp I/KeyDebugGet:(AppManager.java:570): Key: USE_ASSET_MANAGEMENT_BOOL, Value: 1
2020-01-27 17:05:58.241 7209-7209/com.jht.mainapp I/KeyDebugGet:(AppManager.java:571): Key: USE_WORKOUT_TRACKING_BOOL, Value: 1
2020-01-27 17:05:58.242 7209-7209/com.jht.mainapp I/KeyDebugGet:(AppManager.java:442): Key: USE_ASSET_MANAGEMENT_BOOL, Value: 1
2020-01-27 17:05:58.243 7209-7209/com.jht.mainapp I/KeyDebugGet:(DapiUser.java:114): Key: DATA_USER_DAPI_UUID_STRING, Value: 00000000-0000-0000-0000-000000000000
2020-01-27 17:05:58.244 7209-7209/com.jht.mainapp I/KeyDebugGet:(AppManager.java:701): Key: DATA_WORKOUT_VIEW_TYPE_STRING, Value: Default
2020-01-27 17:05:58.245 7209-7209/com.jht.mainapp I/KeyDebugGet:(AppManager.java:112): Key: EGYM_ENABLED_BOOL, Value: 0
2020-01-27 17:05:58.246 7209-7209/com.jht.mainapp I/KeyDebugGet:(AppManager.java:570): Key: USE_ASSET_MANAGEMENT_BOOL, Value: 1
2020-01-27 17:05:58.246 7209-7209/com.jht.mainapp I/KeyDebugGet:(AppManager.java:571): Key: USE_WORKOUT_TRACKING_BOOL, Value: 1
2020-01-27 17:05:58.247 7209-7209/com.jht.mainapp I/KeyDebugGet:(AppManager.java:570): Key: USE_ASSET_MANAGEMENT_BOOL, Value: 1
2020-01-27 17:05:58.248 7209-7209/com.jht.mainapp I/KeyDebugGet:(AppManager.java:571): Key: USE_WORKOUT_TRACKING_BOOL, Value: 1
2020-01-27 17:05:58.249 7209-7209/com.jht.mainapp I/KeyDebugGet:(AppManager.java:570): Key: USE_ASSET_MANAGEMENT_BOOL, Value: 1
2020-01-27 17:05:58.250 7209-7209/com.jht.mainapp I/KeyDebugGet:(AppManager.java:571): Key: USE_WORKOUT_TRACKING_BOOL, Value: 1
2020-01-27 17:05:58.251 7209-7209/com.jht.mainapp I/KeyDebugGet:(AppManager.java:570): Key: USE_ASSET_MANAGEMENT_BOOL, Value: 1
2020-01-27 17:05:58.252 7209-7209/com.jht.mainapp I/KeyDebugGet:(AppManager.java:571): Key: USE_WORKOUT_TRACKING_BOOL, Value: 1
2020-01-27 17:05:58.253 7209-7209/com.jht.mainapp I/KeyDebugGet:(AppManager.java:570): Key: USE_ASSET_MANAGEMENT_BOOL, Value: 1
2020-01-27 17:05:58.253 7209-7209/com.jht.mainapp I/KeyDebugGet:(AppManager.java:571): Key: USE_WORKOUT_TRACKING_BOOL, Value: 1
2020-01-27 17:05:58.254 7209-7209/com.jht.mainapp I/KeyDebugGet:(AppManager.java:315): Key: TV_REMOTE_TV_BOOL, Value: 0
2020-01-27 17:05:58.255 7209-7209/com.jht.mainapp I/KeyDebugGet:(AppManager.java:570): Key: USE_ASSET_MANAGEMENT_BOOL, Value: 1
2020-01-27 17:05:58.256 7209-7209/com.jht.mainapp I/KeyDebugGet:(AppManager.java:571): Key: USE_WORKOUT_TRACKING_BOOL, Value: 1
2020-01-27 17:05:58.257 7209-7209/com.jht.mainapp I/KeyDebugGet:(AppManager.java:570): Key: USE_ASSET_MANAGEMENT_BOOL, Value: 1
2020-01-27 17:05:58.258 7209-7209/com.jht.mainapp I/KeyDebugGet:(AppManager.java:571): Key: USE_WORKOUT_TRACKING_BOOL, Value: 1
2020-01-27 17:05:58.259 7209-7209/com.jht.mainapp I/KeyDebugGet:(AppManager.java:570): Key: USE_ASSET_MANAGEMENT_BOOL, Value: 1
2020-01-27 17:05:58.260 7209-7209/com.jht.mainapp I/KeyDebugGet:(AppManager.java:571): Key: USE_WORKOUT_TRACKING_BOOL, Value: 1
2020-01-27 17:05:58.261 7209-7209/com.jht.mainapp I/KeyDebugGet:(AppManager.java:570): Key: USE_ASSET_MANAGEMENT_BOOL, Value: 1
2020-01-27 17:05:58.261 7209-7209/com.jht.mainapp I/KeyDebugGet:(AppManager.java:571): Key: USE_WORKOUT_TRACKING_BOOL, Value: 1
2020-01-27 17:05:58.262 7209-7209/com.jht.mainapp I/KeyDebugGet:(AppManager.java:570): Key: USE_ASSET_MANAGEMENT_BOOL, Value: 1
2020-01-27 17:05:58.263 7209-7209/com.jht.mainapp I/KeyDebugGet:(AppManager.java:571): Key: USE_WORKOUT_TRACKING_BOOL, Value: 1
2020-01-27 17:05:58.264 7209-7209/com.jht.mainapp I/KeyDebugGet:(AppManager.java:570): Key: USE_ASSET_MANAGEMENT_BOOL, Value: 1
2020-01-27 17:05:58.268 7209-7209/com.jht.mainapp I/KeyDebugGet:(AppManager.java:571): Key: USE_WORKOUT_TRACKING_BOOL, Value: 1
2020-01-27 17:05:58.271 7209-7209/com.jht.mainapp I/KeyDebugGet:(AppManager.java:570): Key: USE_ASSET_MANAGEMENT_BOOL, Value: 1
2020-01-27 17:05:58.272 7209-7209/com.jht.mainapp I/KeyDebugGet:(AppManager.java:571): Key: USE_WORKOUT_TRACKING_BOOL, Value: 1
2020-01-27 17:05:58.274 7209-7209/com.jht.mainapp I/KeyDebugGet:(AppManager.java:570): Key: USE_ASSET_MANAGEMENT_BOOL, Value: 1
2020-01-27 17:05:58.275 7209-7209/com.jht.mainapp I/KeyDebugGet:(AppManager.java:571): Key: USE_WORKOUT_TRACKING_BOOL, Value: 1
2020-01-27 17:05:58.277 7209-7209/com.jht.mainapp I/KeyDebugGet:(AppManager.java:570): Key: USE_ASSET_MANAGEMENT_BOOL, Value: 1
2020-01-27 17:05:58.278 7209-7209/com.jht.mainapp I/KeyDebugGet:(AppManager.java:571): Key: USE_WORKOUT_TRACKING_BOOL, Value: 1
2020-01-27 17:05:58.278 7209-7209/com.jht.mainapp I/KeyDebugGet:(AppManager.java:570): Key: USE_ASSET_MANAGEMENT_BOOL, Value: 1
2020-01-27 17:05:58.279 7209-7209/com.jht.mainapp I/KeyDebugGet:(AppManager.java:571): Key: USE_WORKOUT_TRACKING_BOOL, Value: 1
2020-01-27 17:05:58.280 7209-7209/com.jht.mainapp I/KeyDebugGet:(AppManager.java:433): Key: USE_ASSET_MANAGEMENT_BOOL, Value: 1
2020-01-27 17:05:58.281 7209-7209/com.jht.mainapp I/KeyDebugGet:(AppManager.java:570): Key: USE_ASSET_MANAGEMENT_BOOL, Value: 1
2020-01-27 17:05:58.282 7209-7209/com.jht.mainapp I/KeyDebugGet:(AppManager.java:571): Key: USE_WORKOUT_TRACKING_BOOL, Value: 1
2020-01-27 17:05:58.283 7209-7209/com.jht.mainapp I/KeyDebugGet:(AppManager.java:442): Key: USE_ASSET_MANAGEMENT_BOOL, Value: 1
2020-01-27 17:05:58.284 7209-7209/com.jht.mainapp I/KeyDebugGet:(DapiUser.java:114): Key: DATA_USER_DAPI_UUID_STRING, Value: 00000000-0000-0000-0000-000000000000
2020-01-27 17:05:58.286 6382-6382/com.jhtp.uiservice I/KeyDebugCallback:(TopBarWifiIndicator.java:63): Key: WIFI_STRENGTH_ENUM, Value: 4
2020-01-27 17:05:58.291 6382-6382/com.jhtp.uiservice I/KeyDebugGet:(CountdownPanel.java:71): Key: COUNTDOWN_BEEP_BOOL, Value: 1
2020-01-27 17:05:58.291 6382-6382/com.jhtp.uiservice I/KeyDebug:(CountdownPanel.java:72): Key: ACTION_IO_PLAY_BEEP
2020-01-27 17:05:58.294 6313-6313/com.jhtp.ioservice I/KeyDebugCallback:(IOCommManager.java:117): Key: ACTION_IO_PLAY_BEEP, Value: ACTION_IO_PLAY_BEEP
2020-01-27 17:05:58.294 6382-6382/com.jhtp.uiservice I/KeyDebugCallback:(StatValueUpdater.java:122): Key: DATA_TARGET_SPEED_KPH_FLOAT, Value: 0.0
2020-01-27 17:05:58.294 6382-6382/com.jhtp.uiservice I/KeyDebugCallback:(RightPanelSpeedLogic.java:244): Key: DATA_TARGET_SPEED_KPH_FLOAT, Value: 0.0
2020-01-27 17:05:58.294 6382-6382/com.jhtp.uiservice I/KeyDebugCallback:(StatValueUpdater.java:122): Key: DATA_WORKOUT_SPEED_KPH_FLOAT, Value: 0.0
2020-01-27 17:05:58.295 6382-6382/com.jhtp.uiservice I/KeyDebugCallback:(StatValueUpdater.java:122): Key: DATA_TARGET_INCLINE_FLOAT, Value: 0.0
2020-01-27 17:05:58.295 6382-6382/com.jhtp.uiservice I/KeyDebugCallback:(StatValueUpdater.java:122): Key: DATA_WATTS_FLOAT, Value: 0.0
2020-01-27 17:05:58.295 6382-6382/com.jhtp.uiservice I/KeyDebugCallback:(StatValueUpdater.java:112): Key: DATA_CALORIES_PER_HOUR_INT, Value: 0
2020-01-27 17:05:58.295 6382-6382/com.jhtp.uiservice I/KeyDebugCallback:(StatValueUpdater.java:122): Key: DATA_METS_FLOAT, Value: 1.0
2020-01-27 17:05:58.295 6382-6382/com.jhtp.uiservice I/KeyDebugCallback:(Sprint8TopPanel.java:231): Key: IS_APP_BAR_EXPANDED_BOOL, Value: false
2020-01-27 17:05:58.392 6327-6790/com.jhtp.lcbservice I/KeyDebugGet:(LcbComm.java:456): Key: DATA_SHOW_LCB_ANALYTICS, Value: -1
2020-01-27 17:05:58.509 7209-7209/com.jht.mainapp I/KeyDebugGet:(AppManager.java:330): Key: DEFAULT_USE_BAIDU_BOOL, Value: 0
2020-01-27 17:05:58.511 7209-7209/com.jht.mainapp I/KeyDebugGet:(AppManager.java:323): Key: DEFAULT_USE_BAIDU_BOOL, Value: 0
2020-01-27 17:05:58.677 6532-6999/com.jhtp.location I/KeyDebugGet:(LocationService.java:105): Key: WEATHER_LATITUDE_FLOAT, Value: 0.0
2020-01-27 17:05:58.678 6532-6999/com.jhtp.location I/KeyDebugGet:(LocationService.java:106): Key: WEATHER_LONGITUDE_FLOAT, Value: 0.0
2020-01-27 17:05:58.699 7209-7209/com.jht.mainapp I/KeyDebugCallback:(TopBarWifiIndicator.java:63): Key: WIFI_STRENGTH_ENUM, Value: 4
2020-01-27 17:05:58.725 7209-7209/com.jht.mainapp I/KeyDebugGet:(AppManager.java:701): Key: DATA_WORKOUT_VIEW_TYPE_STRING, Value: Default
2020-01-27 17:05:58.726 7209-7209/com.jht.mainapp I/KeyDebugGet:(AppManager.java:112): Key: EGYM_ENABLED_BOOL, Value: 0
2020-01-27 17:05:58.727 7209-7209/com.jht.mainapp I/KeyDebugGet:(AppManager.java:570): Key: USE_ASSET_MANAGEMENT_BOOL, Value: 1
2020-01-27 17:05:58.727 7209-7209/com.jht.mainapp I/KeyDebugGet:(AppManager.java:571): Key: USE_WORKOUT_TRACKING_BOOL, Value: 1
2020-01-27 17:05:58.728 7209-7209/com.jht.mainapp I/KeyDebugGet:(AppManager.java:570): Key: USE_ASSET_MANAGEMENT_BOOL, Value: 1
2020-01-27 17:05:58.729 7209-7209/com.jht.mainapp I/KeyDebugGet:(AppManager.java:571): Key: USE_WORKOUT_TRACKING_BOOL, Value: 1
2020-01-27 17:05:58.730 7209-7209/com.jht.mainapp I/KeyDebugGet:(AppManager.java:570): Key: USE_ASSET_MANAGEMENT_BOOL, Value: 1
2020-01-27 17:05:58.732 7209-7209/com.jht.mainapp I/KeyDebugGet:(AppManager.java:571): Key: USE_WORKOUT_TRACKING_BOOL, Value: 1
2020-01-27 17:05:58.733 7209-7209/com.jht.mainapp I/KeyDebugGet:(AppManager.java:570): Key: USE_ASSET_MANAGEMENT_BOOL, Value: 1
2020-01-27 17:05:58.735 7209-7209/com.jht.mainapp I/KeyDebugGet:(AppManager.java:571): Key: USE_WORKOUT_TRACKING_BOOL, Value: 1
2020-01-27 17:05:58.736 7209-7209/com.jht.mainapp I/KeyDebugGet:(AppManager.java:570): Key: USE_ASSET_MANAGEMENT_BOOL, Value: 1
2020-01-27 17:05:58.738 7209-7209/com.jht.mainapp I/KeyDebugGet:(AppManager.java:571): Key: USE_WORKOUT_TRACKING_BOOL, Value: 1
2020-01-27 17:05:58.739 7209-7209/com.jht.mainapp I/KeyDebugGet:(AppManager.java:315): Key: TV_REMOTE_TV_BOOL, Value: 0
2020-01-27 17:05:58.740 7209-7209/com.jht.mainapp I/KeyDebugGet:(AppManager.java:570): Key: USE_ASSET_MANAGEMENT_BOOL, Value: 1
2020-01-27 17:05:58.741 7209-7209/com.jht.mainapp I/KeyDebugGet:(AppManager.java:571): Key: USE_WORKOUT_TRACKING_BOOL, Value: 1
