2020-01-27 17:05:58.742 7209-7209/com.jht.mainapp I/KeyDebugGet:(AppManager.java:570): Key: USE_ASSET_MANAGEMENT_BOOL, Value: 1
2020-01-27 17:05:58.743 7209-7209/com.jht.mainapp I/KeyDebugGet:(AppManager.java:571): Key: USE_WORKOUT_TRACKING_BOOL, Value: 1
2020-01-27 17:05:58.743 7209-7209/com.jht.mainapp I/KeyDebugGet:(AppManager.java:570): Key: USE_ASSET_MANAGEMENT_BOOL, Value: 1
2020-01-27 17:05:58.744 7209-7209/com.jht.mainapp I/KeyDebugGet:(AppManager.java:571): Key: USE_WORKOUT_TRACKING_BOOL, Value: 1
2020-01-27 17:05:58.745 7209-7209/com.jht.mainapp I/KeyDebugGet:(AppManager.java:570): Key: USE_ASSET_MANAGEMENT_BOOL, Value: 1
2020-01-27 17:05:58.746 7209-7209/com.jht.mainapp I/KeyDebugGet:(AppManager.java:571): Key: USE_WORKOUT_TRACKING_BOOL, Value: 1
2020-01-27 17:05:58.747 7209-7209/com.jht.mainapp I/KeyDebugGet:(AppManager.java:570): Key: USE_ASSET_MANAGEMENT_BOOL, Value: 1
2020-01-27 17:05:58.747 7209-7209/com.jht.mainapp I/KeyDebugGet:(AppManager.java:571): Key: USE_WORKOUT_TRACKING_BOOL, Value: 1
2020-01-27 17:05:58.748 7209-7209/com.jht.mainapp I/KeyDebugGet:(AppManager.java:570): Key: USE_ASSET_MANAGEMENT_BOOL, Value: 1
2020-01-27 17:05:58.750 7209-7209/com.jht.mainapp I/KeyDebugGet:(AppManager.java:571): Key: USE_WORKOUT_TRACKING_BOOL, Value: 1
2020-01-27 17:05:58.751 7209-7209/com.jht.mainapp I/KeyDebugGet:(AppManager.java:570): Key: USE_ASSET_MANAGEMENT_BOOL, Value: 1
2020-01-27 17:05:58.752 7209-7209/com.jht.mainapp I/KeyDebugGet:(AppManager.java:571): Key: USE_WORKOUT_TRACKING_BOOL, Value: 1
2020-01-27 17:05:58.753 7209-7209/com.jht.mainapp I/KeyDebugGet:(AppManager.java:570): Key: USE_ASSET_MANAGEMENT_BOOL, Value: 1
2020-01-27 17:05:58.754 7209-7209/com.jht.mainapp I/KeyDebugGet:(AppManager.java:571): Key: USE_WORKOUT_TRACKING_BOOL, Value: 1
2020-01-27 17:05:58.754 7209-7209/com.jht.mainapp I/KeyDebugGet:(AppManager.java:570): Key: USE_ASSET_MANAGEMENT_BOOL, Value: 1
2020-01-27 17:05:58.755 7209-7209/com.jht.mainapp I/KeyDebugGet:(AppManager.java:571): Key: USE_WORKOUT_TRACKING_BOOL, Value: 1
2020-01-27 17:05:58.756 7209-7209/com.jht.mainapp I/KeyDebugGet:(AppManager.java:570): Key: USE_ASSET_MANAGEMENT_BOOL, Value: 1
2020-01-27 17:05:58.757 7209-7209/com.jht.mainapp I/KeyDebugGet:(AppManager.java:571): Key: USE_WORKOUT_TRACKING_BOOL, Value: 1
2020-01-27 17:05:58.758 7209-7209/com.jht.mainapp I/KeyDebugGet:(AppManager.java:433): Key: USE_ASSET_MANAGEMENT_BOOL, Value: 1
2020-01-27 17:05:58.759 7209-7209/com.jht.mainapp I/KeyDebugGet:(AppManager.java:570): Key: USE_ASSET_MANAGEMENT_BOOL, Value: 1
2020-01-27 17:05:58.759 7209-7209/com.jht.mainapp I/KeyDebugGet:(AppManager.java:571): Key: USE_WORKOUT_TRACKING_BOOL, Value: 1
2020-01-27 17:05:58.760 7209-7209/com.jht.mainapp I/KeyDebugGet:(AppManager.java:442): Key: USE_ASSET_MANAGEMENT_BOOL, Value: 1
2020-01-27 17:05:58.761 7209-7209/com.jht.mainapp I/KeyDebugGet:(DapiUser.java:114): Key: DATA_USER_DAPI_UUID_STRING, Value: 00000000-0000-0000-0000-000000000000
2020-01-27 17:05:58.825 6341-6830/com.jhtp.halservice I/KeyDebugPut:(WifiSignalManager.java:59): Key: WIFI_STRENGTH_ENUM, Value: 4
2020-01-27 17:05:58.829 6341-6830/com.jhtp.halservice I/KeyDebugGet:(WifiSignalManager.java:61): Key: NETWORK_CONNECTION_BOOL, Value: 1
2020-01-27 17:05:58.834 6382-6382/com.jhtp.uiservice I/KeyDebugCallback:(TopBarWifiIndicator.java:63): Key: WIFI_STRENGTH_ENUM, Value: 4
2020-01-27 17:05:58.845 7209-7209/com.jht.mainapp I/KeyDebugGet:(AppManager.java:701): Key: DATA_WORKOUT_VIEW_TYPE_STRING, Value: Default
2020-01-27 17:05:58.846 7209-7209/com.jht.mainapp I/KeyDebugGet:(AppManager.java:112): Key: EGYM_ENABLED_BOOL, Value: 0
2020-01-27 17:05:58.847 7209-7209/com.jht.mainapp I/KeyDebugGet:(AppManager.java:570): Key: USE_ASSET_MANAGEMENT_BOOL, Value: 1
2020-01-27 17:05:58.848 7209-7209/com.jht.mainapp I/KeyDebugGet:(AppManager.java:571): Key: USE_WORKOUT_TRACKING_BOOL, Value: 1
2020-01-27 17:05:58.849 7209-7209/com.jht.mainapp I/KeyDebugGet:(AppManager.java:570): Key: USE_ASSET_MANAGEMENT_BOOL, Value: 1
2020-01-27 17:05:58.849 7209-7209/com.jht.mainapp I/KeyDebugGet:(AppManager.java:571): Key: USE_WORKOUT_TRACKING_BOOL, Value: 1
2020-01-27 17:05:58.850 7209-7209/com.jht.mainapp I/KeyDebugGet:(AppManager.java:570): Key: USE_ASSET_MANAGEMENT_BOOL, Value: 1
2020-01-27 17:05:58.851 7209-7209/com.jht.mainapp I/KeyDebugGet:(AppManager.java:571): Key: USE_WORKOUT_TRACKING_BOOL, Value: 1
2020-01-27 17:05:58.852 7209-7209/com.jht.mainapp I/KeyDebugGet:(AppManager.java:570): Key: USE_ASSET_MANAGEMENT_BOOL, Value: 1
2020-01-27 17:05:58.853 7209-7209/com.jht.mainapp I/KeyDebugGet:(AppManager.java:571): Key: USE_WORKOUT_TRACKING_BOOL, Value: 1
2020-01-27 17:05:58.853 7209-7209/com.jht.mainapp I/KeyDebugGet:(AppManager.java:570): Key: USE_ASSET_MANAGEMENT_BOOL, Value: 1
2020-01-27 17:05:58.854 7209-7209/com.jht.mainapp I/KeyDebugGet:(AppManager.java:571): Key: USE_WORKOUT_TRACKING_BOOL, Value: 1
2020-01-27 17:05:58.854 7209-7209/com.jht.mainapp I/KeyDebugGet:(AppManager.java:315): Key: TV_REMOTE_TV_BOOL, Value: 0
2020-01-27 17:05:58.855 7209-7209/com.jht.mainapp I/KeyDebugGet:(AppManager.java:570): Key: USE_ASSET_MANAGEMENT_BOOL, Value: 1
2020-01-27 17:05:58.856 7209-7209/com.jht.mainapp I/KeyDebugGet:(AppManager.java:571): Key: USE_WORKOUT_TRACKING_BOOL, Value: 1
2020-01-27 17:05:58.856 7209-7209/com.jht.mainapp I/KeyDebugGet:(AppManager.java:570): Key: USE_ASSET_MANAGEMENT_BOOL, Value: 1
2020-01-27 17:05:58.857 7209-7209/com.jht.mainapp I/KeyDebugGet:(AppManager.java:571): Key: USE_WORKOUT_TRACKING_BOOL, Value: 1
2020-01-27 17:05:58.857 7209-7209/com.jht.mainapp I/KeyDebugGet:(AppManager.java:570): Key: USE_ASSET_MANAGEMENT_BOOL, Value: 1
2020-01-27 17:05:58.858 7209-7209/com.jht.mainapp I/KeyDebugGet:(AppManager.java:571): Key: USE_WORKOUT_TRACKING_BOOL, Value: 1
2020-01-27 17:05:58.859 7209-7209/com.jht.mainapp I/KeyDebugGet:(AppManager.java:570): Key: USE_ASSET_MANAGEMENT_BOOL, Value: 1
2020-01-27 17:05:58.859 7209-7209/com.jht.mainapp I/KeyDebugGet:(AppManager.java:571): Key: USE_WORKOUT_TRACKING_BOOL, Value: 1
2020-01-27 17:05:58.860 7209-7209/com.jht.mainapp I/KeyDebugGet:(AppManager.java:570): Key: USE_ASSET_MANAGEMENT_BOOL, Value: 1
2020-01-27 17:05:58.860 7209-7209/com.jht.mainapp I/KeyDebugGet:(AppManager.java:571): Key: USE_WORKOUT_TRACKING_BOOL, Value: 1
2020-01-27 17:05:58.861 7209-7209/com.jht.mainapp I/KeyDebugGet:(AppManager.java:570): Key: USE_ASSET_MANAGEMENT_BOOL, Value: 1
2020-01-27 17:05:58.863 7209-7209/com.jht.mainapp I/KeyDebugGet:(AppManager.java:571): Key: USE_WORKOUT_TRACKING_BOOL, Value: 1
2020-01-27 17:05:58.864 7209-7209/com.jht.mainapp I/KeyDebugGet:(AppManager.java:570): Key: USE_ASSET_MANAGEMENT_BOOL, Value: 1
2020-01-27 17:05:58.864 7209-7209/com.jht.mainapp I/KeyDebugGet:(AppManager.java:571): Key: USE_WORKOUT_TRACKING_BOOL, Value: 1
2020-01-27 17:05:58.865 7209-7209/com.jht.mainapp I/KeyDebugGet:(AppManager.java:570): Key: USE_ASSET_MANAGEMENT_BOOL, Value: 1
2020-01-27 17:05:58.866 7209-7209/com.jht.mainapp I/KeyDebugGet:(AppManager.java:571): Key: USE_WORKOUT_TRACKING_BOOL, Value: 1
2020-01-27 17:05:58.867 7209-7209/com.jht.mainapp I/KeyDebugGet:(AppManager.java:570): Key: USE_ASSET_MANAGEMENT_BOOL, Value: 1
2020-01-27 17:05:58.867 7209-7209/com.jht.mainapp I/KeyDebugGet:(AppManager.java:571): Key: USE_WORKOUT_TRACKING_BOOL, Value: 1
2020-01-27 17:05:58.868 7209-7209/com.jht.mainapp I/KeyDebugGet:(AppManager.java:570): Key: USE_ASSET_MANAGEMENT_BOOL, Value: 1
2020-01-27 17:05:58.869 7209-7209/com.jht.mainapp I/KeyDebugGet:(AppManager.java:571): Key: USE_WORKOUT_TRACKING_BOOL, Value: 1
2020-01-27 17:05:58.869 7209-7209/com.jht.mainapp I/KeyDebugGet:(AppManager.java:433): Key: USE_ASSET_MANAGEMENT_BOOL, Value: 1
2020-01-27 17:05:58.870 7209-7209/com.jht.mainapp I/KeyDebugGet:(AppManager.java:570): Key: USE_ASSET_MANAGEMENT_BOOL, Value: 1
2020-01-27 17:05:58.871 7209-7209/com.jht.mainapp I/KeyDebugGet:(AppManager.java:571): Key: USE_WORKOUT_TRACKING_BOOL, Value: 1
2020-01-27 17:05:58.871 7209-7209/com.jht.mainapp I/KeyDebugGet:(AppManager.java:442): Key: USE_ASSET_MANAGEMENT_BOOL, Value: 1
2020-01-27 17:05:58.872 7209-7209/com.jht.mainapp I/KeyDebugGet:(DapiUser.java:114): Key: DATA_USER_DAPI_UUID_STRING, Value: 00000000-0000-0000-0000-000000000000
2020-01-27 17:05:58.920 6190-6190/com.jhtp.loggerservice I/KeyDebugGet:(AnalyticsManager.java:167): Key: SHOW_WELCOME_SCREEN_BOOLEAN, Value: 1
2020-01-27 17:05:59.123 6327-6917/com.jhtp.lcbservice I/KeyDebugGet:(LCBService.java:477): Key: DATA_USER_WEIGHT_KG_FLOAT, Value: 68.0388
2020-01-27 17:05:59.123 6327-6917/com.jhtp.lcbservice I/KeyDebugPut:(LCBService.java:500): Key: DATA_TARGET_SPEED_KPH_FLOAT, Value: 0.0
2020-01-27 17:05:59.124 6360-6360/com.jhtp.workoutcontrollerservice I/KeyDebugCallback:(StatUpdating.java:87): Key: DATA_TARGET_SPEED_KPH_FLOAT, Value: 0.0
2020-01-27 17:05:59.125 6360-6360/com.jhtp.workoutcontrollerservice I/KeyDebugGet:(StatUpdating.java:309): Key: DISPLAY_METRIC_VALUES_BOOL, Value: 0
2020-01-27 17:05:59.125 6360-6360/com.jhtp.workoutcontrollerservice I/KeyDebugPut:(StatUpdating.java:311): Key: DATA_PACE_SEC_PER_KM_INT, Value: 0
2020-01-27 17:05:59.127 6327-6917/com.jhtp.lcbservice I/KeyDebugPut:(LCBService.java:501): Key: DATA_ACTUAL_SPEED_KPH_FLOAT, Value: 0.0
2020-01-27 17:05:59.129 6360-6360/com.jhtp.workoutcontrollerservice I/KeyDebugPut:(StatUpdating.java:312): Key: DATA_WORKOUT_SPEED_KPH_FLOAT, Value: 0.0
2020-01-27 17:05:59.132 6327-6917/com.jhtp.lcbservice I/KeyDebugPut:(LCBService.java:502): Key: DATA_TARGET_INCLINE_FLOAT, Value: 0.0
2020-01-27 17:05:59.133 6360-6360/com.jhtp.workoutcontrollerservice I/KeyDebugCallback:(StatUpdating.java:72): Key: DATA_PACE_SEC_PER_KM_INT, Value: 0
2020-01-27 17:05:59.133 6360-6360/com.jhtp.workoutcontrollerservice I/KeyDebugCallback:(StatUpdating.java:88): Key: DATA_ACTUAL_SPEED_KPH_FLOAT, Value: 0.0
2020-01-27 17:05:59.133 6360-6360/com.jhtp.workoutcontrollerservice I/KeyDebugCallback:(StatUpdating.java:91): Key: DATA_TARGET_INCLINE_FLOAT, Value: 0.0
2020-01-27 17:05:59.134 6327-6917/com.jhtp.lcbservice I/KeyDebugPut:(LCBService.java:503): Key: DATA_ACTUAL_INCLINE_FLOAT, Value: 0.0
2020-01-27 17:05:59.135 6327-6917/com.jhtp.lcbservice I/KeyDebugPut:(LCBService.java:504): Key: DATA_INCLINE_ADC_INT, Value: 0
2020-01-27 17:05:59.136 6327-6917/com.jhtp.lcbservice I/KeyDebugPut:(LCBService.java:505): Key: DATA_RESISTANCE_INT, Value: 1
2020-01-27 17:05:59.136 6382-6382/com.jhtp.uiservice I/KeyDebugGet:(CountdownPanel.java:78): Key: COUNTDOWN_BEEP_BOOL, Value: 1
2020-01-27 17:05:59.136 6382-6382/com.jhtp.uiservice I/KeyDebug:(CountdownPanel.java:79): Key: ACTION_IO_PLAY_BEEP
2020-01-27 17:05:59.136 6360-6360/com.jhtp.workoutcontrollerservice I/KeyDebugCallback:(StatUpdating.java:92): Key: DATA_RESISTANCE_INT, Value: 1
2020-01-27 17:05:59.136 6327-6917/com.jhtp.lcbservice I/KeyDebugPut:(LCBService.java:506): Key: DATA_RPM_INT, Value: 0
2020-01-27 17:05:59.138 6313-6313/com.jhtp.ioservice I/KeyDebugCallback:(IOCommManager.java:117): Key: ACTION_IO_PLAY_BEEP, Value: ACTION_IO_PLAY_BEEP
2020-01-27 17:05:59.138 6382-6382/com.jhtp.uiservice I/KeyDebugCallback:(StatValueUpdater.java:122): Key: DATA_TARGET_SPEED_KPH_FLOAT, Value: 0.0
2020-01-27 17:05:59.138 6382-6382/com.jhtp.uiservice I/KeyDebugCallback:(RightPanelSpeedLogic.java:244): Key: DATA_TARGET_SPEED_KPH_FLOAT, Value: 0.0
2020-01-27 17:05:59.139 6341-6341/com.jhtp.halservice I/KeyDebugCallback:(HALService.java:162): Key: DATA_RPM_INT, Value: 0
2020-01-27 17:05:59.140 6360-6360/com.jhtp.workoutcontrollerservice I/KeyDebugCallback:(StatUpdating.java:89): Key: DATA_RPM_INT, Value: 0
2020-01-27 17:05:59.140 6360-6360/com.jhtp.workoutcontrollerservice I/KeyDebugCallback:(WorkoutControllerService.java:319): Key: DATA_RPM_INT, Value: 0
2020-01-27 17:05:59.140 6341-6341/com.jhtp.halservice I/KeyDebugGet:(HALService.java:211): Key: IS_DEMO_MODE_BOOL, Value: 1
2020-01-27 17:05:59.140 6327-6917/com.jhtp.lcbservice I/KeyDebugPut:(LCBService.java:507): Key: DATA_SPM_INT, Value: 0
2020-01-27 17:05:59.141 6341-6341/com.jhtp.halservice I/KeyDebugGet:(HALService.java:243): Key: DATA_IS_SAFE_TO_START_WORKOUT_BOOL, Value: 1
2020-01-27 17:05:59.142 6341-6341/com.jhtp.halservice I/KeyDebugCallback:(HALService.java:163): Key: DATA_SPM_INT, Value: 0
2020-01-27 17:05:59.142 6360-6360/com.jhtp.workoutcontrollerservice I/KeyDebugCallback:(StatUpdating.java:90): Key: DATA_SPM_INT, Value: 0
2020-01-27 17:05:59.143 6327-6917/com.jhtp.lcbservice I/KeyDebugPut:(LCBService.java:508): Key: DATA_TARGET_SPM_INT, Value: 0
2020-01-27 17:05:59.143 6341-6341/com.jhtp.halservice I/KeyDebugGet:(HALService.java:211): Key: IS_DEMO_MODE_BOOL, Value: 1
2020-01-27 17:05:59.144 6327-6917/com.jhtp.lcbservice I/KeyDebugPut:(LCBService.java:509): Key: DATA_WATTS_FLOAT, Value: 0.0
2020-01-27 17:05:59.144 6341-6341/com.jhtp.halservice I/KeyDebugGet:(HALService.java:243): Key: DATA_IS_SAFE_TO_START_WORKOUT_BOOL, Value: 1
2020-01-27 17:05:59.144 6360-6360/com.jhtp.workoutcontrollerservice I/KeyDebugCallback:(StatUpdating.java:94): Key: DATA_WATTS_FLOAT, Value: 0.0
2020-01-27 17:05:59.145 6327-6917/com.jhtp.lcbservice I/KeyDebugPut:(LCBService.java:510): Key: DATA_CALORIES_PER_SEC_FLOAT, Value: 0.0
2020-01-27 17:05:59.145 6360-6360/com.jhtp.workoutcontrollerservice I/KeyDebugCallback:(StatUpdating.java:93): Key: DATA_CALORIES_PER_SEC_FLOAT, Value: 0.0
2020-01-27 17:05:59.146 6360-6360/com.jhtp.workoutcontrollerservice I/KeyDebugPut:(StatUpdating.java:483): Key: DATA_CALORIES_PER_HOUR_INT, Value: 0
2020-01-27 17:05:59.146 6327-6917/com.jhtp.lcbservice I/KeyDebugPut:(LCBService.java:511): Key: DATA_METS_FLOAT, Value: 1.0
2020-01-27 17:05:59.147 6360-6360/com.jhtp.workoutcontrollerservice I/KeyDebugCallback:(StatUpdating.java:95): Key: DATA_METS_FLOAT, Value: 1.0
2020-01-27 17:05:59.168 6382-6382/com.jhtp.uiservice I/KeyDebugCallback:(StatValueUpdater.java:122): Key: DATA_WORKOUT_SPEED_KPH_FLOAT, Value: 0.0
2020-01-27 17:05:59.169 6382-6382/com.jhtp.uiservice I/KeyDebugCallback:(StatValueUpdater.java:122): Key: DATA_TARGET_INCLINE_FLOAT, Value: 0.0
2020-01-27 17:05:59.170 6382-6382/com.jhtp.uiservice I/KeyDebugCallback:(StatValueUpdater.java:122): Key: DATA_WATTS_FLOAT, Value: 0.0
2020-01-27 17:05:59.171 6382-6382/com.jhtp.uiservice I/KeyDebugCallback:(StatValueUpdater.java:112): Key: DATA_CALORIES_PER_HOUR_INT, Value: 0
2020-01-27 17:05:59.171 6382-6382/com.jhtp.uiservice I/KeyDebugCallback:(StatValueUpdater.java:122): Key: DATA_METS_FLOAT, Value: 1.0
2020-01-27 17:05:59.228 6190-6726/com.jhtp.loggerservice I/KeyDebugGet:(AnalyticsManager.java:328): Key: IS_BT_SINK_CONNECTED, Value: 0
2020-01-27 17:05:59.229 6190-6726/com.jhtp.loggerservice I/KeyDebugGet:(AnalyticsManager.java:330): Key: GYM_KIT_STATUS_INT, Value: 2
2020-01-27 17:05:59.229 6190-6726/com.jhtp.loggerservice I/KeyDebugGet:(AnalyticsManager.java:332): Key: DATA_HEART_RATE_INT, Value: 0
2020-01-27 17:05:59.231 6190-6726/com.jhtp.loggerservice I/KeyDebugGet:(AnalyticsManager.java:335): Key: BLUETOOTH_CONNECTED_BOOL, Value: 0
2020-01-27 17:05:59.232 6190-6726/com.jhtp.loggerservice I/KeyDebugGet:(AnalyticsManager.java:337): Key: DATA_IS_HEADPHONE_CONNECTED_BOOL, Value: 0
2020-01-27 17:05:59.393 6327-6790/com.jhtp.lcbservice I/KeyDebugGet:(LcbComm.java:456): Key: DATA_SHOW_LCB_ANALYTICS, Value: -1
2020-01-27 17:05:59.679 6532-6999/com.jhtp.location I/KeyDebugGet:(LocationService.java:105): Key: WEATHER_LATITUDE_FLOAT, Value: 0.0
2020-01-27 17:05:59.680 6532-6999/com.jhtp.location I/KeyDebugGet:(LocationService.java:106): Key: WEATHER_LONGITUDE_FLOAT, Value: 0.0
2020-01-27 17:05:59.825 6341-6830/com.jhtp.halservice I/KeyDebugPut:(WifiSignalManager.java:59): Key: WIFI_STRENGTH_ENUM, Value: 4
2020-01-27 17:05:59.828 6341-6830/com.jhtp.halservice I/KeyDebugGet:(WifiSignalManager.java:61): Key: NETWORK_CONNECTION_BOOL, Value: 1
2020-01-27 17:05:59.858 6382-6382/com.jhtp.uiservice I/KeyDebugCallback:(TopBarWifiIndicator.java:63): Key: WIFI_STRENGTH_ENUM, Value: 4
    
    [          1580166359.999  6327: 6911 D/com.jht.chimera.service.hal.lib.lcb.lcbcommlib.machineHandler.GeneralCallbackHandlerLCBgetLcbErrorCodeHandler: Error 04B0 occurred.
2020-01-27 17:06:00.123 6327-6917/com.jhtp.lcbservice I/KeyDebugGet:(LCBService.java:477): Key: DATA_USER_WEIGHT_KG_FLOAT, Value: 68.0388
2020-01-27 17:06:00.123 6327-6917/com.jhtp.lcbservice I/KeyDebugPut:(LCBService.java:500): Key: DATA_TARGET_SPEED_KPH_FLOAT, Value: 0.0
2020-01-27 17:06:00.125 6360-6360/com.jhtp.workoutcontrollerservice I/KeyDebugCallback:(StatUpdating.java:87): Key: DATA_TARGET_SPEED_KPH_FLOAT, Value: 0.0
2020-01-27 17:06:00.126 6360-6360/com.jhtp.workoutcontrollerservice I/KeyDebugGet:(StatUpdating.java:309): Key: DISPLAY_METRIC_VALUES_BOOL, Value: 0
2020-01-27 17:06:00.126 6327-6917/com.jhtp.lcbservice I/KeyDebugPut:(LCBService.java:501): Key: DATA_ACTUAL_SPEED_KPH_FLOAT, Value: 0.0
2020-01-27 17:06:00.126 6360-6360/com.jhtp.workoutcontrollerservice I/KeyDebugPut:(StatUpdating.java:311): Key: DATA_PACE_SEC_PER_KM_INT, Value: 0
2020-01-27 17:06:00.127 6327-6917/com.jhtp.lcbservice I/KeyDebugPut:(LCBService.java:502): Key: DATA_TARGET_INCLINE_FLOAT, Value: 0.0
2020-01-27 17:06:00.128 6382-6382/com.jhtp.uiservice I/KeyDebugGet:(CountdownPanel.java:85): Key: COUNTDOWN_BEEP_BOOL, Value: 1
2020-01-27 17:06:00.128 6382-6382/com.jhtp.uiservice I/KeyDebug:(CountdownPanel.java:86): Key: ACTION_IO_PLAY_BEEP
2020-01-27 17:06:00.128 6360-6360/com.jhtp.workoutcontrollerservice I/KeyDebugPut:(StatUpdating.java:312): Key: DATA_WORKOUT_SPEED_KPH_FLOAT, Value: 0.0
2020-01-27 17:06:00.129 6327-6917/com.jhtp.lcbservice I/KeyDebugPut:(LCBService.java:503): Key: DATA_ACTUAL_INCLINE_FLOAT, Value: 0.0
2020-01-27 17:06:00.130 6313-6313/com.jhtp.ioservice I/KeyDebugCallback:(IOCommManager.java:117): Key: ACTION_IO_PLAY_BEEP, Value: ACTION_IO_PLAY_BEEP
2020-01-27 17:06:00.130 6360-6360/com.jhtp.workoutcontrollerservice I/KeyDebugCallback:(StatUpdating.java:88): Key: DATA_ACTUAL_SPEED_KPH_FLOAT, Value: 0.0
2020-01-27 17:06:00.131 6360-6360/com.jhtp.workoutcontrollerservice I/KeyDebugCallback:(StatUpdating.java:72): Key: DATA_PACE_SEC_PER_KM_INT, Value: 0
2020-01-27 17:06:00.131 6360-6360/com.jhtp.workoutcontrollerservice I/KeyDebugCallback:(StatUpdating.java:91): Key: DATA_TARGET_INCLINE_FLOAT, Value: 0.0
2020-01-27 17:06:00.131 6327-6917/com.jhtp.lcbservice I/KeyDebugPut:(LCBService.java:504): Key: DATA_INCLINE_ADC_INT, Value: 0
2020-01-27 17:06:00.131 6327-6917/com.jhtp.lcbservice I/KeyDebugPut:(LCBService.java:505): Key: DATA_RESISTANCE_INT, Value: 1
2020-01-27 17:06:00.132 6360-6360/com.jhtp.workoutcontrollerservice I/KeyDebugCallback:(StatUpdating.java:92): Key: DATA_RESISTANCE_INT, Value: 1
2020-01-27 17:06:00.132 6327-6917/com.jhtp.lcbservice I/KeyDebugPut:(LCBService.java:506): Key: DATA_RPM_INT, Value: 0
2020-01-27 17:06:00.134 6341-6341/com.jhtp.halservice I/KeyDebugCallback:(HALService.java:162): Key: DATA_RPM_INT, Value: 0
2020-01-27 17:06:00.135 6341-6341/com.jhtp.halservice I/KeyDebugGet:(HALService.java:211): Key: IS_DEMO_MODE_BOOL, Value: 1
2020-01-27 17:06:00.135 6360-6360/com.jhtp.workoutcontrollerservice I/KeyDebugCallback:(StatUpdating.java:89): Key: DATA_RPM_INT, Value: 0
2020-01-27 17:06:00.135 6327-6917/com.jhtp.lcbservice I/KeyDebugPut:(LCBService.java:507): Key: DATA_SPM_INT, Value: 0
2020-01-27 17:06:00.135 6360-6360/com.jhtp.workoutcontrollerservice I/KeyDebugCallback:(WorkoutControllerService.java:319): Key: DATA_RPM_INT, Value: 0
2020-01-27 17:06:00.136 6341-6341/com.jhtp.halservice I/KeyDebugGet:(HALService.java:243): Key: DATA_IS_SAFE_TO_START_WORKOUT_BOOL, Value: 1
2020-01-27 17:06:00.136 6341-6341/com.jhtp.halservice I/KeyDebugCallback:(HALService.java:163): Key: DATA_SPM_INT, Value: 0
2020-01-27 17:06:00.137 6360-6360/com.jhtp.workoutcontrollerservice I/KeyDebugCallback:(StatUpdating.java:90): Key: DATA_SPM_INT, Value: 0
2020-01-27 17:06:00.137 6327-6917/com.jhtp.lcbservice I/KeyDebugPut:(LCBService.java:508): Key: DATA_TARGET_SPM_INT, Value: 0
2020-01-27 17:06:00.137 6327-6917/com.jhtp.lcbservice I/KeyDebugPut:(LCBService.java:509): Key: DATA_WATTS_FLOAT, Value: 0.0
2020-01-27 17:06:00.138 6341-6341/com.jhtp.halservice I/KeyDebugGet:(HALService.java:211): Key: IS_DEMO_MODE_BOOL, Value: 1
2020-01-27 17:06:00.138 6360-6360/com.jhtp.workoutcontrollerservice I/KeyDebugCallback:(StatUpdating.java:94): Key: DATA_WATTS_FLOAT, Value: 0.0
2020-01-27 17:06:00.138 6341-6341/com.jhtp.halservice I/KeyDebugGet:(HALService.java:243): Key: DATA_IS_SAFE_TO_START_WORKOUT_BOOL, Value: 1
2020-01-27 17:06:00.139 6327-6917/com.jhtp.lcbservice I/KeyDebugPut:(LCBService.java:510): Key: DATA_CALORIES_PER_SEC_FLOAT, Value: 0.0
2020-01-27 17:06:00.139 6360-6360/com.jhtp.workoutcontrollerservice I/KeyDebugCallback:(StatUpdating.java:93): Key: DATA_CALORIES_PER_SEC_FLOAT, Value: 0.0
2020-01-27 17:06:00.140 6360-6360/com.jhtp.workoutcontrollerservice I/KeyDebugPut:(StatUpdating.java:483): Key: DATA_CALORIES_PER_HOUR_INT, Value: 0
2020-01-27 17:06:00.140 6327-6917/com.jhtp.lcbservice I/KeyDebugPut:(LCBService.java:511): Key: DATA_METS_FLOAT, Value: 1.0
2020-01-27 17:06:00.141 6360-6360/com.jhtp.workoutcontrollerservice I/KeyDebugCallback:(StatUpdating.java:95): Key: DATA_METS_FLOAT, Value: 1.0
2020-01-27 17:06:00.156 6382-6382/com.jhtp.uiservice I/KeyDebugCallback:(StatValueUpdater.java:122): Key: DATA_TARGET_SPEED_KPH_FLOAT, Value: 0.0
2020-01-27 17:06:00.156 6382-6382/com.jhtp.uiservice I/KeyDebugCallback:(RightPanelSpeedLogic.java:244): Key: DATA_TARGET_SPEED_KPH_FLOAT, Value: 0.0
2020-01-27 17:06:00.156 6382-6382/com.jhtp.uiservice I/KeyDebugCallback:(StatValueUpdater.java:122): Key: DATA_TARGET_INCLINE_FLOAT, Value: 0.0
2020-01-27 17:06:00.156 6382-6382/com.jhtp.uiservice I/KeyDebugCallback:(StatValueUpdater.java:122): Key: DATA_WORKOUT_SPEED_KPH_FLOAT, Value: 0.0
2020-01-27 17:06:00.156 6382-6382/com.jhtp.uiservice I/KeyDebugCallback:(StatValueUpdater.java:122): Key: DATA_WATTS_FLOAT, Value: 0.0
2020-01-27 17:06:00.157 6382-6382/com.jhtp.uiservice I/KeyDebugCallback:(StatValueUpdater.java:112): Key: DATA_CALORIES_PER_HOUR_INT, Value: 0
2020-01-27 17:06:00.157 6382-6382/com.jhtp.uiservice I/KeyDebugCallback:(StatValueUpdater.java:122): Key: DATA_METS_FLOAT, Value: 1.0
2020-01-27 17:06:00.227 6190-6726/com.jhtp.loggerservice I/KeyDebugGet:(AnalyticsManager.java:328): Key: IS_BT_SINK_CONNECTED, Value: 0
2020-01-27 17:06:00.227 6190-6726/com.jhtp.loggerservice I/KeyDebugGet:(AnalyticsManager.java:330): Key: GYM_KIT_STATUS_INT, Value: 2
2020-01-27 17:06:00.228 6190-6726/com.jhtp.loggerservice I/KeyDebugGet:(AnalyticsManager.java:332): Key: DATA_HEART_RATE_INT, Value: 0
2020-01-27 17:06:00.229 6190-6726/com.jhtp.loggerservice I/KeyDebugGet:(AnalyticsManager.java:335): Key: BLUETOOTH_CONNECTED_BOOL, Value: 0
2020-01-27 17:06:00.230 6190-6726/com.jhtp.loggerservice I/KeyDebugGet:(AnalyticsManager.java:337): Key: DATA_IS_HEADPHONE_CONNECTED_BOOL, Value: 0
2020-01-27 17:06:00.392 6327-6790/com.jhtp.lcbservice I/KeyDebugGet:(LcbComm.java:456): Key: DATA_SHOW_LCB_ANALYTICS, Value: -1
2020-01-27 17:06:00.682 6532-6999/com.jhtp.location I/KeyDebugGet:(LocationService.java:105): Key: WEATHER_LATITUDE_FLOAT, Value: 0.0
2020-01-27 17:06:00.683 6532-6999/com.jhtp.location I/KeyDebugGet:(LocationService.java:106): Key: WEATHER_LONGITUDE_FLOAT, Value: 0.0
2020-01-27 17:06:00.823 6341-6830/com.jhtp.halservice I/KeyDebugPut:(WifiSignalManager.java:59): Key: WIFI_STRENGTH_ENUM, Value: 4
2020-01-27 17:06:00.826 6341-6830/com.jhtp.halservice I/KeyDebugGet:(WifiSignalManager.java:61): Key: NETWORK_CONNECTION_BOOL, Value: 1
2020-01-27 17:06:00.849 6382-6382/com.jhtp.uiservice I/KeyDebugCallback:(TopBarWifiIndicator.java:63): Key: WIFI_STRENGTH_ENUM, Value: 4
2020-01-27 17:06:01.069 7209-7209/com.jht.mainapp I/KeyDebug:(WorkoutLauncher.java:90): Key: ACTION_START_WORKOUT_EVENT
2020-01-27 17:06:01.071 6341-6341/com.jhtp.halservice I/KeyDebugCallback:(HeartRateManager.java:251): Key: ACTION_START_WORKOUT_EVENT, Value: ACTION_START_WORKOUT_EVENT
2020-01-27 17:06:01.071 6360-6360/com.jhtp.workoutcontrollerservice I/KeyDebugCallback:(WorkoutControllerService.java:265): Key: ACTION_START_WORKOUT_EVENT, Value: ACTION_START_WORKOUT_EVENT
2020-01-27 17:06:01.071 6341-6341/com.jhtp.halservice I/KeyDebugPut:(HeartRateManager.java:261): Key: DATA_SALUTRON_START_BOOL, Value: true
2020-01-27 17:06:01.072 6360-6360/com.jhtp.workoutcontrollerservice I/KeyDebugGet:(WorkoutControllerService.java:507): Key: DATA_SAFETY_KEY_STATUS_INT, Value: 0
2020-01-27 17:06:01.073 6360-6360/com.jhtp.workoutcontrollerservice I/KeyDebugPut:(WorkoutControllerService.java:514): Key: DATA_WORKOUT_FUTURE_PARCELABLE, Value: com.jht.chimera.lib.common.WorkoutFuture@6995be4
2020-01-27 17:06:01.073 6341-6341/com.jhtp.halservice I/KeyDebugCallback:(AudioSelectManager.java:48): Key: ACTION_START_WORKOUT_EVENT, Value: ACTION_START_WORKOUT_EVENT
2020-01-27 17:06:01.074 6313-6313/com.jhtp.ioservice I/KeyDebugCallback:(IOCommManager.java:189): Key: ACTION_START_WORKOUT_EVENT, Value: ACTION_START_WORKOUT_EVENT
2020-01-27 17:06:01.076 7209-7209/com.jht.mainapp I/KeyDebugCallback:(GraphManager.java:188): Key: DATA_WORKOUT_FUTURE_PARCELABLE, Value: Bundle[mParcelledData.dataSize=168]
2020-01-27 17:06:01.080 6360-6360/com.jhtp.workoutcontrollerservice I/KeyDebugPut:(StatUpdating.java:347): Key: DATA_SPRINT8_SWEAT_SCORES_PARCEL, Value: Sprint8SweatScores{Sprint8SweatScores=[]}
2020-01-27 17:06:01.083 6382-6382/com.jhtp.uiservice I/KeyDebugCallback:(StandardMessages.java:30): Key: ACTION_START_WORKOUT_EVENT, Value: ACTION_START_WORKOUT_EVENT
2020-01-27 17:06:01.083 6382-6382/com.jhtp.uiservice I/KeyDebugCallback:(ValueUpdatePanel.java:88): Key: DATA_WORKOUT_FUTURE_PARCELABLE, Value: Bundle[mParcelledData.dataSize=168]
2020-01-27 17:06:01.084 6360-6360/com.jhtp.workoutcontrollerservice I/KeyDebugPut:(StatUpdating.java:348): Key: DATA_SPRINT8_SWEAT_SCORE_FLOAT, Value: 0.0
2020-01-27 17:06:01.085 6360-6360/com.jhtp.workoutcontrollerservice I/KeyDebugPut:(StatUpdating.java:350): Key: DATA_DISTANCE_KM_FLOAT, Value: 0.0
2020-01-27 17:06:01.086 6360-6360/com.jhtp.workoutcontrollerservice I/KeyDebugPut:(StatUpdating.java:351): Key: DATA_AVERAGE_SPM_INT, Value: 0
2020-01-27 17:06:01.087 6360-6360/com.jhtp.workoutcontrollerservice I/KeyDebugPut:(StatUpdating.java:352): Key: DATA_STEPS_INT, Value: 0
2020-01-27 17:06:01.088 6360-6360/com.jhtp.workoutcontrollerservice I/KeyDebugPut:(StatUpdating.java:353): Key: DATA_FLOORS_FLOAT, Value: 0.0
2020-01-27 17:06:01.089 6360-6360/com.jhtp.workoutcontrollerservice I/KeyDebugPut:(StatUpdating.java:354): Key: DATA_ELEVATION_METERS_FLOAT, Value: 0.0
2020-01-27 17:06:01.090 6360-6360/com.jhtp.workoutcontrollerservice I/KeyDebugPut:(StatUpdating.java:355): Key: DATA_PACE_SEC_PER_KM_INT, Value: 0
2020-01-27 17:06:01.090 6360-6360/com.jhtp.workoutcontrollerservice I/KeyDebugPut:(StatUpdating.java:356): Key: DATA_AVERAGE_PACE_SEC_PER_KM_INT, Value: 0
2020-01-27 17:06:01.091 6360-6360/com.jhtp.workoutcontrollerservice I/KeyDebugPut:(StatUpdating.java:357): Key: DATA_WORKOUT_SPEED_KPH_FLOAT, Value: 0.0
2020-01-27 17:06:01.092 6360-6360/com.jhtp.workoutcontrollerservice I/KeyDebugPut:(StatUpdating.java:358): Key: DATA_WORKOUT_AVERAGE_SPEED_KPH_FLOAT, Value: 0.0
2020-01-27 17:06:01.092 6360-6360/com.jhtp.workoutcontrollerservice I/KeyDebugPut:(StatUpdating.java:359): Key: DATA_CALORIES_FLOAT, Value: 0.0
2020-01-27 17:06:01.093 6360-6360/com.jhtp.workoutcontrollerservice I/KeyDebugPut:(StatUpdating.java:360): Key: DATA_ACTIVE_CALORIES_FLOAT, Value: 0.0
2020-01-27 17:06:01.094 6360-6360/com.jhtp.workoutcontrollerservice I/KeyDebugPut:(StatUpdating.java:361): Key: DATA_CALORIES_PER_HOUR_INT, Value: 0
2020-01-27 17:06:01.094 6360-6360/com.jhtp.workoutcontrollerservice I/KeyDebugPut:(StatUpdating.java:362): Key: DATA_PEAK_HEART_RATE_INT, Value: 0
2020-01-27 17:06:01.095 6360-6360/com.jhtp.workoutcontrollerservice I/KeyDebugPut:(StatUpdating.java:363): Key: DATA_JOULES_FLOAT, Value: 0.0
2020-01-27 17:06:01.096 6360-6360/com.jhtp.workoutcontrollerservice I/KeyDebugPut:(StatUpdating.java:364): Key: DATA_AVERAGE_WATTS_FLOAT, Value: 0.0
2020-01-27 17:06:01.096 6360-6360/com.jhtp.workoutcontrollerservice I/KeyDebugPut:(StatUpdating.java:365): Key: DATA_AVERAGE_RPM_FLOAT, Value: 0.0
2020-01-27 17:06:01.097 6360-6360/com.jhtp.workoutcontrollerservice I/KeyDebugPut:(StatUpdating.java:366): Key: DATA_AVERAGE_HEART_RATE_FLOAT, Value: 0.0
2020-01-27 17:06:01.097 6360-6360/com.jhtp.workoutcontrollerservice I/KeyDebugPut:(StatUpdating.java:367): Key: DATA_AVERAGE_INCLINE_FLOAT, Value: 0.0
2020-01-27 17:06:01.097 6360-6360/com.jhtp.workoutcontrollerservice I/KeyDebugPut:(StatUpdating.java:368): Key: DATA_AVERAGE_RESISTANCE_FLOAT, Value: 0.0
2020-01-27 17:06:01.098 6360-6360/com.jhtp.workoutcontrollerservice I/KeyDebugPut:(WorkoutDataContainer.java:48): Key: DATA_LAP_COUNT_INT, Value: 0
2020-01-27 17:06:01.099 6360-6360/com.jhtp.workoutcontrollerservice I/KeyDebugPut:(WorkoutDataContainer.java:49): Key: DATA_LAP_BEST_TIME_MS_INT, Value: 0
2020-01-27 17:06:01.099 6360-6360/com.jhtp.workoutcontrollerservice I/KeyDebugPut:(StatUpdating.java:373): Key: DATA_GOAL_REMAINING_FLOAT, Value: 0.0
2020-01-27 17:06:01.100 6360-6360/com.jhtp.workoutcontrollerservice I/KeyDebugPut:(StatUpdating.java:374): Key: DATA_GOAL_VALUE_FLOAT, Value: 0.0
2020-01-27 17:06:01.100 6360-6360/com.jhtp.workoutcontrollerservice I/KeyDebugPut:(StatUpdating.java:376): Key: DATA_LAP_TIME_MS_INT, Value: 0
2020-01-27 17:06:01.101 6360-6360/com.jhtp.workoutcontrollerservice I/KeyDebugPut:(StatUpdating.java:377): Key: DATA_LAP_BEST_TIME_MS_INT, Value: 0
2020-01-27 17:06:01.101 6360-6360/com.jhtp.workoutcontrollerservice I/KeyDebugPut:(StatUpdating.java:378): Key: DATA_LAP_COUNT_INT, Value: 0
2020-01-27 17:06:01.102 6360-6360/com.jhtp.workoutcontrollerservice I/KeyDebugPut:(StatUpdating.java:381): Key: DATA_CURRENT_SPLIT_PARCELABLE, Value: WorkoutSplit{timeSec=0, timeStartSec=0, distanceKm=0.0, distanceStartKm=0.0}
2020-01-27 17:06:01.103 6360-6360/com.jhtp.workoutcontrollerservice I/KeyDebugPut:(StatUpdating.java:382): Key: DATA_SPLIT_LIST_PARCELABLE, Value: StatsSplits{workoutSplits=[]}
2020-01-27 17:06:01.103 6360-6360/com.jhtp.workoutcontrollerservice I/KeyDebugPut:(WorkoutControllerService.java:802): Key: DATA_SPRINT8_CURRENT_STATE_INT, Value: 0
2020-01-27 17:06:01.104 6360-6360/com.jhtp.workoutcontrollerservice I/KeyDebugPut:(WorkoutControllerService.java:803): Key: DATA_FITNESS_TEST_SCORE_FLOAT, Value: 0.0
2020-01-27 17:06:01.104 6360-6360/com.jhtp.workoutcontrollerservice I/KeyDebugPut:(WorkoutControllerService.java:804): Key: DATA_VO2_FLOAT, Value: 0.0
2020-01-27 17:06:01.104 6360-6360/com.jhtp.workoutcontrollerservice I/KeyDebugPut:(WorkoutControllerService.java:805): Key: DATA_SUBMAX_OUTPUT_INT, Value: 0
2020-01-27 17:06:01.105 6360-6360/com.jhtp.workoutcontrollerservice I/KeyDebugPut:(WorkoutControllerService.java:806): Key: DATA_WORKOUT_LEVEL_INT, Value: 0
2020-01-27 17:06:01.105 6360-6360/com.jhtp.workoutcontrollerservice I/KeyDebugPut:(WorkoutControllerService.java:814): Key: DATA_ALLOW_SKIP_WORKOUT_BOOL, Value: true
2020-01-27 17:06:01.106 6360-6360/com.jhtp.workoutcontrollerservice I/KeyDebugPut:(WorkoutControllerService.java:815): Key: DATA_ALLOW_SKIP_WARMUP_BOOL, Value: true
2020-01-27 17:06:01.106 6360-6360/com.jhtp.workoutcontrollerservice I/KeyDebugPut:(WorkoutControllerService.java:816): Key: DATA_ALLOW_PAUSE_BOOL, Value: true
2020-01-27 17:06:01.106 6360-6360/com.jhtp.workoutcontrollerservice I/KeyDebugPut:(WorkoutControllerService.java:817): Key: DATA_ALLOW_USER_CHANGES, Value: true
2020-01-27 17:06:01.107 6360-6360/com.jhtp.workoutcontrollerservice I/KeyDebugPut:(WorkoutControllerService.java:818): Key: DATA_DISABLE_PEDAL_CHANGES_BOOL, Value: false
2020-01-27 17:06:01.108 6360-6360/com.jhtp.workoutcontrollerservice I/KeyDebugGet:(WorkoutControllerService.java:940): Key: COOLDOWN_TIME_INT, Value: 5
2020-01-27 17:06:01.112 6360-6360/com.jhtp.workoutcontrollerservice I/KeyDebugGet:(WorkoutControllerService.java:901): Key: DATA_WORKOUT_ID_INT, Value: 0
2020-01-27 17:06:01.113 6360-6360/com.jhtp.workoutcontrollerservice I/KeyDebugGet:(WorkoutControllerService.java:906): Key: DATA_WORKOUT_VIEW_TYPE_STRING, Value: Default
2020-01-27 17:06:01.113 6360-6360/com.jhtp.workoutcontrollerservice I/KeyDebugPut:(WorkoutControllerService.java:912): Key: DATA_ALLOW_SKIP_WORKOUT_BOOL, Value: true
2020-01-27 17:06:01.114 6360-6360/com.jhtp.workoutcontrollerservice I/KeyDebugPut:(WorkoutControllerService.java:913): Key: DATA_ALLOW_SKIP_WARMUP_BOOL, Value: true
2020-01-27 17:06:01.115 6360-6360/com.jhtp.workoutcontrollerservice I/KeyDebug:(WorkoutControllerService.java:857): Key: ACTION_START_MACHINE
2020-01-27 17:06:01.116 6382-6382/com.jhtp.uiservice I/KeyDebugCallback:(StatValueUpdater.java:122): Key: DATA_DISTANCE_KM_FLOAT, Value: 0.0
2020-01-27 17:06:01.117 6382-6382/com.jhtp.uiservice I/KeyDebugCallback:(StatValueUpdater.java:122): Key: DATA_DISTANCE_KM_FLOAT, Value: 0.0
2020-01-27 17:06:01.117 6327-6327/com.jhtp.lcbservice I/KeyDebugCallback:(LCBService.java:314): Key: ACTION_START_MACHINE, Value: ACTION_START_MACHINE
2020-01-27 17:06:01.117 6382-6382/com.jhtp.uiservice I/KeyDebugCallback:(StatValueUpdater.java:122): Key: DATA_ELEVATION_METERS_FLOAT, Value: 0.0
2020-01-27 17:06:01.118 6382-6382/com.jhtp.uiservice I/KeyDebugCallback:(StatValueUpdater.java:122): Key: DATA_WORKOUT_SPEED_KPH_FLOAT, Value: 0.0
2020-01-27 17:06:01.118 6382-6382/com.jhtp.uiservice I/KeyDebugCallback:(StatValueUpdater.java:122): Key: DATA_WORKOUT_AVERAGE_SPEED_KPH_FLOAT, Value: 0.0
2020-01-27 17:06:01.118 6382-6382/com.jhtp.uiservice I/KeyDebugCallback:(StatValueUpdater.java:122): Key: DATA_CALORIES_FLOAT, Value: 0.0
2020-01-27 17:06:01.118 6382-6382/com.jhtp.uiservice I/KeyDebugCallback:(StatPanelManager.java:95): Key: DATA_CALORIES_FLOAT, Value: 0.0
2020-01-27 17:06:01.118 6360-6360/com.jhtp.workoutcontrollerservice I/KeyDebugPut:(WorkoutControllerService.java:794): Key: DATA_WORKOUT_STAGE_INT, Value: 1
2020-01-27 17:06:01.120 7209-7209/com.jht.mainapp I/KeyDebugCallback:(WorkoutTrackingService.java:111): Key: DATA_WORKOUT_STAGE_INT, Value: 1
2020-01-27 17:06:01.121 6447-6447/com.jhtp.messagecenter I/KeyDebugCallback:(MessageCenterService.java:125): Key: DATA_WORKOUT_STAGE_INT, Value: 1
2020-01-27 17:06:01.122 6327-6917/com.jhtp.lcbservice I/KeyDebugGet:(LCBService.java:477): Key: DATA_USER_WEIGHT_KG_FLOAT, Value: 68.0388
2020-01-27 17:06:01.122 6327-6917/com.jhtp.lcbservice I/KeyDebugPut:(LCBService.java:500): Key: DATA_TARGET_SPEED_KPH_FLOAT, Value: 0.0
2020-01-27 17:06:01.122 6382-6382/com.jhtp.uiservice I/KeyDebugGet:(StatPanelManager.java:146): Key: DATA_ACTIVE_CALORIES_FLOAT, Value: 0.0
2020-01-27 17:06:01.123 6382-6382/com.jhtp.uiservice I/KeyDebugGet:(StatPanelManager.java:147): Key: DATA_CALORIES_FLOAT, Value: 0.0
2020-01-27 17:06:01.123 7209-7209/com.jht.mainapp I/KeyDebugGet:(WorkoutTrackingService.java:123): Key: DATA_RUN_STATE_INT, Value: 0
2020-01-27 17:06:01.123 6382-6382/com.jhtp.uiservice I/KeyDebugCallback:(StatPanelManager.java:96): Key: DATA_ACTIVE_CALORIES_FLOAT, Value: 0.0
2020-01-27 17:06:01.124 6327-6917/com.jhtp.lcbservice I/KeyDebugPut:(LCBService.java:501): Key: DATA_ACTUAL_SPEED_KPH_FLOAT, Value: 0.0
2020-01-27 17:06:01.124 7209-7209/com.jht.mainapp I/KeyDebugGet:(WorkoutTrackingService.java:124): Key: DATA_WORKOUT_STAGE_INT, Value: 1
2020-01-27 17:06:01.124 7209-7209/com.jht.mainapp I/KeyDebugCallback:(WorkoutActivity.java:107): Key: DATA_WORKOUT_STAGE_INT, Value: 1
2020-01-27 17:06:01.124 6382-6382/com.jhtp.uiservice I/KeyDebugGet:(StatPanelManager.java:146): Key: DATA_ACTIVE_CALORIES_FLOAT, Value: 0.0
2020-01-27 17:06:01.125 7209-7209/com.jht.mainapp I/KeyDebugGet:(AppManager.java:701): Key: DATA_WORKOUT_VIEW_TYPE_STRING, Value: Default
2020-01-27 17:06:01.125 6327-6917/com.jhtp.lcbservice I/KeyDebugPut:(LCBService.java:502): Key: DATA_TARGET_INCLINE_FLOAT, Value: 0.0
2020-01-27 17:06:01.125 6382-6382/com.jhtp.uiservice I/KeyDebugGet:(StatPanelManager.java:147): Key: DATA_CALORIES_FLOAT, Value: 0.0
2020-01-27 17:06:01.126 6382-6382/com.jhtp.uiservice I/KeyDebugCallback:(StatValueUpdater.java:112): Key: DATA_CALORIES_PER_HOUR_INT, Value: 0
2020-01-27 17:06:01.126 6382-6382/com.jhtp.uiservice I/KeyDebugCallback:(StatValueUpdater.java:112): Key: DATA_PEAK_HEART_RATE_INT, Value: 0
2020-01-27 17:06:01.126 6382-6382/com.jhtp.uiservice I/KeyDebugCallback:(StatValueUpdater.java:122): Key: DATA_GOAL_REMAINING_FLOAT, Value: 0.0
2020-01-27 17:06:01.126 6327-6917/com.jhtp.lcbservice I/KeyDebugPut:(LCBService.java:503): Key: DATA_ACTUAL_INCLINE_FLOAT, Value: 0.0
2020-01-27 17:06:01.126 7209-7209/com.jht.mainapp I/KeyDebugGet:(AppManager.java:112): Key: EGYM_ENABLED_BOOL, Value: 0
2020-01-27 17:06:01.127 6382-6382/com.jhtp.uiservice I/KeyDebugCallback:(WorkoutBottomPanel.java:298): Key: DATA_GOAL_REMAINING_FLOAT, Value: 0.0
2020-01-27 17:06:01.127 6327-6917/com.jhtp.lcbservice I/KeyDebugPut:(LCBService.java:504): Key: DATA_INCLINE_ADC_INT, Value: 0
2020-01-27 17:06:01.127 6327-6917/com.jhtp.lcbservice I/KeyDebugPut:(LCBService.java:505): Key: DATA_RESISTANCE_INT, Value: 1
2020-01-27 17:06:01.127 7209-7209/com.jht.mainapp I/KeyDebugGet:(AppManager.java:570): Key: USE_ASSET_MANAGEMENT_BOOL, Value: 1
2020-01-27 17:06:01.128 6327-6917/com.jhtp.lcbservice I/KeyDebugPut:(LCBService.java:506): Key: DATA_RPM_INT, Value: 0
2020-01-27 17:06:01.128 7209-7209/com.jht.mainapp I/KeyDebugGet:(AppManager.java:571): Key: USE_WORKOUT_TRACKING_BOOL, Value: 1
2020-01-27 17:06:01.129 7209-7209/com.jht.mainapp I/KeyDebugGet:(AppManager.java:570): Key: USE_ASSET_MANAGEMENT_BOOL, Value: 1
2020-01-27 17:06:01.130 6360-6360/com.jhtp.workoutcontrollerservice I/KeyDebugPut:(WorkoutControllerService.java:1161): Key: DATA_TIME_ELAPSED_MS_INT, Value: 0
2020-01-27 17:06:01.130 7209-7209/com.jht.mainapp I/KeyDebugGet:(AppManager.java:571): Key: USE_WORKOUT_TRACKING_BOOL, Value: 1
2020-01-27 17:06:01.131 6341-6341/com.jhtp.halservice I/KeyDebugCallback:(HALService.java:162): Key: DATA_RPM_INT, Value: 0
2020-01-27 17:06:01.131 6341-6341/com.jhtp.halservice I/KeyDebugGet:(HALService.java:211): Key: IS_DEMO_MODE_BOOL, Value: 1
2020-01-27 17:06:01.131 7209-7209/com.jht.mainapp I/KeyDebugGet:(AppManager.java:570): Key: USE_ASSET_MANAGEMENT_BOOL, Value: 1
2020-01-27 17:06:01.131 6327-6917/com.jhtp.lcbservice I/KeyDebugPut:(LCBService.java:507): Key: DATA_SPM_INT, Value: 0
2020-01-27 17:06:01.132 6382-6382/com.jhtp.uiservice I/KeyDebugGet:(WorkoutBottomPanel.java:181): Key: DATA_RUN_STATE_INT, Value: 0
2020-01-27 17:06:01.132 7209-7209/com.jht.mainapp I/KeyDebugGet:(AppManager.java:571): Key: USE_WORKOUT_TRACKING_BOOL, Value: 1
2020-01-27 17:06:01.132 6382-6382/com.jhtp.uiservice I/KeyDebugCallback:(StatValueUpdater.java:122): Key: DATA_GOAL_VALUE_FLOAT, Value: 0.0
2020-01-27 17:06:01.132 6382-6382/com.jhtp.uiservice I/KeyDebugCallback:(WorkoutBottomPanel.java:303): Key: DATA_GOAL_VALUE_FLOAT, Value: 0.0
2020-01-27 17:06:01.133 6397-6397/com.jhtp.dapiservice I/KeyDebugCallback:(DAPIWorkoutTracking.java:93): Key: DATA_TIME_ELAPSED_MS_INT, Value: 0
2020-01-27 17:06:01.135 6341-6341/com.jhtp.halservice I/KeyDebugGet:(HALService.java:243): Key: DATA_IS_SAFE_TO_START_WORKOUT_BOOL, Value: 1
2020-01-27 17:06:01.135 6341-6341/com.jhtp.halservice I/KeyDebugCallback:(HeartRateManager.java:209): Key: DATA_TIME_ELAPSED_MS_INT, Value: 0
2020-01-27 17:06:01.135 7209-7209/com.jht.mainapp I/KeyDebugGet:(AppManager.java:570): Key: USE_ASSET_MANAGEMENT_BOOL, Value: 1
2020-01-27 17:06:01.136 6360-6360/com.jhtp.workoutcontrollerservice I/KeyDebugPut:(WorkoutControllerService.java:1164): Key: DATA_PRE_COOL_DOWN_TIME_ELAPSED_MS_INT, Value: 0
2020-01-27 17:06:01.136 6341-6341/com.jhtp.halservice I/KeyDebugGet:(HeartRateManager.java:210): Key: ANT_PLUS_DEVICE_SEND_DATA_BOOL, Value: 0
2020-01-27 17:06:01.136 6341-6341/com.jhtp.halservice I/KeyDebugGet:(HeartRateManager.java:211): Key: SALUTRON_FTMS_ENABLED, Value: 0
2020-01-27 17:06:01.136 7209-7209/com.jht.mainapp I/KeyDebugGet:(AppManager.java:571): Key: USE_WORKOUT_TRACKING_BOOL, Value: 1
2020-01-27 17:06:01.137 6327-6917/com.jhtp.lcbservice I/KeyDebugPut:(LCBService.java:508): Key: DATA_TARGET_SPM_INT, Value: 0
2020-01-27 17:06:01.137 7209-7209/com.jht.mainapp I/KeyDebugGet:(AppManager.java:570): Key: USE_ASSET_MANAGEMENT_BOOL, Value: 1
2020-01-27 17:06:01.137 6341-6341/com.jhtp.halservice I/KeyDebugGet:(HeartRateManager.java:212): Key: DATA_RUN_STATE_INT, Value: 0
2020-01-27 17:06:01.137 6341-6341/com.jhtp.halservice I/KeyDebugCallback:(OverCurrentManager.java:94): Key: DATA_TIME_ELAPSED_MS_INT, Value: 0
2020-01-27 17:06:01.138 6382-6382/com.jhtp.uiservice I/KeyDebugGet:(WorkoutBottomPanel.java:181): Key: DATA_RUN_STATE_INT, Value: 0
2020-01-27 17:06:01.138 6360-6360/com.jhtp.workoutcontrollerservice I/KeyDebugGet:(WorkoutDataContainer.java:59): Key: DATA_WORKOUT_STAGE_INT, Value: 1
2020-01-27 17:06:01.138 6327-6917/com.jhtp.lcbservice I/KeyDebugPut:(LCBService.java:509): Key: DATA_WATTS_FLOAT, Value: 0.0
2020-01-27 17:06:01.138 7209-7209/com.jht.mainapp I/KeyDebugGet:(AppManager.java:571): Key: USE_WORKOUT_TRACKING_BOOL, Value: 1
2020-01-27 17:06:01.139 6397-6397/com.jhtp.dapiservice I/KeyDebugGet:(DAPIWorkoutTracking.java:181): Key: DATA_WORKOUT_ID_INT, Value: 0
2020-01-27 17:06:01.139 6341-6341/com.jhtp.halservice I/KeyDebugGet:(OverCurrentManager.java:114): Key: DATA_TARGET_SPEED_KPH_FLOAT, Value: 0.0
2020-01-27 17:06:01.139 7209-7209/com.jht.mainapp I/KeyDebugGet:(AppManager.java:315): Key: TV_REMOTE_TV_BOOL, Value: 0
2020-01-27 17:06:01.140 6360-6360/com.jhtp.workoutcontrollerservice I/KeyDebugGet:(StatUpdating.java:258): Key: GYM_KIT_STATUS_INT, Value: 2
2020-01-27 17:06:01.141 6327-6917/com.jhtp.lcbservice I/KeyDebugPut:(LCBService.java:510): Key: DATA_CALORIES_PER_SEC_FLOAT, Value: 0.0
2020-01-27 17:06:01.141 7209-7209/com.jht.mainapp I/KeyDebugGet:(AppManager.java:570): Key: USE_ASSET_MANAGEMENT_BOOL, Value: 1
2020-01-27 17:06:01.141 6360-6360/com.jhtp.workoutcontrollerservice I/KeyDebugGet:(StatUpdating.java:258): Key: GYM_KIT_STATUS_INT, Value: 2
2020-01-27 17:06:01.141 7209-7209/com.jht.mainapp I/KeyDebugGet:(AppManager.java:571): Key: USE_WORKOUT_TRACKING_BOOL, Value: 1
2020-01-27 17:06:01.142 6397-6397/com.jhtp.dapiservice I/KeyDebugGet:(DAPIWorkoutTracking.java:183): Key: DATA_DISTANCE_KM_FLOAT, Value: 0.0
2020-01-27 17:06:01.142 7209-7209/com.jht.mainapp I/KeyDebugGet:(AppManager.java:570): Key: USE_ASSET_MANAGEMENT_BOOL, Value: 1
2020-01-27 17:06:01.143 7209-7209/com.jht.mainapp I/KeyDebugGet:(AppManager.java:571): Key: USE_WORKOUT_TRACKING_BOOL, Value: 1
2020-01-27 17:06:01.144 7209-7209/com.jht.mainapp I/KeyDebugGet:(AppManager.java:570): Key: USE_ASSET_MANAGEMENT_BOOL, Value: 1
2020-01-27 17:06:01.143 6360-6360/com.jhtp.workoutcontrollerservice I/KeyDebugPut:(StatUpdating.java:283): Key: DATA_DISTANCE_KM_FLOAT, Value: 0.0
2020-01-27 17:06:01.145 7209-7209/com.jht.mainapp I/KeyDebugGet:(AppManager.java:571): Key: USE_WORKOUT_TRACKING_BOOL, Value: 1
2020-01-27 17:06:01.145 6397-6397/com.jhtp.dapiservice I/KeyDebugGet:(DAPIWorkoutTracking.java:184): Key: DATA_RESISTANCE_INT, Value: 1
2020-01-27 17:06:01.145 7209-7209/com.jht.mainapp I/KeyDebugGet:(AppManager.java:570): Key: USE_ASSET_MANAGEMENT_BOOL, Value: 1
2020-01-27 17:06:01.146 7209-7209/com.jht.mainapp I/KeyDebugGet:(AppManager.java:571): Key: USE_WORKOUT_TRACKING_BOOL, Value: 1
2020-01-27 17:06:01.146 6327-6917/com.jhtp.lcbservice I/KeyDebugPut:(LCBService.java:511): Key: DATA_METS_FLOAT, Value: 1.0
2020-01-27 17:06:01.147 7209-7209/com.jht.mainapp I/KeyDebugGet:(AppManager.java:570): Key: USE_ASSET_MANAGEMENT_BOOL, Value: 1
2020-01-27 17:06:01.147 7209-7209/com.jht.mainapp I/KeyDebugGet:(AppManager.java:571): Key: USE_WORKOUT_TRACKING_BOOL, Value: 1
2020-01-27 17:06:01.148 6382-6382/com.jhtp.uiservice I/KeyDebugCallback:(WorkoutLeftPanel.java:186): Key: DATA_WORKOUT_STAGE_INT, Value: 1
2020-01-27 17:06:01.148 7209-7209/com.jht.mainapp I/KeyDebugGet:(AppManager.java:570): Key: USE_ASSET_MANAGEMENT_BOOL, Value: 1
2020-01-27 17:06:01.148 6382-6382/com.jhtp.uiservice I/KeyDebugCallback:(Sprint8TopPanel.java:203): Key: DATA_WORKOUT_STAGE_INT, Value: 1
2020-01-27 17:06:01.149 6382-6382/com.jhtp.uiservice I/KeyDebugCallback:(ValueUpdatePanel.java:102): Key: DATA_WORKOUT_STAGE_INT, Value: 1
2020-01-27 17:06:01.149 6382-6382/com.jhtp.uiservice I/KeyDebugCallback:(StatPanelManager.java:78): Key: DATA_WORKOUT_STAGE_INT, Value: 1
2020-01-27 17:06:01.149 7209-7209/com.jht.mainapp I/KeyDebugGet:(AppManager.java:571): Key: USE_WORKOUT_TRACKING_BOOL, Value: 1
2020-01-27 17:06:01.149 6382-6382/com.jhtp.uiservice I/KeyDebugCallback:(StatValueUpdater.java:122): Key: DATA_TARGET_SPEED_KPH_FLOAT, Value: 0.0
2020-01-27 17:06:01.149 6382-6382/com.jhtp.uiservice I/KeyDebugCallback:(RightPanelSpeedLogic.java:244): Key: DATA_TARGET_SPEED_KPH_FLOAT, Value: 0.0
2020-01-27 17:06:01.149 6382-6382/com.jhtp.uiservice I/KeyDebugCallback:(StatValueUpdater.java:122): Key: DATA_TARGET_INCLINE_FLOAT, Value: 0.0
2020-01-27 17:06:01.150 7209-7209/com.jht.mainapp I/KeyDebugGet:(AppManager.java:570): Key: USE_ASSET_MANAGEMENT_BOOL, Value: 1
2020-01-27 17:06:01.150 6382-6382/com.jhtp.uiservice I/KeyDebugCallback:(ValueUpdatePanel.java:90): Key: DATA_TIME_ELAPSED_MS_INT, Value: 0
2020-01-27 17:06:01.150 7209-7209/com.jht.mainapp I/KeyDebugGet:(AppManager.java:571): Key: USE_WORKOUT_TRACKING_BOOL, Value: 1
2020-01-27 17:06:01.151 7209-7209/com.jht.mainapp I/KeyDebugGet:(AppManager.java:570): Key: USE_ASSET_MANAGEMENT_BOOL, Value: 1
2020-01-27 17:06:01.151 6341-6341/com.jhtp.halservice I/KeyDebugGet:(OverCurrentManager.java:115): Key: DATA_ACTUAL_SPEED_KPH_FLOAT, Value: 0.0
2020-01-27 17:06:01.152 6360-6360/com.jhtp.workoutcontrollerservice I/KeyDebugPut:(StatUpdating.java:284): Key: DATA_ELEVATION_METERS_FLOAT, Value: 0.0
2020-01-27 17:06:01.153 6341-6341/com.jhtp.halservice I/KeyDebugGet:(OverCurrentManager.java:168): Key: ENABLE_OVER_CURRENT_PROTECTION_BOOL, Value: 0
2020-01-27 17:06:01.153 6341-6341/com.jhtp.halservice I/KeyDebugCallback:(HALService.java:163): Key: DATA_SPM_INT, Value: 0
2020-01-27 17:06:01.153 7209-7209/com.jht.mainapp I/KeyDebugGet:(AppManager.java:571): Key: USE_WORKOUT_TRACKING_BOOL, Value: 1
2020-01-27 17:06:01.153 6397-6397/com.jhtp.dapiservice I/KeyDebugGet:(DAPIWorkoutTracking.java:185): Key: DATA_HEART_RATE_INT, Value: 0
2020-01-27 17:06:01.153 6360-6360/com.jhtp.workoutcontrollerservice I/KeyDebugPut:(StatUpdating.java:285): Key: DATA_STEPS_INT, Value: 0
2020-01-27 17:06:01.154 6341-6341/com.jhtp.halservice I/KeyDebugGet:(HALService.java:211): Key: IS_DEMO_MODE_BOOL, Value: 1
2020-01-27 17:06:01.154 7209-7209/com.jht.mainapp I/KeyDebugGet:(AppManager.java:570): Key: USE_ASSET_MANAGEMENT_BOOL, Value: 1
2020-01-27 17:06:01.154 6397-6397/com.jhtp.dapiservice I/KeyDebugGet:(DAPIWorkoutTracking.java:186): Key: DATA_WATTS_FLOAT, Value: 0.0
2020-01-27 17:06:01.154 6341-6341/com.jhtp.halservice I/KeyDebugGet:(HALService.java:243): Key: DATA_IS_SAFE_TO_START_WORKOUT_BOOL, Value: 1
2020-01-27 17:06:01.154 7209-7209/com.jht.mainapp I/KeyDebugGet:(AppManager.java:571): Key: USE_WORKOUT_TRACKING_BOOL, Value: 1
2020-01-27 17:06:01.155 6360-6360/com.jhtp.workoutcontrollerservice I/KeyDebugPut:(StatUpdating.java:286): Key: DATA_CALORIES_FLOAT, Value: 0.0
2020-01-27 17:06:01.155 7209-7209/com.jht.mainapp I/KeyDebugGet:(AppManager.java:570): Key: USE_ASSET_MANAGEMENT_BOOL, Value: 1
2020-01-27 17:06:01.155 7209-7209/com.jht.mainapp I/KeyDebugGet:(AppManager.java:571): Key: USE_WORKOUT_TRACKING_BOOL, Value: 1
2020-01-27 17:06:01.155 6397-6397/com.jhtp.dapiservice I/KeyDebugGet:(DAPIWorkoutTracking.java:187): Key: DATA_WORKOUT_STAGE_INT, Value: 1
2020-01-27 17:06:01.156 7209-7209/com.jht.mainapp I/KeyDebugGet:(AppManager.java:433): Key: USE_ASSET_MANAGEMENT_BOOL, Value: 1
2020-01-27 17:06:01.156 6397-6397/com.jhtp.dapiservice I/KeyDebugGet:(DAPIWorkoutTracking.java:188): Key: DATA_TIME_ELAPSED_MS_INT, Value: 0
2020-01-27 17:06:01.156 7209-7209/com.jht.mainapp I/KeyDebugGet:(AppManager.java:570): Key: USE_ASSET_MANAGEMENT_BOOL, Value: 1
2020-01-27 17:06:01.157 7209-7209/com.jht.mainapp I/KeyDebugGet:(AppManager.java:571): Key: USE_WORKOUT_TRACKING_BOOL, Value: 1
2020-01-27 17:06:01.157 6397-6397/com.jhtp.dapiservice I/KeyDebugGet:(DAPIWorkoutTracking.java:189): Key: DATA_LAP_COUNT_INT, Value: 0
2020-01-27 17:06:01.157 7209-7209/com.jht.mainapp I/KeyDebugGet:(AppManager.java:442): Key: USE_ASSET_MANAGEMENT_BOOL, Value: 1
2020-01-27 17:06:01.158 7209-7209/com.jht.mainapp I/KeyDebugGet:(DapiUser.java:114): Key: DATA_USER_DAPI_UUID_STRING, Value: 00000000-0000-0000-0000-000000000000
2020-01-27 17:06:01.164 6360-6360/com.jhtp.workoutcontrollerservice I/KeyDebugPut:(StatUpdating.java:287): Key: DATA_PEAK_HEART_RATE_INT, Value: 0
2020-01-27 17:06:01.164 6397-6397/com.jhtp.dapiservice I/KeyDebugGet:(DAPIWorkoutTracking.java:191): Key: DATA_ACTUAL_SPEED_KPH_FLOAT, Value: 0.0
2020-01-27 17:06:01.166 6397-6397/com.jhtp.dapiservice I/KeyDebugGet:(DAPIWorkoutTracking.java:192): Key: DATA_ACTUAL_INCLINE_FLOAT, Value: 0.0
2020-01-27 17:06:01.166 6382-6382/com.jhtp.uiservice I/KeyDebugGet:(ValueUpdatePanel.java:140): Key: DATA_WORKOUT_VIEW_TYPE_STRING, Value: Default
2020-01-27 17:06:01.166 6382-6382/com.jhtp.uiservice I/KeyDebugCallback:(StatValueUpdater.java:112): Key: DATA_TIME_ELAPSED_MS_INT, Value: 0
2020-01-27 17:06:01.166 6360-6360/com.jhtp.workoutcontrollerservice I/KeyDebugPut:(StatUpdating.java:288): Key: DATA_FLOORS_FLOAT, Value: 0.0
2020-01-27 17:06:01.167 6397-6397/com.jhtp.dapiservice I/KeyDebugGet:(DAPIWorkoutTracking.java:193): Key: DATA_CALORIES_FLOAT, Value: 0.0
2020-01-27 17:06:01.168 7209-7209/com.jht.mainapp I/KeyDebugGet:(AppManager.java:701): Key: DATA_WORKOUT_VIEW_TYPE_STRING, Value: Default
