2020-01-27 17:05:57.508 7209-7209/com.jht.mainapp I/KeyDebugGet:(AppManager.java:571): Key: USE_WORKOUT_TRACKING_BOOL, Value: 1
2020-01-27 17:05:57.509 7209-7209/com.jht.mainapp I/KeyDebugGet:(AppManager.java:570): Key: USE_ASSET_MANAGEMENT_BOOL, Value: 1
2020-01-27 17:05:57.511 7209-7209/com.jht.mainapp I/KeyDebugGet:(AppManager.java:571): Key: USE_WORKOUT_TRACKING_BOOL, Value: 1
2020-01-27 17:05:57.512 7209-7209/com.jht.mainapp I/KeyDebugGet:(AppManager.java:570): Key: USE_ASSET_MANAGEMENT_BOOL, Value: 1
2020-01-27 17:05:57.513 7209-7209/com.jht.mainapp I/KeyDebugGet:(AppManager.java:571): Key: USE_WORKOUT_TRACKING_BOOL, Value: 1
2020-01-27 17:05:57.513 7209-7209/com.jht.mainapp I/KeyDebugGet:(AppManager.java:570): Key: USE_ASSET_MANAGEMENT_BOOL, Value: 1
2020-01-27 17:05:57.514 7209-7209/com.jht.mainapp I/KeyDebugGet:(AppManager.java:571): Key: USE_WORKOUT_TRACKING_BOOL, Value: 1
2020-01-27 17:05:57.515 7209-7209/com.jht.mainapp I/KeyDebugGet:(AppManager.java:570): Key: USE_ASSET_MANAGEMENT_BOOL, Value: 1
2020-01-27 17:05:57.516 7209-7209/com.jht.mainapp I/KeyDebugGet:(AppManager.java:571): Key: USE_WORKOUT_TRACKING_BOOL, Value: 1
2020-01-27 17:05:57.516 7209-7209/com.jht.mainapp I/KeyDebugGet:(AppManager.java:570): Key: USE_ASSET_MANAGEMENT_BOOL, Value: 1
2020-01-27 17:05:57.517 7209-7209/com.jht.mainapp I/KeyDebugGet:(AppManager.java:571): Key: USE_WORKOUT_TRACKING_BOOL, Value: 1
2020-01-27 17:05:57.518 7209-7209/com.jht.mainapp I/KeyDebugGet:(AppManager.java:433): Key: USE_ASSET_MANAGEMENT_BOOL, Value: 1
2020-01-27 17:05:57.518 7209-7209/com.jht.mainapp I/KeyDebugGet:(AppManager.java:570): Key: USE_ASSET_MANAGEMENT_BOOL, Value: 1
2020-01-27 17:05:57.518 7209-7209/com.jht.mainapp I/KeyDebugGet:(AppManager.java:571): Key: USE_WORKOUT_TRACKING_BOOL, Value: 1
2020-01-27 17:05:57.519 7209-7209/com.jht.mainapp I/KeyDebugGet:(AppManager.java:442): Key: USE_ASSET_MANAGEMENT_BOOL, Value: 1
2020-01-27 17:05:57.520 7209-7209/com.jht.mainapp I/KeyDebugGet:(DapiUser.java:114): Key: DATA_USER_DAPI_UUID_STRING, Value: 00000000-0000-0000-0000-000000000000
2020-01-27 17:05:57.522 7209-7209/com.jht.mainapp I/KeyDebugGet:(AppManager.java:701): Key: DATA_WORKOUT_VIEW_TYPE_STRING, Value: Default
2020-01-27 17:05:57.523 7209-7209/com.jht.mainapp I/KeyDebugGet:(AppManager.java:112): Key: EGYM_ENABLED_BOOL, Value: 0
2020-01-27 17:05:57.524 7209-7209/com.jht.mainapp I/KeyDebugGet:(AppManager.java:570): Key: USE_ASSET_MANAGEMENT_BOOL, Value: 1
2020-01-27 17:05:57.525 7209-7209/com.jht.mainapp I/KeyDebugGet:(AppManager.java:571): Key: USE_WORKOUT_TRACKING_BOOL, Value: 1
2020-01-27 17:05:57.525 7209-7209/com.jht.mainapp I/KeyDebugGet:(AppManager.java:570): Key: USE_ASSET_MANAGEMENT_BOOL, Value: 1
2020-01-27 17:05:57.526 7209-7209/com.jht.mainapp I/KeyDebugGet:(AppManager.java:571): Key: USE_WORKOUT_TRACKING_BOOL, Value: 1
2020-01-27 17:05:57.527 7209-7209/com.jht.mainapp I/KeyDebugGet:(AppManager.java:570): Key: USE_ASSET_MANAGEMENT_BOOL, Value: 1
2020-01-27 17:05:57.528 7209-7209/com.jht.mainapp I/KeyDebugGet:(AppManager.java:571): Key: USE_WORKOUT_TRACKING_BOOL, Value: 1
2020-01-27 17:05:57.528 7209-7209/com.jht.mainapp I/KeyDebugGet:(AppManager.java:570): Key: USE_ASSET_MANAGEMENT_BOOL, Value: 1
2020-01-27 17:05:57.529 7209-7209/com.jht.mainapp I/KeyDebugGet:(AppManager.java:571): Key: USE_WORKOUT_TRACKING_BOOL, Value: 1
2020-01-27 17:05:57.529 7209-7209/com.jht.mainapp I/KeyDebugGet:(AppManager.java:570): Key: USE_ASSET_MANAGEMENT_BOOL, Value: 1
2020-01-27 17:05:57.530 7209-7209/com.jht.mainapp I/KeyDebugGet:(AppManager.java:571): Key: USE_WORKOUT_TRACKING_BOOL, Value: 1
2020-01-27 17:05:57.530 7209-7209/com.jht.mainapp I/KeyDebugGet:(AppManager.java:315): Key: TV_REMOTE_TV_BOOL, Value: 0
2020-01-27 17:05:57.531 7209-7209/com.jht.mainapp I/KeyDebugGet:(AppManager.java:570): Key: USE_ASSET_MANAGEMENT_BOOL, Value: 1
2020-01-27 17:05:57.531 7209-7209/com.jht.mainapp I/KeyDebugGet:(AppManager.java:571): Key: USE_WORKOUT_TRACKING_BOOL, Value: 1
2020-01-27 17:05:57.532 7209-7209/com.jht.mainapp I/KeyDebugGet:(AppManager.java:570): Key: USE_ASSET_MANAGEMENT_BOOL, Value: 1
2020-01-27 17:05:57.532 7209-7209/com.jht.mainapp I/KeyDebugGet:(AppManager.java:571): Key: USE_WORKOUT_TRACKING_BOOL, Value: 1
2020-01-27 17:05:57.533 7209-7209/com.jht.mainapp I/KeyDebugGet:(AppManager.java:570): Key: USE_ASSET_MANAGEMENT_BOOL, Value: 1
2020-01-27 17:05:57.533 7209-7209/com.jht.mainapp I/KeyDebugGet:(AppManager.java:571): Key: USE_WORKOUT_TRACKING_BOOL, Value: 1
2020-01-27 17:05:57.533 7209-7209/com.jht.mainapp I/KeyDebugGet:(AppManager.java:570): Key: USE_ASSET_MANAGEMENT_BOOL, Value: 1
2020-01-27 17:05:57.536 7209-7209/com.jht.mainapp I/KeyDebugGet:(AppManager.java:571): Key: USE_WORKOUT_TRACKING_BOOL, Value: 1
2020-01-27 17:05:57.537 7209-7209/com.jht.mainapp I/KeyDebugGet:(AppManager.java:570): Key: USE_ASSET_MANAGEMENT_BOOL, Value: 1
2020-01-27 17:05:57.538 6382-6382/com.jhtp.uiservice I/KeyDebugGet:(DataMatrix.java:241): Key: IS_UPDATE_DOWNLOADING_BOOL, Value: 0
2020-01-27 17:05:57.538 7209-7209/com.jht.mainapp I/KeyDebugGet:(AppManager.java:571): Key: USE_WORKOUT_TRACKING_BOOL, Value: 1
2020-01-27 17:05:57.539 7209-7209/com.jht.mainapp I/KeyDebugGet:(AppManager.java:570): Key: USE_ASSET_MANAGEMENT_BOOL, Value: 1
2020-01-27 17:05:57.541 7209-7209/com.jht.mainapp I/KeyDebugGet:(AppManager.java:571): Key: USE_WORKOUT_TRACKING_BOOL, Value: 1
2020-01-27 17:05:57.543 7209-7209/com.jht.mainapp I/KeyDebugGet:(AppManager.java:570): Key: USE_ASSET_MANAGEMENT_BOOL, Value: 1
2020-01-27 17:05:57.545 7209-7209/com.jht.mainapp I/KeyDebugGet:(AppManager.java:571): Key: USE_WORKOUT_TRACKING_BOOL, Value: 1
2020-01-27 17:05:57.545 7209-7209/com.jht.mainapp I/KeyDebugGet:(AppManager.java:570): Key: USE_ASSET_MANAGEMENT_BOOL, Value: 1
2020-01-27 17:05:57.546 7209-7209/com.jht.mainapp I/KeyDebugGet:(AppManager.java:571): Key: USE_WORKOUT_TRACKING_BOOL, Value: 1
2020-01-27 17:05:57.547 7209-7209/com.jht.mainapp I/KeyDebugGet:(AppManager.java:570): Key: USE_ASSET_MANAGEMENT_BOOL, Value: 1
2020-01-27 17:05:57.547 7209-7209/com.jht.mainapp I/KeyDebugGet:(AppManager.java:571): Key: USE_WORKOUT_TRACKING_BOOL, Value: 1
2020-01-27 17:05:57.548 7209-7209/com.jht.mainapp I/KeyDebugGet:(AppManager.java:570): Key: USE_ASSET_MANAGEMENT_BOOL, Value: 1
2020-01-27 17:05:57.548 7209-7209/com.jht.mainapp I/KeyDebugGet:(AppManager.java:571): Key: USE_WORKOUT_TRACKING_BOOL, Value: 1
2020-01-27 17:05:57.549 7209-7209/com.jht.mainapp I/KeyDebugGet:(AppManager.java:433): Key: USE_ASSET_MANAGEMENT_BOOL, Value: 1
2020-01-27 17:05:57.550 7209-7209/com.jht.mainapp I/KeyDebugGet:(AppManager.java:570): Key: USE_ASSET_MANAGEMENT_BOOL, Value: 1
2020-01-27 17:05:57.550 7209-7209/com.jht.mainapp I/KeyDebugGet:(AppManager.java:571): Key: USE_WORKOUT_TRACKING_BOOL, Value: 1
2020-01-27 17:05:57.551 7209-7209/com.jht.mainapp I/KeyDebugGet:(AppManager.java:442): Key: USE_ASSET_MANAGEMENT_BOOL, Value: 1
2020-01-27 17:05:57.552 7209-7209/com.jht.mainapp I/KeyDebugGet:(DapiUser.java:114): Key: DATA_USER_DAPI_UUID_STRING, Value: 00000000-0000-0000-0000-000000000000
2020-01-27 17:05:57.553 7209-7209/com.jht.mainapp I/KeyDebugGet:(AppManager.java:701): Key: DATA_WORKOUT_VIEW_TYPE_STRING, Value: Default
2020-01-27 17:05:57.554 7209-7209/com.jht.mainapp I/KeyDebugGet:(AppManager.java:112): Key: EGYM_ENABLED_BOOL, Value: 0
2020-01-27 17:05:57.554 7209-7209/com.jht.mainapp I/KeyDebugGet:(AppManager.java:570): Key: USE_ASSET_MANAGEMENT_BOOL, Value: 1
2020-01-27 17:05:57.555 7209-7209/com.jht.mainapp I/KeyDebugGet:(AppManager.java:571): Key: USE_WORKOUT_TRACKING_BOOL, Value: 1
2020-01-27 17:05:57.556 7209-7209/com.jht.mainapp I/KeyDebugGet:(AppManager.java:570): Key: USE_ASSET_MANAGEMENT_BOOL, Value: 1
2020-01-27 17:05:57.557 7209-7209/com.jht.mainapp I/KeyDebugGet:(AppManager.java:571): Key: USE_WORKOUT_TRACKING_BOOL, Value: 1
2020-01-27 17:05:57.557 7209-7209/com.jht.mainapp I/KeyDebugGet:(AppManager.java:570): Key: USE_ASSET_MANAGEMENT_BOOL, Value: 1
2020-01-27 17:05:57.558 7209-7209/com.jht.mainapp I/KeyDebugGet:(AppManager.java:571): Key: USE_WORKOUT_TRACKING_BOOL, Value: 1
2020-01-27 17:05:57.558 7209-7209/com.jht.mainapp I/KeyDebugGet:(AppManager.java:570): Key: USE_ASSET_MANAGEMENT_BOOL, Value: 1
2020-01-27 17:05:57.559 7209-7209/com.jht.mainapp I/KeyDebugGet:(AppManager.java:571): Key: USE_WORKOUT_TRACKING_BOOL, Value: 1
2020-01-27 17:05:57.560 7209-7209/com.jht.mainapp I/KeyDebugGet:(AppManager.java:570): Key: USE_ASSET_MANAGEMENT_BOOL, Value: 1
2020-01-27 17:05:57.560 7209-7209/com.jht.mainapp I/KeyDebugGet:(AppManager.java:571): Key: USE_WORKOUT_TRACKING_BOOL, Value: 1
2020-01-27 17:05:57.561 7209-7209/com.jht.mainapp I/KeyDebugGet:(AppManager.java:315): Key: TV_REMOTE_TV_BOOL, Value: 0
2020-01-27 17:05:57.562 6382-6382/com.jhtp.uiservice I/KeyDebugGet:(TopBarHeadphoneIndicator.java:98): Key: SYSTEM_MAX_VOLUME_INT, Value: -2147483648
2020-01-27 17:05:57.563 7209-7209/com.jht.mainapp I/KeyDebugGet:(AppManager.java:570): Key: USE_ASSET_MANAGEMENT_BOOL, Value: 1
2020-01-27 17:05:57.564 7209-7209/com.jht.mainapp I/KeyDebugGet:(AppManager.java:571): Key: USE_WORKOUT_TRACKING_BOOL, Value: 1
2020-01-27 17:05:57.564 7209-7209/com.jht.mainapp I/KeyDebugGet:(AppManager.java:570): Key: USE_ASSET_MANAGEMENT_BOOL, Value: 1
2020-01-27 17:05:57.565 7209-7209/com.jht.mainapp I/KeyDebugGet:(AppManager.java:571): Key: USE_WORKOUT_TRACKING_BOOL, Value: 1
2020-01-27 17:05:57.566 7209-7209/com.jht.mainapp I/KeyDebugGet:(AppManager.java:570): Key: USE_ASSET_MANAGEMENT_BOOL, Value: 1
2020-01-27 17:05:57.566 7209-7209/com.jht.mainapp I/KeyDebugGet:(AppManager.java:571): Key: USE_WORKOUT_TRACKING_BOOL, Value: 1
2020-01-27 17:05:57.567 7209-7209/com.jht.mainapp I/KeyDebugGet:(AppManager.java:570): Key: USE_ASSET_MANAGEMENT_BOOL, Value: 1
2020-01-27 17:05:57.568 7209-7209/com.jht.mainapp I/KeyDebugGet:(AppManager.java:571): Key: USE_WORKOUT_TRACKING_BOOL, Value: 1
2020-01-27 17:05:57.569 6382-6382/com.jhtp.uiservice I/KeyDebugGet:(DataMatrix.java:241): Key: BT_SINK_CONNECTED_BOOLEAN, Value: -1
2020-01-27 17:05:57.569 7209-7209/com.jht.mainapp I/KeyDebugGet:(AppManager.java:570): Key: USE_ASSET_MANAGEMENT_BOOL, Value: 1
2020-01-27 17:05:57.570 7209-7209/com.jht.mainapp I/KeyDebugGet:(AppManager.java:571): Key: USE_WORKOUT_TRACKING_BOOL, Value: 1
2020-01-27 17:05:57.570 7209-7209/com.jht.mainapp I/KeyDebugGet:(AppManager.java:570): Key: USE_ASSET_MANAGEMENT_BOOL, Value: 1
2020-01-27 17:05:57.571 6382-6382/com.jhtp.uiservice I/KeyDebugGet:(TopBarSmartDeviceIndicator.java:36): Key: BT_SINK_CONNECTED_BOOLEAN, Value: -1
2020-01-27 17:05:57.573 7209-7209/com.jht.mainapp I/KeyDebugGet:(AppManager.java:571): Key: USE_WORKOUT_TRACKING_BOOL, Value: 1
2020-01-27 17:05:57.574 7209-7209/com.jht.mainapp I/KeyDebugGet:(AppManager.java:570): Key: USE_ASSET_MANAGEMENT_BOOL, Value: 1
2020-01-27 17:05:57.574 7209-7209/com.jht.mainapp I/KeyDebugGet:(AppManager.java:571): Key: USE_WORKOUT_TRACKING_BOOL, Value: 1
2020-01-27 17:05:57.576 7209-7209/com.jht.mainapp I/KeyDebugGet:(AppManager.java:570): Key: USE_ASSET_MANAGEMENT_BOOL, Value: 1
2020-01-27 17:05:57.577 7209-7209/com.jht.mainapp I/KeyDebugGet:(AppManager.java:571): Key: USE_WORKOUT_TRACKING_BOOL, Value: 1
2020-01-27 17:05:57.577 7209-7209/com.jht.mainapp I/KeyDebugGet:(AppManager.java:570): Key: USE_ASSET_MANAGEMENT_BOOL, Value: 1
2020-01-27 17:05:57.578 7209-7209/com.jht.mainapp I/KeyDebugGet:(AppManager.java:571): Key: USE_WORKOUT_TRACKING_BOOL, Value: 1
2020-01-27 17:05:57.578 7209-7209/com.jht.mainapp I/KeyDebugGet:(AppManager.java:570): Key: USE_ASSET_MANAGEMENT_BOOL, Value: 1
2020-01-27 17:05:57.579 7209-7209/com.jht.mainapp I/KeyDebugGet:(AppManager.java:571): Key: USE_WORKOUT_TRACKING_BOOL, Value: 1
2020-01-27 17:05:57.579 7209-7209/com.jht.mainapp I/KeyDebugGet:(AppManager.java:433): Key: USE_ASSET_MANAGEMENT_BOOL, Value: 1
2020-01-27 17:05:57.580 7209-7209/com.jht.mainapp I/KeyDebugGet:(AppManager.java:570): Key: USE_ASSET_MANAGEMENT_BOOL, Value: 1
2020-01-27 17:05:57.580 7209-7209/com.jht.mainapp I/KeyDebugGet:(AppManager.java:571): Key: USE_WORKOUT_TRACKING_BOOL, Value: 1
2020-01-27 17:05:57.581 7209-7209/com.jht.mainapp I/KeyDebugGet:(AppManager.java:442): Key: USE_ASSET_MANAGEMENT_BOOL, Value: 1
2020-01-27 17:05:57.581 6382-6382/com.jhtp.uiservice I/KeyDebugGet:(DataMatrix.java:241): Key: DATA_SALUTRON_CONNECTED_BOOLEAN, Value: 0
2020-01-27 17:05:57.582 7209-7209/com.jht.mainapp I/KeyDebugGet:(DapiUser.java:114): Key: DATA_USER_DAPI_UUID_STRING, Value: 00000000-0000-0000-0000-000000000000
2020-01-27 17:05:57.582 7209-7209/com.jht.mainapp I/KeyDebugGet:(AppManager.java:701): Key: DATA_WORKOUT_VIEW_TYPE_STRING, Value: Default
2020-01-27 17:05:57.583 7209-7209/com.jht.mainapp I/KeyDebugGet:(AppManager.java:112): Key: EGYM_ENABLED_BOOL, Value: 0
2020-01-27 17:05:57.584 7209-7209/com.jht.mainapp I/KeyDebugGet:(AppManager.java:570): Key: USE_ASSET_MANAGEMENT_BOOL, Value: 1
2020-01-27 17:05:57.584 7209-7209/com.jht.mainapp I/KeyDebugGet:(AppManager.java:571): Key: USE_WORKOUT_TRACKING_BOOL, Value: 1
2020-01-27 17:05:57.584 6382-6382/com.jhtp.uiservice I/KeyDebugGet:(TopBarHeartRateIndicator.java:37): Key: DATA_SALUTRON_CONNECTED_BOOLEAN, Value: 0
2020-01-27 17:05:57.585 7209-7209/com.jht.mainapp I/KeyDebugGet:(AppManager.java:570): Key: USE_ASSET_MANAGEMENT_BOOL, Value: 1
2020-01-27 17:05:57.585 7209-7209/com.jht.mainapp I/KeyDebugGet:(AppManager.java:571): Key: USE_WORKOUT_TRACKING_BOOL, Value: 1
2020-01-27 17:05:57.586 7209-7209/com.jht.mainapp I/KeyDebugGet:(AppManager.java:570): Key: USE_ASSET_MANAGEMENT_BOOL, Value: 1
2020-01-27 17:05:57.586 7209-7209/com.jht.mainapp I/KeyDebugGet:(AppManager.java:571): Key: USE_WORKOUT_TRACKING_BOOL, Value: 1
2020-01-27 17:05:57.587 7209-7209/com.jht.mainapp I/KeyDebugGet:(AppManager.java:570): Key: USE_ASSET_MANAGEMENT_BOOL, Value: 1
2020-01-27 17:05:57.587 7209-7209/com.jht.mainapp I/KeyDebugGet:(AppManager.java:571): Key: USE_WORKOUT_TRACKING_BOOL, Value: 1
2020-01-27 17:05:57.588 7209-7209/com.jht.mainapp I/KeyDebugGet:(AppManager.java:570): Key: USE_ASSET_MANAGEMENT_BOOL, Value: 1
2020-01-27 17:05:57.588 6382-6382/com.jhtp.uiservice I/KeyDebugGet:(DataMatrix.java:59): Key: WIFI_STRENGTH_ENUM, Value: 4
2020-01-27 17:05:57.589 7209-7209/com.jht.mainapp I/KeyDebugGet:(AppManager.java:571): Key: USE_WORKOUT_TRACKING_BOOL, Value: 1
2020-01-27 17:05:57.589 7209-7209/com.jht.mainapp I/KeyDebugGet:(AppManager.java:315): Key: TV_REMOTE_TV_BOOL, Value: 0
2020-01-27 17:05:57.590 7209-7209/com.jht.mainapp I/KeyDebugGet:(AppManager.java:570): Key: USE_ASSET_MANAGEMENT_BOOL, Value: 1
2020-01-27 17:05:57.590 7209-7209/com.jht.mainapp I/KeyDebugGet:(AppManager.java:571): Key: USE_WORKOUT_TRACKING_BOOL, Value: 1
2020-01-27 17:05:57.591 7209-7209/com.jht.mainapp I/KeyDebugGet:(AppManager.java:570): Key: USE_ASSET_MANAGEMENT_BOOL, Value: 1
2020-01-27 17:05:57.591 7209-7209/com.jht.mainapp I/KeyDebugGet:(AppManager.java:571): Key: USE_WORKOUT_TRACKING_BOOL, Value: 1
2020-01-27 17:05:57.592 7209-7209/com.jht.mainapp I/KeyDebugGet:(AppManager.java:570): Key: USE_ASSET_MANAGEMENT_BOOL, Value: 1
2020-01-27 17:05:57.592 6382-6382/com.jhtp.uiservice I/KeyDebugGet:(DataMatrix.java:241): Key: NETWORK_CONNECTION_BOOL, Value: 1
2020-01-27 17:05:57.592 7209-7209/com.jht.mainapp I/KeyDebugGet:(AppManager.java:571): Key: USE_WORKOUT_TRACKING_BOOL, Value: 1
2020-01-27 17:05:57.593 7209-7209/com.jht.mainapp I/KeyDebugGet:(AppManager.java:570): Key: USE_ASSET_MANAGEMENT_BOOL, Value: 1
2020-01-27 17:05:57.593 6382-6382/com.jhtp.uiservice I/KeyDebugGet:(TopBarWifiIndicator.java:74): Key: WIFI_STRENGTH_ENUM, Value: 4
2020-01-27 17:05:57.593 7209-7209/com.jht.mainapp I/KeyDebugGet:(AppManager.java:571): Key: USE_WORKOUT_TRACKING_BOOL, Value: 1
2020-01-27 17:05:57.594 7209-7209/com.jht.mainapp I/KeyDebugGet:(AppManager.java:570): Key: USE_ASSET_MANAGEMENT_BOOL, Value: 1
2020-01-27 17:05:57.595 7209-7209/com.jht.mainapp I/KeyDebugGet:(AppManager.java:571): Key: USE_WORKOUT_TRACKING_BOOL, Value: 1
2020-01-27 17:05:57.595 7209-7209/com.jht.mainapp I/KeyDebugGet:(AppManager.java:570): Key: USE_ASSET_MANAGEMENT_BOOL, Value: 1
2020-01-27 17:05:57.596 7209-7209/com.jht.mainapp I/KeyDebugGet:(AppManager.java:571): Key: USE_WORKOUT_TRACKING_BOOL, Value: 1
2020-01-27 17:05:57.596 7209-7209/com.jht.mainapp I/KeyDebugGet:(AppManager.java:570): Key: USE_ASSET_MANAGEMENT_BOOL, Value: 1
2020-01-27 17:05:57.597 7209-7209/com.jht.mainapp I/KeyDebugGet:(AppManager.java:571): Key: USE_WORKOUT_TRACKING_BOOL, Value: 1
2020-01-27 17:05:57.597 7209-7209/com.jht.mainapp I/KeyDebugGet:(AppManager.java:570): Key: USE_ASSET_MANAGEMENT_BOOL, Value: 1
2020-01-27 17:05:57.598 7209-7209/com.jht.mainapp I/KeyDebugGet:(AppManager.java:571): Key: USE_WORKOUT_TRACKING_BOOL, Value: 1
2020-01-27 17:05:57.598 6382-6382/com.jhtp.uiservice I/KeyDebugGet:(DataMatrix.java:59): Key: GYM_KIT_STATUS_INT, Value: 2
2020-01-27 17:05:57.599 7209-7209/com.jht.mainapp I/KeyDebugGet:(AppManager.java:570): Key: USE_ASSET_MANAGEMENT_BOOL, Value: 1
2020-01-27 17:05:57.599 7209-7209/com.jht.mainapp I/KeyDebugGet:(AppManager.java:571): Key: USE_WORKOUT_TRACKING_BOOL, Value: 1
2020-01-27 17:05:57.600 7209-7209/com.jht.mainapp I/KeyDebugGet:(AppManager.java:570): Key: USE_ASSET_MANAGEMENT_BOOL, Value: 1
2020-01-27 17:05:57.600 7209-7209/com.jht.mainapp I/KeyDebugGet:(AppManager.java:571): Key: USE_WORKOUT_TRACKING_BOOL, Value: 1
2020-01-27 17:05:57.601 7209-7209/com.jht.mainapp I/KeyDebugGet:(AppManager.java:433): Key: USE_ASSET_MANAGEMENT_BOOL, Value: 1
2020-01-27 17:05:57.601 7209-7209/com.jht.mainapp I/KeyDebugGet:(AppManager.java:570): Key: USE_ASSET_MANAGEMENT_BOOL, Value: 1
2020-01-27 17:05:57.602 7209-7209/com.jht.mainapp I/KeyDebugGet:(AppManager.java:571): Key: USE_WORKOUT_TRACKING_BOOL, Value: 1
2020-01-27 17:05:57.603 7209-7209/com.jht.mainapp I/KeyDebugGet:(AppManager.java:442): Key: USE_ASSET_MANAGEMENT_BOOL, Value: 1
2020-01-27 17:05:57.603 7209-7209/com.jht.mainapp I/KeyDebugGet:(DapiUser.java:114): Key: DATA_USER_DAPI_UUID_STRING, Value: 00000000-0000-0000-0000-000000000000
2020-01-27 17:05:57.603 6382-6382/com.jhtp.uiservice I/KeyDebugGet:(DataMatrix.java:241): Key: GYM_KIT_ENABLED_BOOL, Value: 1
2020-01-27 17:05:57.607 7209-7209/com.jht.mainapp I/KeyDebugGet:(AppManager.java:701): Key: DATA_WORKOUT_VIEW_TYPE_STRING, Value: Default
2020-01-27 17:05:57.608 7209-7209/com.jht.mainapp I/KeyDebugGet:(AppManager.java:112): Key: EGYM_ENABLED_BOOL, Value: 0
2020-01-27 17:05:57.607 6382-6382/com.jhtp.uiservice I/KeyDebugGet:(DataMatrix.java:241): Key: IS_DEMO_MODE_BOOL, Value: 1
2020-01-27 17:05:57.609 7209-7209/com.jht.mainapp I/KeyDebugGet:(AppManager.java:570): Key: USE_ASSET_MANAGEMENT_BOOL, Value: 1
2020-01-27 17:05:57.609 6382-6382/com.jhtp.uiservice I/KeyDebugGet:(TopBarDebugIndicator.java:47): Key: IS_DEMO_MODE_BOOL, Value: 1
2020-01-27 17:05:57.610 7209-7209/com.jht.mainapp I/KeyDebugGet:(AppManager.java:571): Key: USE_WORKOUT_TRACKING_BOOL, Value: 1
2020-01-27 17:05:57.611 7209-7209/com.jht.mainapp I/KeyDebugGet:(AppManager.java:570): Key: USE_ASSET_MANAGEMENT_BOOL, Value: 1
2020-01-27 17:05:57.611 7209-7209/com.jht.mainapp I/KeyDebugGet:(AppManager.java:571): Key: USE_WORKOUT_TRACKING_BOOL, Value: 1
2020-01-27 17:05:57.612 7209-7209/com.jht.mainapp I/KeyDebugGet:(AppManager.java:570): Key: USE_ASSET_MANAGEMENT_BOOL, Value: 1
2020-01-27 17:05:57.613 7209-7209/com.jht.mainapp I/KeyDebugGet:(AppManager.java:571): Key: USE_WORKOUT_TRACKING_BOOL, Value: 1
2020-01-27 17:05:57.613 7209-7209/com.jht.mainapp I/KeyDebugGet:(AppManager.java:570): Key: USE_ASSET_MANAGEMENT_BOOL, Value: 1
2020-01-27 17:05:57.614 7209-7209/com.jht.mainapp I/KeyDebugGet:(AppManager.java:571): Key: USE_WORKOUT_TRACKING_BOOL, Value: 1
2020-01-27 17:05:57.614 7209-7209/com.jht.mainapp I/KeyDebugGet:(AppManager.java:570): Key: USE_ASSET_MANAGEMENT_BOOL, Value: 1
2020-01-27 17:05:57.615 7209-7209/com.jht.mainapp I/KeyDebugGet:(AppManager.java:571): Key: USE_WORKOUT_TRACKING_BOOL, Value: 1
2020-01-27 17:05:57.615 7209-7209/com.jht.mainapp I/KeyDebugGet:(AppManager.java:315): Key: TV_REMOTE_TV_BOOL, Value: 0
2020-01-27 17:05:57.616 7209-7209/com.jht.mainapp I/KeyDebugGet:(AppManager.java:570): Key: USE_ASSET_MANAGEMENT_BOOL, Value: 1
2020-01-27 17:05:57.616 7209-7209/com.jht.mainapp I/KeyDebugGet:(AppManager.java:571): Key: USE_WORKOUT_TRACKING_BOOL, Value: 1
2020-01-27 17:05:57.617 7209-7209/com.jht.mainapp I/KeyDebugGet:(AppManager.java:570): Key: USE_ASSET_MANAGEMENT_BOOL, Value: 1
2020-01-27 17:05:57.617 7209-7209/com.jht.mainapp I/KeyDebugGet:(AppManager.java:571): Key: USE_WORKOUT_TRACKING_BOOL, Value: 1
2020-01-27 17:05:57.619 7209-7209/com.jht.mainapp I/KeyDebugGet:(AppManager.java:570): Key: USE_ASSET_MANAGEMENT_BOOL, Value: 1
2020-01-27 17:05:57.619 7209-7209/com.jht.mainapp I/KeyDebugGet:(AppManager.java:571): Key: USE_WORKOUT_TRACKING_BOOL, Value: 1
2020-01-27 17:05:57.620 7209-7209/com.jht.mainapp I/KeyDebugGet:(AppManager.java:570): Key: USE_ASSET_MANAGEMENT_BOOL, Value: 1
2020-01-27 17:05:57.621 7209-7209/com.jht.mainapp I/KeyDebugGet:(AppManager.java:571): Key: USE_WORKOUT_TRACKING_BOOL, Value: 1
2020-01-27 17:05:57.621 7209-7209/com.jht.mainapp I/KeyDebugGet:(AppManager.java:570): Key: USE_ASSET_MANAGEMENT_BOOL, Value: 1
2020-01-27 17:05:57.622 7209-7209/com.jht.mainapp I/KeyDebugGet:(AppManager.java:571): Key: USE_WORKOUT_TRACKING_BOOL, Value: 1
2020-01-27 17:05:57.622 7209-7209/com.jht.mainapp I/KeyDebugGet:(AppManager.java:570): Key: USE_ASSET_MANAGEMENT_BOOL, Value: 1
2020-01-27 17:05:57.623 7209-7209/com.jht.mainapp I/KeyDebugGet:(AppManager.java:571): Key: USE_WORKOUT_TRACKING_BOOL, Value: 1
2020-01-27 17:05:57.624 7209-7209/com.jht.mainapp I/KeyDebugGet:(AppManager.java:570): Key: USE_ASSET_MANAGEMENT_BOOL, Value: 1
2020-01-27 17:05:57.625 7209-7209/com.jht.mainapp I/KeyDebugGet:(AppManager.java:571): Key: USE_WORKOUT_TRACKING_BOOL, Value: 1
2020-01-27 17:05:57.625 7209-7209/com.jht.mainapp I/KeyDebugGet:(AppManager.java:570): Key: USE_ASSET_MANAGEMENT_BOOL, Value: 1
2020-01-27 17:05:57.626 7209-7209/com.jht.mainapp I/KeyDebugGet:(AppManager.java:571): Key: USE_WORKOUT_TRACKING_BOOL, Value: 1
2020-01-27 17:05:57.626 7209-7209/com.jht.mainapp I/KeyDebugGet:(AppManager.java:570): Key: USE_ASSET_MANAGEMENT_BOOL, Value: 1
2020-01-27 17:05:57.627 7209-7209/com.jht.mainapp I/KeyDebugGet:(AppManager.java:571): Key: USE_WORKOUT_TRACKING_BOOL, Value: 1
2020-01-27 17:05:57.627 7209-7209/com.jht.mainapp I/KeyDebugGet:(AppManager.java:570): Key: USE_ASSET_MANAGEMENT_BOOL, Value: 1
2020-01-27 17:05:57.628 7209-7209/com.jht.mainapp I/KeyDebugGet:(AppManager.java:571): Key: USE_WORKOUT_TRACKING_BOOL, Value: 1
2020-01-27 17:05:57.628 7209-7209/com.jht.mainapp I/KeyDebugGet:(AppManager.java:433): Key: USE_ASSET_MANAGEMENT_BOOL, Value: 1
2020-01-27 17:05:57.629 7209-7209/com.jht.mainapp I/KeyDebugGet:(AppManager.java:570): Key: USE_ASSET_MANAGEMENT_BOOL, Value: 1
2020-01-27 17:05:57.629 7209-7209/com.jht.mainapp I/KeyDebugGet:(AppManager.java:571): Key: USE_WORKOUT_TRACKING_BOOL, Value: 1
2020-01-27 17:05:57.630 7209-7209/com.jht.mainapp I/KeyDebugGet:(AppManager.java:442): Key: USE_ASSET_MANAGEMENT_BOOL, Value: 1
2020-01-27 17:05:57.631 7209-7209/com.jht.mainapp I/KeyDebugGet:(DapiUser.java:114): Key: DATA_USER_DAPI_UUID_STRING, Value: 00000000-0000-0000-0000-000000000000
2020-01-27 17:05:57.632 7209-7209/com.jht.mainapp I/KeyDebugGet:(WorkoutActivity.java:92): Key: WORKOUT_APP_PAGE_INT, Value: 0
2020-01-27 17:05:57.633 7209-7209/com.jht.mainapp I/KeyDebugGet:(AppManager.java:701): Key: DATA_WORKOUT_VIEW_TYPE_STRING, Value: Default
2020-01-27 17:05:57.634 7209-7209/com.jht.mainapp I/KeyDebugGet:(AppManager.java:112): Key: EGYM_ENABLED_BOOL, Value: 0
2020-01-27 17:05:57.635 7209-7209/com.jht.mainapp I/KeyDebugGet:(AppManager.java:570): Key: USE_ASSET_MANAGEMENT_BOOL, Value: 1
2020-01-27 17:05:57.637 7209-7209/com.jht.mainapp I/KeyDebugGet:(AppManager.java:571): Key: USE_WORKOUT_TRACKING_BOOL, Value: 1
2020-01-27 17:05:57.638 7209-7209/com.jht.mainapp I/KeyDebugGet:(AppManager.java:570): Key: USE_ASSET_MANAGEMENT_BOOL, Value: 1
2020-01-27 17:05:57.639 7209-7209/com.jht.mainapp I/KeyDebugGet:(AppManager.java:571): Key: USE_WORKOUT_TRACKING_BOOL, Value: 1
2020-01-27 17:05:57.640 7209-7209/com.jht.mainapp I/KeyDebugGet:(AppManager.java:570): Key: USE_ASSET_MANAGEMENT_BOOL, Value: 1
2020-01-27 17:05:57.641 7209-7209/com.jht.mainapp I/KeyDebugGet:(AppManager.java:571): Key: USE_WORKOUT_TRACKING_BOOL, Value: 1
2020-01-27 17:05:57.642 7209-7209/com.jht.mainapp I/KeyDebugGet:(AppManager.java:570): Key: USE_ASSET_MANAGEMENT_BOOL, Value: 1
2020-01-27 17:05:57.643 7209-7209/com.jht.mainapp I/KeyDebugGet:(AppManager.java:571): Key: USE_WORKOUT_TRACKING_BOOL, Value: 1
2020-01-27 17:05:57.644 7209-7209/com.jht.mainapp I/KeyDebugGet:(AppManager.java:570): Key: USE_ASSET_MANAGEMENT_BOOL, Value: 1
2020-01-27 17:05:57.645 7209-7209/com.jht.mainapp I/KeyDebugGet:(AppManager.java:571): Key: USE_WORKOUT_TRACKING_BOOL, Value: 1
2020-01-27 17:05:57.646 7209-7209/com.jht.mainapp I/KeyDebugGet:(AppManager.java:315): Key: TV_REMOTE_TV_BOOL, Value: 0
2020-01-27 17:05:57.647 7209-7209/com.jht.mainapp I/KeyDebugGet:(AppManager.java:570): Key: USE_ASSET_MANAGEMENT_BOOL, Value: 1
2020-01-27 17:05:57.648 7209-7209/com.jht.mainapp I/KeyDebugGet:(AppManager.java:571): Key: USE_WORKOUT_TRACKING_BOOL, Value: 1
2020-01-27 17:05:57.649 7209-7209/com.jht.mainapp I/KeyDebugGet:(AppManager.java:570): Key: USE_ASSET_MANAGEMENT_BOOL, Value: 1
2020-01-27 17:05:57.649 7209-7209/com.jht.mainapp I/KeyDebugGet:(AppManager.java:571): Key: USE_WORKOUT_TRACKING_BOOL, Value: 1
2020-01-27 17:05:57.650 7209-7209/com.jht.mainapp I/KeyDebugGet:(AppManager.java:570): Key: USE_ASSET_MANAGEMENT_BOOL, Value: 1
2020-01-27 17:05:57.650 7209-7209/com.jht.mainapp I/KeyDebugGet:(AppManager.java:571): Key: USE_WORKOUT_TRACKING_BOOL, Value: 1
2020-01-27 17:05:57.651 7209-7209/com.jht.mainapp I/KeyDebugGet:(AppManager.java:570): Key: USE_ASSET_MANAGEMENT_BOOL, Value: 1
2020-01-27 17:05:57.651 7209-7209/com.jht.mainapp I/KeyDebugGet:(AppManager.java:571): Key: USE_WORKOUT_TRACKING_BOOL, Value: 1
2020-01-27 17:05:57.653 7209-7209/com.jht.mainapp I/KeyDebugGet:(AppManager.java:570): Key: USE_ASSET_MANAGEMENT_BOOL, Value: 1
2020-01-27 17:05:57.653 7209-7209/com.jht.mainapp I/KeyDebugGet:(AppManager.java:571): Key: USE_WORKOUT_TRACKING_BOOL, Value: 1
2020-01-27 17:05:57.654 7209-7209/com.jht.mainapp I/KeyDebugGet:(AppManager.java:570): Key: USE_ASSET_MANAGEMENT_BOOL, Value: 1
2020-01-27 17:05:57.654 7209-7209/com.jht.mainapp I/KeyDebugGet:(AppManager.java:571): Key: USE_WORKOUT_TRACKING_BOOL, Value: 1
2020-01-27 17:05:57.655 7209-7209/com.jht.mainapp I/KeyDebugGet:(AppManager.java:570): Key: USE_ASSET_MANAGEMENT_BOOL, Value: 1
2020-01-27 17:05:57.656 7209-7209/com.jht.mainapp I/KeyDebugGet:(AppManager.java:571): Key: USE_WORKOUT_TRACKING_BOOL, Value: 1
2020-01-27 17:05:57.657 7209-7209/com.jht.mainapp I/KeyDebugGet:(AppManager.java:570): Key: USE_ASSET_MANAGEMENT_BOOL, Value: 1
2020-01-27 17:05:57.657 7209-7209/com.jht.mainapp I/KeyDebugGet:(AppManager.java:571): Key: USE_WORKOUT_TRACKING_BOOL, Value: 1
2020-01-27 17:05:57.658 7209-7209/com.jht.mainapp I/KeyDebugGet:(AppManager.java:570): Key: USE_ASSET_MANAGEMENT_BOOL, Value: 1
2020-01-27 17:05:57.659 7209-7209/com.jht.mainapp I/KeyDebugGet:(AppManager.java:571): Key: USE_WORKOUT_TRACKING_BOOL, Value: 1
2020-01-27 17:05:57.659 7209-7209/com.jht.mainapp I/KeyDebugGet:(AppManager.java:570): Key: USE_ASSET_MANAGEMENT_BOOL, Value: 1
2020-01-27 17:05:57.660 7209-7209/com.jht.mainapp I/KeyDebugGet:(AppManager.java:571): Key: USE_WORKOUT_TRACKING_BOOL, Value: 1
2020-01-27 17:05:57.661 7209-7209/com.jht.mainapp I/KeyDebugGet:(AppManager.java:433): Key: USE_ASSET_MANAGEMENT_BOOL, Value: 1
2020-01-27 17:05:57.661 7209-7209/com.jht.mainapp I/KeyDebugGet:(AppManager.java:570): Key: USE_ASSET_MANAGEMENT_BOOL, Value: 1
2020-01-27 17:05:57.662 7209-7209/com.jht.mainapp I/KeyDebugGet:(AppManager.java:571): Key: USE_WORKOUT_TRACKING_BOOL, Value: 1
2020-01-27 17:05:57.663 7209-7209/com.jht.mainapp I/KeyDebugGet:(AppManager.java:442): Key: USE_ASSET_MANAGEMENT_BOOL, Value: 1
2020-01-27 17:05:57.664 7209-7209/com.jht.mainapp I/KeyDebugGet:(DapiUser.java:114): Key: DATA_USER_DAPI_UUID_STRING, Value: 00000000-0000-0000-0000-000000000000
2020-01-27 17:05:57.665 7209-7209/com.jht.mainapp I/KeyDebugGet:(AppManager.java:701): Key: DATA_WORKOUT_VIEW_TYPE_STRING, Value: Default
2020-01-27 17:05:57.665 7209-7209/com.jht.mainapp I/KeyDebugGet:(AppManager.java:112): Key: EGYM_ENABLED_BOOL, Value: 0
2020-01-27 17:05:57.666 7209-7209/com.jht.mainapp I/KeyDebugGet:(AppManager.java:570): Key: USE_ASSET_MANAGEMENT_BOOL, Value: 1
2020-01-27 17:05:57.667 7209-7209/com.jht.mainapp I/KeyDebugGet:(AppManager.java:571): Key: USE_WORKOUT_TRACKING_BOOL, Value: 1
2020-01-27 17:05:57.668 7209-7209/com.jht.mainapp I/KeyDebugGet:(AppManager.java:570): Key: USE_ASSET_MANAGEMENT_BOOL, Value: 1
2020-01-27 17:05:57.668 7209-7209/com.jht.mainapp I/KeyDebugGet:(AppManager.java:571): Key: USE_WORKOUT_TRACKING_BOOL, Value: 1
2020-01-27 17:05:57.669 7209-7209/com.jht.mainapp I/KeyDebugGet:(AppManager.java:570): Key: USE_ASSET_MANAGEMENT_BOOL, Value: 1
2020-01-27 17:05:57.669 7209-7209/com.jht.mainapp I/KeyDebugGet:(AppManager.java:571): Key: USE_WORKOUT_TRACKING_BOOL, Value: 1
2020-01-27 17:05:57.670 7209-7209/com.jht.mainapp I/KeyDebugGet:(AppManager.java:570): Key: USE_ASSET_MANAGEMENT_BOOL, Value: 1
2020-01-27 17:05:57.671 7209-7209/com.jht.mainapp I/KeyDebugGet:(AppManager.java:571): Key: USE_WORKOUT_TRACKING_BOOL, Value: 1
2020-01-27 17:05:57.671 7209-7209/com.jht.mainapp I/KeyDebugGet:(AppManager.java:570): Key: USE_ASSET_MANAGEMENT_BOOL, Value: 1
2020-01-27 17:05:57.672 7209-7209/com.jht.mainapp I/KeyDebugGet:(AppManager.java:571): Key: USE_WORKOUT_TRACKING_BOOL, Value: 1
2020-01-27 17:05:57.673 7209-7209/com.jht.mainapp I/KeyDebugGet:(AppManager.java:315): Key: TV_REMOTE_TV_BOOL, Value: 0
2020-01-27 17:05:57.673 6532-6999/com.jhtp.location I/KeyDebugGet:(LocationService.java:105): Key: WEATHER_LATITUDE_FLOAT, Value: 0.0
2020-01-27 17:05:57.674 7209-7209/com.jht.mainapp I/KeyDebugGet:(AppManager.java:570): Key: USE_ASSET_MANAGEMENT_BOOL, Value: 1
2020-01-27 17:05:57.674 7209-7209/com.jht.mainapp I/KeyDebugGet:(AppManager.java:571): Key: USE_WORKOUT_TRACKING_BOOL, Value: 1
2020-01-27 17:05:57.675 6532-6999/com.jhtp.location I/KeyDebugGet:(LocationService.java:106): Key: WEATHER_LONGITUDE_FLOAT, Value: 0.0
2020-01-27 17:05:57.676 7209-7209/com.jht.mainapp I/KeyDebugGet:(AppManager.java:570): Key: USE_ASSET_MANAGEMENT_BOOL, Value: 1
2020-01-27 17:05:57.677 7209-7209/com.jht.mainapp I/KeyDebugGet:(AppManager.java:571): Key: USE_WORKOUT_TRACKING_BOOL, Value: 1
2020-01-27 17:05:57.678 7209-7209/com.jht.mainapp I/KeyDebugGet:(AppManager.java:570): Key: USE_ASSET_MANAGEMENT_BOOL, Value: 1
2020-01-27 17:05:57.678 7209-7209/com.jht.mainapp I/KeyDebugGet:(AppManager.java:571): Key: USE_WORKOUT_TRACKING_BOOL, Value: 1
2020-01-27 17:05:57.679 7209-7209/com.jht.mainapp I/KeyDebugGet:(AppManager.java:570): Key: USE_ASSET_MANAGEMENT_BOOL, Value: 1
2020-01-27 17:05:57.679 7209-7209/com.jht.mainapp I/KeyDebugGet:(AppManager.java:571): Key: USE_WORKOUT_TRACKING_BOOL, Value: 1
2020-01-27 17:05:57.680 7209-7209/com.jht.mainapp I/KeyDebugGet:(AppManager.java:570): Key: USE_ASSET_MANAGEMENT_BOOL, Value: 1
2020-01-27 17:05:57.680 7209-7209/com.jht.mainapp I/KeyDebugGet:(AppManager.java:571): Key: USE_WORKOUT_TRACKING_BOOL, Value: 1
2020-01-27 17:05:57.681 7209-7209/com.jht.mainapp I/KeyDebugGet:(AppManager.java:570): Key: USE_ASSET_MANAGEMENT_BOOL, Value: 1
2020-01-27 17:05:57.682 7209-7209/com.jht.mainapp I/KeyDebugGet:(AppManager.java:571): Key: USE_WORKOUT_TRACKING_BOOL, Value: 1
2020-01-27 17:05:57.682 7209-7209/com.jht.mainapp I/KeyDebugGet:(AppManager.java:570): Key: USE_ASSET_MANAGEMENT_BOOL, Value: 1
2020-01-27 17:05:57.683 7209-7209/com.jht.mainapp I/KeyDebugGet:(AppManager.java:571): Key: USE_WORKOUT_TRACKING_BOOL, Value: 1
2020-01-27 17:05:57.684 7209-7209/com.jht.mainapp I/KeyDebugGet:(AppManager.java:570): Key: USE_ASSET_MANAGEMENT_BOOL, Value: 1
2020-01-27 17:05:57.684 7209-7209/com.jht.mainapp I/KeyDebugGet:(AppManager.java:571): Key: USE_WORKOUT_TRACKING_BOOL, Value: 1
2020-01-27 17:05:57.685 7209-7209/com.jht.mainapp I/KeyDebugGet:(AppManager.java:570): Key: USE_ASSET_MANAGEMENT_BOOL, Value: 1
2020-01-27 17:05:57.685 7209-7209/com.jht.mainapp I/KeyDebugGet:(AppManager.java:571): Key: USE_WORKOUT_TRACKING_BOOL, Value: 1
2020-01-27 17:05:57.686 7209-7209/com.jht.mainapp I/KeyDebugGet:(AppManager.java:570): Key: USE_ASSET_MANAGEMENT_BOOL, Value: 1
2020-01-27 17:05:57.686 7209-7209/com.jht.mainapp I/KeyDebugGet:(AppManager.java:571): Key: USE_WORKOUT_TRACKING_BOOL, Value: 1
2020-01-27 17:05:57.687 7209-7209/com.jht.mainapp I/KeyDebugGet:(AppManager.java:433): Key: USE_ASSET_MANAGEMENT_BOOL, Value: 1
2020-01-27 17:05:57.688 7209-7209/com.jht.mainapp I/KeyDebugGet:(AppManager.java:570): Key: USE_ASSET_MANAGEMENT_BOOL, Value: 1
2020-01-27 17:05:57.688 7209-7209/com.jht.mainapp I/KeyDebugGet:(AppManager.java:571): Key: USE_WORKOUT_TRACKING_BOOL, Value: 1
2020-01-27 17:05:57.689 7209-7209/com.jht.mainapp I/KeyDebugGet:(AppManager.java:442): Key: USE_ASSET_MANAGEMENT_BOOL, Value: 1
2020-01-27 17:05:57.690 7209-7209/com.jht.mainapp I/KeyDebugGet:(DapiUser.java:114): Key: DATA_USER_DAPI_UUID_STRING, Value: 00000000-0000-0000-0000-000000000000
2020-01-27 17:05:57.698 7209-7209/com.jht.mainapp I/KeyDebugPut:(WorkoutActivity.java:98): Key: SHOW_APP_RESIZE_BAR_ACTION_BOOL, Value: false
2020-01-27 17:05:57.700 7209-7209/com.jht.mainapp I/KeyDebugPut:(WorkoutActivity.java:99): Key: BOOL_HOME_BUTTON_ENABLED, Value: false
2020-01-27 17:05:57.700 7209-7209/com.jht.mainapp I/KeyDebugPut:(WorkoutActivity.java:102): Key: ACTION_SHOW_WORKOUT_PANELS_BOOL, Value: true
2020-01-27 17:05:57.727 6190-6190/com.jhtp.loggerservice I/KeyDebugGet:(AnalyticsManager.java:167): Key: SHOW_WELCOME_SCREEN_BOOLEAN, Value: 1
2020-01-27 17:05:57.745 7209-7209/com.jht.mainapp I/KeyDebugGet:(AppManager.java:701): Key: DATA_WORKOUT_VIEW_TYPE_STRING, Value: Default
2020-01-27 17:05:57.746 7209-7209/com.jht.mainapp I/KeyDebugGet:(AppManager.java:112): Key: EGYM_ENABLED_BOOL, Value: 0
2020-01-27 17:05:57.747 7209-7209/com.jht.mainapp I/KeyDebugGet:(AppManager.java:570): Key: USE_ASSET_MANAGEMENT_BOOL, Value: 1
2020-01-27 17:05:57.748 7209-7209/com.jht.mainapp I/KeyDebugGet:(AppManager.java:571): Key: USE_WORKOUT_TRACKING_BOOL, Value: 1
2020-01-27 17:05:57.749 7209-7209/com.jht.mainapp I/KeyDebugGet:(AppManager.java:570): Key: USE_ASSET_MANAGEMENT_BOOL, Value: 1
2020-01-27 17:05:57.750 7209-7209/com.jht.mainapp I/KeyDebugGet:(AppManager.java:571): Key: USE_WORKOUT_TRACKING_BOOL, Value: 1
2020-01-27 17:05:57.751 7209-7209/com.jht.mainapp I/KeyDebugGet:(AppManager.java:570): Key: USE_ASSET_MANAGEMENT_BOOL, Value: 1
2020-01-27 17:05:57.751 7209-7209/com.jht.mainapp I/KeyDebugGet:(AppManager.java:571): Key: USE_WORKOUT_TRACKING_BOOL, Value: 1
2020-01-27 17:05:57.752 6382-6382/com.jhtp.uiservice I/KeyDebugCallback:(Sprint8TopPanel.java:231): Key: IS_APP_BAR_EXPANDED_BOOL, Value: false
2020-01-27 17:05:57.752 7209-7209/com.jht.mainapp I/KeyDebugGet:(AppManager.java:570): Key: USE_ASSET_MANAGEMENT_BOOL, Value: 1
2020-01-27 17:05:57.753 7209-7209/com.jht.mainapp I/KeyDebugGet:(AppManager.java:571): Key: USE_WORKOUT_TRACKING_BOOL, Value: 1
2020-01-27 17:05:57.754 7209-7209/com.jht.mainapp I/KeyDebugGet:(AppManager.java:570): Key: USE_ASSET_MANAGEMENT_BOOL, Value: 1
2020-01-27 17:05:57.755 7209-7209/com.jht.mainapp I/KeyDebugGet:(AppManager.java:571): Key: USE_WORKOUT_TRACKING_BOOL, Value: 1
2020-01-27 17:05:57.756 7209-7209/com.jht.mainapp I/KeyDebugGet:(AppManager.java:315): Key: TV_REMOTE_TV_BOOL, Value: 0
2020-01-27 17:05:57.756 7209-7209/com.jht.mainapp I/KeyDebugGet:(AppManager.java:570): Key: USE_ASSET_MANAGEMENT_BOOL, Value: 1
2020-01-27 17:05:57.757 7209-7209/com.jht.mainapp I/KeyDebugGet:(AppManager.java:571): Key: USE_WORKOUT_TRACKING_BOOL, Value: 1
2020-01-27 17:05:57.758 7209-7209/com.jht.mainapp I/KeyDebugGet:(AppManager.java:570): Key: USE_ASSET_MANAGEMENT_BOOL, Value: 1
2020-01-27 17:05:57.759 7209-7209/com.jht.mainapp I/KeyDebugGet:(AppManager.java:571): Key: USE_WORKOUT_TRACKING_BOOL, Value: 1
2020-01-27 17:05:57.760 7209-7209/com.jht.mainapp I/KeyDebugGet:(AppManager.java:570): Key: USE_ASSET_MANAGEMENT_BOOL, Value: 1
2020-01-27 17:05:57.761 7209-7209/com.jht.mainapp I/KeyDebugGet:(AppManager.java:571): Key: USE_WORKOUT_TRACKING_BOOL, Value: 1
2020-01-27 17:05:57.762 7209-7209/com.jht.mainapp I/KeyDebugGet:(AppManager.java:570): Key: USE_ASSET_MANAGEMENT_BOOL, Value: 1
2020-01-27 17:05:57.763 7209-7209/com.jht.mainapp I/KeyDebugGet:(AppManager.java:571): Key: USE_WORKOUT_TRACKING_BOOL, Value: 1
2020-01-27 17:05:57.763 7209-7209/com.jht.mainapp I/KeyDebugGet:(AppManager.java:570): Key: USE_ASSET_MANAGEMENT_BOOL, Value: 1
2020-01-27 17:05:57.764 7209-7209/com.jht.mainapp I/KeyDebugGet:(AppManager.java:571): Key: USE_WORKOUT_TRACKING_BOOL, Value: 1
2020-01-27 17:05:57.765 7209-7209/com.jht.mainapp I/KeyDebugGet:(AppManager.java:570): Key: USE_ASSET_MANAGEMENT_BOOL, Value: 1
2020-01-27 17:05:57.766 7209-7209/com.jht.mainapp I/KeyDebugGet:(AppManager.java:571): Key: USE_WORKOUT_TRACKING_BOOL, Value: 1
2020-01-27 17:05:57.766 7209-7209/com.jht.mainapp I/KeyDebugGet:(AppManager.java:570): Key: USE_ASSET_MANAGEMENT_BOOL, Value: 1
2020-01-27 17:05:57.767 7209-7209/com.jht.mainapp I/KeyDebugGet:(AppManager.java:571): Key: USE_WORKOUT_TRACKING_BOOL, Value: 1
2020-01-27 17:05:57.768 7209-7209/com.jht.mainapp I/KeyDebugGet:(AppManager.java:570): Key: USE_ASSET_MANAGEMENT_BOOL, Value: 1
2020-01-27 17:05:57.769 7209-7209/com.jht.mainapp I/KeyDebugGet:(AppManager.java:571): Key: USE_WORKOUT_TRACKING_BOOL, Value: 1
2020-01-27 17:05:57.769 7209-7209/com.jht.mainapp I/KeyDebugGet:(AppManager.java:570): Key: USE_ASSET_MANAGEMENT_BOOL, Value: 1
2020-01-27 17:05:57.770 7209-7209/com.jht.mainapp I/KeyDebugGet:(AppManager.java:571): Key: USE_WORKOUT_TRACKING_BOOL, Value: 1
2020-01-27 17:05:57.771 7209-7209/com.jht.mainapp I/KeyDebugGet:(AppManager.java:570): Key: USE_ASSET_MANAGEMENT_BOOL, Value: 1
2020-01-27 17:05:57.772 7209-7209/com.jht.mainapp I/KeyDebugGet:(AppManager.java:571): Key: USE_WORKOUT_TRACKING_BOOL, Value: 1
2020-01-27 17:05:57.773 7209-7209/com.jht.mainapp I/KeyDebugGet:(AppManager.java:433): Key: USE_ASSET_MANAGEMENT_BOOL, Value: 1
2020-01-27 17:05:57.774 7209-7209/com.jht.mainapp I/KeyDebugGet:(AppManager.java:570): Key: USE_ASSET_MANAGEMENT_BOOL, Value: 1
2020-01-27 17:05:57.775 7209-7209/com.jht.mainapp I/KeyDebugGet:(AppManager.java:571): Key: USE_WORKOUT_TRACKING_BOOL, Value: 1
2020-01-27 17:05:57.776 7209-7209/com.jht.mainapp I/KeyDebugGet:(AppManager.java:442): Key: USE_ASSET_MANAGEMENT_BOOL, Value: 1
2020-01-27 17:05:57.777 7209-7209/com.jht.mainapp I/KeyDebugGet:(DapiUser.java:114): Key: DATA_USER_DAPI_UUID_STRING, Value: 00000000-0000-0000-0000-000000000000
2020-01-27 17:05:57.778 7209-7209/com.jht.mainapp I/KeyDebugGet:(AppManager.java:701): Key: DATA_WORKOUT_VIEW_TYPE_STRING, Value: Default
2020-01-27 17:05:57.779 7209-7209/com.jht.mainapp I/KeyDebugGet:(AppManager.java:112): Key: EGYM_ENABLED_BOOL, Value: 0
2020-01-27 17:05:57.780 7209-7209/com.jht.mainapp I/KeyDebugGet:(AppManager.java:570): Key: USE_ASSET_MANAGEMENT_BOOL, Value: 1
2020-01-27 17:05:57.781 7209-7209/com.jht.mainapp I/KeyDebugGet:(AppManager.java:571): Key: USE_WORKOUT_TRACKING_BOOL, Value: 1
2020-01-27 17:05:57.782 7209-7209/com.jht.mainapp I/KeyDebugGet:(AppManager.java:570): Key: USE_ASSET_MANAGEMENT_BOOL, Value: 1
2020-01-27 17:05:57.782 7209-7209/com.jht.mainapp I/KeyDebugGet:(AppManager.java:571): Key: USE_WORKOUT_TRACKING_BOOL, Value: 1
2020-01-27 17:05:57.783 7209-7209/com.jht.mainapp I/KeyDebugGet:(AppManager.java:570): Key: USE_ASSET_MANAGEMENT_BOOL, Value: 1
2020-01-27 17:05:57.784 7209-7209/com.jht.mainapp I/KeyDebugGet:(AppManager.java:571): Key: USE_WORKOUT_TRACKING_BOOL, Value: 1
2020-01-27 17:05:57.785 7209-7209/com.jht.mainapp I/KeyDebugGet:(AppManager.java:570): Key: USE_ASSET_MANAGEMENT_BOOL, Value: 1
2020-01-27 17:05:57.786 7209-7209/com.jht.mainapp I/KeyDebugGet:(AppManager.java:571): Key: USE_WORKOUT_TRACKING_BOOL, Value: 1
2020-01-27 17:05:57.787 7209-7209/com.jht.mainapp I/KeyDebugGet:(AppManager.java:570): Key: USE_ASSET_MANAGEMENT_BOOL, Value: 1
2020-01-27 17:05:57.787 7209-7209/com.jht.mainapp I/KeyDebugGet:(AppManager.java:571): Key: USE_WORKOUT_TRACKING_BOOL, Value: 1
2020-01-27 17:05:57.788 7209-7209/com.jht.mainapp I/KeyDebugGet:(AppManager.java:315): Key: TV_REMOTE_TV_BOOL, Value: 0
2020-01-27 17:05:57.789 7209-7209/com.jht.mainapp I/KeyDebugGet:(AppManager.java:570): Key: USE_ASSET_MANAGEMENT_BOOL, Value: 1
2020-01-27 17:05:57.790 7209-7209/com.jht.mainapp I/KeyDebugGet:(AppManager.java:571): Key: USE_WORKOUT_TRACKING_BOOL, Value: 1
2020-01-27 17:05:57.791 7209-7209/com.jht.mainapp I/KeyDebugGet:(AppManager.java:570): Key: USE_ASSET_MANAGEMENT_BOOL, Value: 1
2020-01-27 17:05:57.792 7209-7209/com.jht.mainapp I/KeyDebugGet:(AppManager.java:571): Key: USE_WORKOUT_TRACKING_BOOL, Value: 1
2020-01-27 17:05:57.793 7209-7209/com.jht.mainapp I/KeyDebugGet:(AppManager.java:570): Key: USE_ASSET_MANAGEMENT_BOOL, Value: 1
2020-01-27 17:05:57.793 7209-7209/com.jht.mainapp I/KeyDebugGet:(AppManager.java:571): Key: USE_WORKOUT_TRACKING_BOOL, Value: 1
2020-01-27 17:05:57.794 7209-7209/com.jht.mainapp I/KeyDebugGet:(AppManager.java:570): Key: USE_ASSET_MANAGEMENT_BOOL, Value: 1
2020-01-27 17:05:57.795 7209-7209/com.jht.mainapp I/KeyDebugGet:(AppManager.java:571): Key: USE_WORKOUT_TRACKING_BOOL, Value: 1
2020-01-27 17:05:57.796 7209-7209/com.jht.mainapp I/KeyDebugGet:(AppManager.java:570): Key: USE_ASSET_MANAGEMENT_BOOL, Value: 1
2020-01-27 17:05:57.797 7209-7209/com.jht.mainapp I/KeyDebugGet:(AppManager.java:571): Key: USE_WORKOUT_TRACKING_BOOL, Value: 1
2020-01-27 17:05:57.798 7209-7209/com.jht.mainapp I/KeyDebugGet:(AppManager.java:570): Key: USE_ASSET_MANAGEMENT_BOOL, Value: 1
2020-01-27 17:05:57.799 7209-7209/com.jht.mainapp I/KeyDebugGet:(AppManager.java:571): Key: USE_WORKOUT_TRACKING_BOOL, Value: 1
2020-01-27 17:05:57.799 7209-7209/com.jht.mainapp I/KeyDebugGet:(AppManager.java:570): Key: USE_ASSET_MANAGEMENT_BOOL, Value: 1
2020-01-27 17:05:57.800 7209-7209/com.jht.mainapp I/KeyDebugGet:(AppManager.java:571): Key: USE_WORKOUT_TRACKING_BOOL, Value: 1
2020-01-27 17:05:57.801 7209-7209/com.jht.mainapp I/KeyDebugGet:(AppManager.java:570): Key: USE_ASSET_MANAGEMENT_BOOL, Value: 1
2020-01-27 17:05:57.802 7209-7209/com.jht.mainapp I/KeyDebugGet:(AppManager.java:571): Key: USE_WORKOUT_TRACKING_BOOL, Value: 1
2020-01-27 17:05:57.803 7209-7209/com.jht.mainapp I/KeyDebugGet:(AppManager.java:570): Key: USE_ASSET_MANAGEMENT_BOOL, Value: 1
2020-01-27 17:05:57.804 7209-7209/com.jht.mainapp I/KeyDebugGet:(AppManager.java:571): Key: USE_WORKOUT_TRACKING_BOOL, Value: 1
2020-01-27 17:05:57.805 7209-7209/com.jht.mainapp I/KeyDebugGet:(AppManager.java:570): Key: USE_ASSET_MANAGEMENT_BOOL, Value: 1
2020-01-27 17:05:57.806 7209-7209/com.jht.mainapp I/KeyDebugGet:(AppManager.java:571): Key: USE_WORKOUT_TRACKING_BOOL, Value: 1
2020-01-27 17:05:57.807 7209-7209/com.jht.mainapp I/KeyDebugGet:(AppManager.java:433): Key: USE_ASSET_MANAGEMENT_BOOL, Value: 1
2020-01-27 17:05:57.808 7209-7209/com.jht.mainapp I/KeyDebugGet:(AppManager.java:570): Key: USE_ASSET_MANAGEMENT_BOOL, Value: 1
2020-01-27 17:05:57.808 7209-7209/com.jht.mainapp I/KeyDebugGet:(AppManager.java:571): Key: USE_WORKOUT_TRACKING_BOOL, Value: 1
2020-01-27 17:05:57.809 7209-7209/com.jht.mainapp I/KeyDebugGet:(AppManager.java:442): Key: USE_ASSET_MANAGEMENT_BOOL, Value: 1
2020-01-27 17:05:57.810 7209-7209/com.jht.mainapp I/KeyDebugGet:(DapiUser.java:114): Key: DATA_USER_DAPI_UUID_STRING, Value: 00000000-0000-0000-0000-000000000000
2020-01-27 17:05:57.823 6341-6830/com.jhtp.halservice I/KeyDebugPut:(WifiSignalManager.java:59): Key: WIFI_STRENGTH_ENUM, Value: 4
2020-01-27 17:05:57.824 7209-7209/com.jht.mainapp I/KeyDebugGet:(AppManager.java:701): Key: DATA_WORKOUT_VIEW_TYPE_STRING, Value: Default
2020-01-27 17:05:57.824 7209-7209/com.jht.mainapp I/KeyDebugGet:(AppManager.java:112): Key: EGYM_ENABLED_BOOL, Value: 0
2020-01-27 17:05:57.825 6341-6830/com.jhtp.halservice I/KeyDebugGet:(WifiSignalManager.java:61): Key: NETWORK_CONNECTION_BOOL, Value: 1
2020-01-27 17:05:57.826 7209-7209/com.jht.mainapp I/KeyDebugGet:(AppManager.java:570): Key: USE_ASSET_MANAGEMENT_BOOL, Value: 1
2020-01-27 17:05:57.827 7209-7209/com.jht.mainapp I/KeyDebugGet:(AppManager.java:571): Key: USE_WORKOUT_TRACKING_BOOL, Value: 1
2020-01-27 17:05:57.828 7209-7209/com.jht.mainapp I/KeyDebugGet:(AppManager.java:570): Key: USE_ASSET_MANAGEMENT_BOOL, Value: 1
2020-01-27 17:05:57.829 7209-7209/com.jht.mainapp I/KeyDebugGet:(AppManager.java:571): Key: USE_WORKOUT_TRACKING_BOOL, Value: 1
2020-01-27 17:05:57.830 7209-7209/com.jht.mainapp I/KeyDebugGet:(AppManager.java:570): Key: USE_ASSET_MANAGEMENT_BOOL, Value: 1
2020-01-27 17:05:57.831 7209-7209/com.jht.mainapp I/KeyDebugGet:(AppManager.java:571): Key: USE_WORKOUT_TRACKING_BOOL, Value: 1
2020-01-27 17:05:57.832 7209-7209/com.jht.mainapp I/KeyDebugGet:(AppManager.java:570): Key: USE_ASSET_MANAGEMENT_BOOL, Value: 1
2020-01-27 17:05:57.833 7209-7209/com.jht.mainapp I/KeyDebugGet:(AppManager.java:571): Key: USE_WORKOUT_TRACKING_BOOL, Value: 1
2020-01-27 17:05:57.834 7209-7209/com.jht.mainapp I/KeyDebugGet:(AppManager.java:570): Key: USE_ASSET_MANAGEMENT_BOOL, Value: 1
2020-01-27 17:05:57.835 7209-7209/com.jht.mainapp I/KeyDebugGet:(AppManager.java:571): Key: USE_WORKOUT_TRACKING_BOOL, Value: 1
2020-01-27 17:05:57.836 7209-7209/com.jht.mainapp I/KeyDebugGet:(AppManager.java:315): Key: TV_REMOTE_TV_BOOL, Value: 0
2020-01-27 17:05:57.836 7209-7209/com.jht.mainapp I/KeyDebugGet:(AppManager.java:570): Key: USE_ASSET_MANAGEMENT_BOOL, Value: 1
2020-01-27 17:05:57.837 7209-7209/com.jht.mainapp I/KeyDebugGet:(AppManager.java:571): Key: USE_WORKOUT_TRACKING_BOOL, Value: 1
2020-01-27 17:05:57.838 7209-7209/com.jht.mainapp I/KeyDebugGet:(AppManager.java:570): Key: USE_ASSET_MANAGEMENT_BOOL, Value: 1
2020-01-27 17:05:57.839 7209-7209/com.jht.mainapp I/KeyDebugGet:(AppManager.java:571): Key: USE_WORKOUT_TRACKING_BOOL, Value: 1
2020-01-27 17:05:57.840 7209-7209/com.jht.mainapp I/KeyDebugGet:(AppManager.java:570): Key: USE_ASSET_MANAGEMENT_BOOL, Value: 1
2020-01-27 17:05:57.841 7209-7209/com.jht.mainapp I/KeyDebugGet:(AppManager.java:571): Key: USE_WORKOUT_TRACKING_BOOL, Value: 1
2020-01-27 17:05:57.842 7209-7209/com.jht.mainapp I/KeyDebugGet:(AppManager.java:570): Key: USE_ASSET_MANAGEMENT_BOOL, Value: 1
2020-01-27 17:05:57.842 7209-7209/com.jht.mainapp I/KeyDebugGet:(AppManager.java:571): Key: USE_WORKOUT_TRACKING_BOOL, Value: 1
2020-01-27 17:05:57.843 7209-7209/com.jht.mainapp I/KeyDebugGet:(AppManager.java:570): Key: USE_ASSET_MANAGEMENT_BOOL, Value: 1
2020-01-27 17:05:57.844 7209-7209/com.jht.mainapp I/KeyDebugGet:(AppManager.java:571): Key: USE_WORKOUT_TRACKING_BOOL, Value: 1
2020-01-27 17:05:57.845 7209-7209/com.jht.mainapp I/KeyDebugGet:(AppManager.java:570): Key: USE_ASSET_MANAGEMENT_BOOL, Value: 1
2020-01-27 17:05:57.846 7209-7209/com.jht.mainapp I/KeyDebugGet:(AppManager.java:571): Key: USE_WORKOUT_TRACKING_BOOL, Value: 1
2020-01-27 17:05:57.847 7209-7209/com.jht.mainapp I/KeyDebugGet:(AppManager.java:570): Key: USE_ASSET_MANAGEMENT_BOOL, Value: 1
2020-01-27 17:05:57.848 7209-7209/com.jht.mainapp I/KeyDebugGet:(AppManager.java:571): Key: USE_WORKOUT_TRACKING_BOOL, Value: 1
2020-01-27 17:05:57.848 7209-7209/com.jht.mainapp I/KeyDebugGet:(AppManager.java:570): Key: USE_ASSET_MANAGEMENT_BOOL, Value: 1
2020-01-27 17:05:57.849 7209-7209/com.jht.mainapp I/KeyDebugGet:(AppManager.java:571): Key: USE_WORKOUT_TRACKING_BOOL, Value: 1
2020-01-27 17:05:57.850 7209-7209/com.jht.mainapp I/KeyDebugGet:(AppManager.java:570): Key: USE_ASSET_MANAGEMENT_BOOL, Value: 1
2020-01-27 17:05:57.851 7209-7209/com.jht.mainapp I/KeyDebugGet:(AppManager.java:571): Key: USE_WORKOUT_TRACKING_BOOL, Value: 1
2020-01-27 17:05:57.852 7209-7209/com.jht.mainapp I/KeyDebugGet:(AppManager.java:570): Key: USE_ASSET_MANAGEMENT_BOOL, Value: 1
2020-01-27 17:05:57.853 7209-7209/com.jht.mainapp I/KeyDebugGet:(AppManager.java:571): Key: USE_WORKOUT_TRACKING_BOOL, Value: 1
2020-01-27 17:05:57.854 7209-7209/com.jht.mainapp I/KeyDebugGet:(AppManager.java:433): Key: USE_ASSET_MANAGEMENT_BOOL, Value: 1
2020-01-27 17:05:57.855 7209-7209/com.jht.mainapp I/KeyDebugGet:(AppManager.java:570): Key: USE_ASSET_MANAGEMENT_BOOL, Value: 1
2020-01-27 17:05:57.856 7209-7209/com.jht.mainapp I/KeyDebugGet:(AppManager.java:571): Key: USE_WORKOUT_TRACKING_BOOL, Value: 1
2020-01-27 17:05:57.856 7209-7209/com.jht.mainapp I/KeyDebugGet:(AppManager.java:442): Key: USE_ASSET_MANAGEMENT_BOOL, Value: 1
2020-01-27 17:05:57.857 7209-7209/com.jht.mainapp I/KeyDebugGet:(DapiUser.java:114): Key: DATA_USER_DAPI_UUID_STRING, Value: 00000000-0000-0000-0000-000000000000
2020-01-27 17:05:57.869 7209-7209/com.jht.mainapp I/KeyDebugGet:(AppManager.java:701): Key: DATA_WORKOUT_VIEW_TYPE_STRING, Value: Default
2020-01-27 17:05:57.870 7209-7209/com.jht.mainapp I/KeyDebugGet:(AppManager.java:112): Key: EGYM_ENABLED_BOOL, Value: 0
2020-01-27 17:05:57.872 7209-7209/com.jht.mainapp I/KeyDebugGet:(AppManager.java:570): Key: USE_ASSET_MANAGEMENT_BOOL, Value: 1
2020-01-27 17:05:57.873 7209-7209/com.jht.mainapp I/KeyDebugGet:(AppManager.java:571): Key: USE_WORKOUT_TRACKING_BOOL, Value: 1
2020-01-27 17:05:57.874 7209-7209/com.jht.mainapp I/KeyDebugGet:(AppManager.java:570): Key: USE_ASSET_MANAGEMENT_BOOL, Value: 1
2020-01-27 17:05:57.875 7209-7209/com.jht.mainapp I/KeyDebugGet:(AppManager.java:571): Key: USE_WORKOUT_TRACKING_BOOL, Value: 1
