2020-01-27 17:05:50.655 6532-6999/com.jhtp.location I/KeyDebugGet:(LocationService.java:105): Key: WEATHER_LATITUDE_FLOAT, Value: 0.0
2020-01-27 17:05:50.655 6532-6999/com.jhtp.location I/KeyDebugGet:(LocationService.java:106): Key: WEATHER_LONGITUDE_FLOAT, Value: 0.0
2020-01-27 17:05:50.824 6341-6830/com.jhtp.halservice I/KeyDebugPut:(WifiSignalManager.java:59): Key: WIFI_STRENGTH_ENUM, Value: 4
2020-01-27 17:05:50.825 7209-7209/com.jht.mainapp I/KeyDebugCallback:(TopBarWifiIndicator.java:63): Key: WIFI_STRENGTH_ENUM, Value: 4
2020-01-27 17:05:50.826 6341-6830/com.jhtp.halservice I/KeyDebugGet:(WifiSignalManager.java:61): Key: NETWORK_CONNECTION_BOOL, Value: 1
    
    [          1580166350.996  6327: 6911 D/com.jht.chimera.service.hal.lib.lcb.lcbcommlib.machineHandler.GeneralCallbackHandlerLCBgetLcbErrorCodeHandler: Error 04B0 occurred.
2020-01-27 17:05:51.122 6327-6917/com.jhtp.lcbservice I/KeyDebugGet:(LCBService.java:477): Key: DATA_USER_WEIGHT_KG_FLOAT, Value: 68.0388
2020-01-27 17:05:51.123 6327-6917/com.jhtp.lcbservice I/KeyDebugPut:(LCBService.java:500): Key: DATA_TARGET_SPEED_KPH_FLOAT, Value: 0.0
2020-01-27 17:05:51.124 6360-6360/com.jhtp.workoutcontrollerservice I/KeyDebugCallback:(StatUpdating.java:87): Key: DATA_TARGET_SPEED_KPH_FLOAT, Value: 0.0
2020-01-27 17:05:51.125 6327-6917/com.jhtp.lcbservice I/KeyDebugPut:(LCBService.java:501): Key: DATA_ACTUAL_SPEED_KPH_FLOAT, Value: 0.0
2020-01-27 17:05:51.125 6360-6360/com.jhtp.workoutcontrollerservice I/KeyDebugGet:(StatUpdating.java:309): Key: DISPLAY_METRIC_VALUES_BOOL, Value: 0
2020-01-27 17:05:51.125 6360-6360/com.jhtp.workoutcontrollerservice I/KeyDebugPut:(StatUpdating.java:311): Key: DATA_PACE_SEC_PER_KM_INT, Value: 0
2020-01-27 17:05:51.125 6382-6382/com.jhtp.uiservice I/KeyDebugCallback:(StatValueUpdater.java:122): Key: DATA_TARGET_SPEED_KPH_FLOAT, Value: 0.0
2020-01-27 17:05:51.126 6382-6382/com.jhtp.uiservice I/KeyDebugCallback:(RightPanelSpeedLogic.java:244): Key: DATA_TARGET_SPEED_KPH_FLOAT, Value: 0.0
2020-01-27 17:05:51.126 6327-6917/com.jhtp.lcbservice I/KeyDebugPut:(LCBService.java:502): Key: DATA_TARGET_INCLINE_FLOAT, Value: 0.0
2020-01-27 17:05:51.127 6360-6360/com.jhtp.workoutcontrollerservice I/KeyDebugPut:(StatUpdating.java:312): Key: DATA_WORKOUT_SPEED_KPH_FLOAT, Value: 0.0
2020-01-27 17:05:51.128 6382-6382/com.jhtp.uiservice I/KeyDebugCallback:(StatValueUpdater.java:122): Key: DATA_TARGET_INCLINE_FLOAT, Value: 0.0
2020-01-27 17:05:51.128 6327-6917/com.jhtp.lcbservice I/KeyDebugPut:(LCBService.java:503): Key: DATA_ACTUAL_INCLINE_FLOAT, Value: 0.0
2020-01-27 17:05:51.128 6382-6382/com.jhtp.uiservice I/KeyDebugCallback:(StatValueUpdater.java:122): Key: DATA_WORKOUT_SPEED_KPH_FLOAT, Value: 0.0
2020-01-27 17:05:51.128 6360-6360/com.jhtp.workoutcontrollerservice I/KeyDebugCallback:(StatUpdating.java:88): Key: DATA_ACTUAL_SPEED_KPH_FLOAT, Value: 0.0
2020-01-27 17:05:51.129 6360-6360/com.jhtp.workoutcontrollerservice I/KeyDebugCallback:(StatUpdating.java:72): Key: DATA_PACE_SEC_PER_KM_INT, Value: 0
2020-01-27 17:05:51.129 6360-6360/com.jhtp.workoutcontrollerservice I/KeyDebugCallback:(StatUpdating.java:91): Key: DATA_TARGET_INCLINE_FLOAT, Value: 0.0
2020-01-27 17:05:51.129 6327-6917/com.jhtp.lcbservice I/KeyDebugPut:(LCBService.java:504): Key: DATA_INCLINE_ADC_INT, Value: 0
2020-01-27 17:05:51.129 6327-6917/com.jhtp.lcbservice I/KeyDebugPut:(LCBService.java:505): Key: DATA_RESISTANCE_INT, Value: 1
2020-01-27 17:05:51.130 6360-6360/com.jhtp.workoutcontrollerservice I/KeyDebugCallback:(StatUpdating.java:92): Key: DATA_RESISTANCE_INT, Value: 1
2020-01-27 17:05:51.130 6327-6917/com.jhtp.lcbservice I/KeyDebugPut:(LCBService.java:506): Key: DATA_RPM_INT, Value: 0
2020-01-27 17:05:51.131 7209-7209/com.jht.mainapp I/KeyDebugCallback:(IdleTimerManagement.java:48): Key: DATA_RPM_INT, Value: 0
2020-01-27 17:05:51.132 6341-6341/com.jhtp.halservice I/KeyDebugCallback:(HALService.java:162): Key: DATA_RPM_INT, Value: 0
2020-01-27 17:05:51.132 7209-7209/com.jht.mainapp I/KeyDebugGet:(IdleTimerManagement.java:49): Key: IS_DEMO_MODE_BOOL, Value: 1
2020-01-27 17:05:51.133 6360-6360/com.jhtp.workoutcontrollerservice I/KeyDebugCallback:(StatUpdating.java:89): Key: DATA_RPM_INT, Value: 0
2020-01-27 17:05:51.133 6360-6360/com.jhtp.workoutcontrollerservice I/KeyDebugCallback:(WorkoutControllerService.java:319): Key: DATA_RPM_INT, Value: 0
2020-01-27 17:05:51.133 6341-6341/com.jhtp.halservice I/KeyDebugGet:(HALService.java:211): Key: IS_DEMO_MODE_BOOL, Value: 1
2020-01-27 17:05:51.133 6327-6917/com.jhtp.lcbservice I/KeyDebugPut:(LCBService.java:507): Key: DATA_SPM_INT, Value: 0
2020-01-27 17:05:51.134 6341-6341/com.jhtp.halservice I/KeyDebugGet:(HALService.java:243): Key: DATA_IS_SAFE_TO_START_WORKOUT_BOOL, Value: 1
2020-01-27 17:05:51.134 6341-6341/com.jhtp.halservice I/KeyDebugCallback:(HALService.java:163): Key: DATA_SPM_INT, Value: 0
2020-01-27 17:05:51.134 6360-6360/com.jhtp.workoutcontrollerservice I/KeyDebugCallback:(StatUpdating.java:90): Key: DATA_SPM_INT, Value: 0
2020-01-27 17:05:51.135 6327-6917/com.jhtp.lcbservice I/KeyDebugPut:(LCBService.java:508): Key: DATA_TARGET_SPM_INT, Value: 0
2020-01-27 17:05:51.135 6327-6917/com.jhtp.lcbservice I/KeyDebugPut:(LCBService.java:509): Key: DATA_WATTS_FLOAT, Value: 0.0
2020-01-27 17:05:51.135 6341-6341/com.jhtp.halservice I/KeyDebugGet:(HALService.java:211): Key: IS_DEMO_MODE_BOOL, Value: 1
2020-01-27 17:05:51.136 6341-6341/com.jhtp.halservice I/KeyDebugGet:(HALService.java:243): Key: DATA_IS_SAFE_TO_START_WORKOUT_BOOL, Value: 1
2020-01-27 17:05:51.136 6360-6360/com.jhtp.workoutcontrollerservice I/KeyDebugCallback:(StatUpdating.java:94): Key: DATA_WATTS_FLOAT, Value: 0.0
2020-01-27 17:05:51.136 6382-6382/com.jhtp.uiservice I/KeyDebugCallback:(StatValueUpdater.java:122): Key: DATA_WATTS_FLOAT, Value: 0.0
2020-01-27 17:05:51.136 6327-6917/com.jhtp.lcbservice I/KeyDebugPut:(LCBService.java:510): Key: DATA_CALORIES_PER_SEC_FLOAT, Value: 0.0
2020-01-27 17:05:51.137 6327-6917/com.jhtp.lcbservice I/KeyDebugPut:(LCBService.java:511): Key: DATA_METS_FLOAT, Value: 1.0
2020-01-27 17:05:51.138 6360-6360/com.jhtp.workoutcontrollerservice I/KeyDebugCallback:(StatUpdating.java:93): Key: DATA_CALORIES_PER_SEC_FLOAT, Value: 0.0
2020-01-27 17:05:51.138 6360-6360/com.jhtp.workoutcontrollerservice I/KeyDebugPut:(StatUpdating.java:483): Key: DATA_CALORIES_PER_HOUR_INT, Value: 0
2020-01-27 17:05:51.142 6382-6382/com.jhtp.uiservice I/KeyDebugCallback:(StatValueUpdater.java:122): Key: DATA_METS_FLOAT, Value: 1.0
2020-01-27 17:05:51.143 6382-6382/com.jhtp.uiservice I/KeyDebugCallback:(StatValueUpdater.java:112): Key: DATA_CALORIES_PER_HOUR_INT, Value: 0
2020-01-27 17:05:51.143 6360-6360/com.jhtp.workoutcontrollerservice I/KeyDebugCallback:(StatUpdating.java:95): Key: DATA_METS_FLOAT, Value: 1.0
2020-01-27 17:05:51.228 6190-6726/com.jhtp.loggerservice I/KeyDebugGet:(AnalyticsManager.java:328): Key: IS_BT_SINK_CONNECTED, Value: 0
2020-01-27 17:05:51.229 6190-6726/com.jhtp.loggerservice I/KeyDebugGet:(AnalyticsManager.java:330): Key: GYM_KIT_STATUS_INT, Value: 2
2020-01-27 17:05:51.229 6190-6726/com.jhtp.loggerservice I/KeyDebugGet:(AnalyticsManager.java:332): Key: DATA_HEART_RATE_INT, Value: 0
2020-01-27 17:05:51.231 6190-6726/com.jhtp.loggerservice I/KeyDebugGet:(AnalyticsManager.java:335): Key: BLUETOOTH_CONNECTED_BOOL, Value: 0
2020-01-27 17:05:51.232 6190-6726/com.jhtp.loggerservice I/KeyDebugGet:(AnalyticsManager.java:337): Key: DATA_IS_HEADPHONE_CONNECTED_BOOL, Value: 0
2020-01-27 17:05:51.390 6327-6790/com.jhtp.lcbservice I/KeyDebugGet:(LcbComm.java:456): Key: DATA_SHOW_LCB_ANALYTICS, Value: -1
2020-01-27 17:05:51.659 6532-6999/com.jhtp.location I/KeyDebugGet:(LocationService.java:105): Key: WEATHER_LATITUDE_FLOAT, Value: 0.0
2020-01-27 17:05:51.659 6532-6999/com.jhtp.location I/KeyDebugGet:(LocationService.java:106): Key: WEATHER_LONGITUDE_FLOAT, Value: 0.0
2020-01-27 17:05:51.823 6341-6830/com.jhtp.halservice I/KeyDebugPut:(WifiSignalManager.java:59): Key: WIFI_STRENGTH_ENUM, Value: 4
2020-01-27 17:05:51.824 7209-7209/com.jht.mainapp I/KeyDebugCallback:(TopBarWifiIndicator.java:63): Key: WIFI_STRENGTH_ENUM, Value: 4
2020-01-27 17:05:51.825 6341-6830/com.jhtp.halservice I/KeyDebugGet:(WifiSignalManager.java:61): Key: NETWORK_CONNECTION_BOOL, Value: 1
2020-01-27 17:05:52.122 6327-6917/com.jhtp.lcbservice I/KeyDebugGet:(LCBService.java:477): Key: DATA_USER_WEIGHT_KG_FLOAT, Value: 68.0388
2020-01-27 17:05:52.122 6327-6917/com.jhtp.lcbservice I/KeyDebugPut:(LCBService.java:500): Key: DATA_TARGET_SPEED_KPH_FLOAT, Value: 0.0
2020-01-27 17:05:52.123 6360-6360/com.jhtp.workoutcontrollerservice I/KeyDebugCallback:(StatUpdating.java:87): Key: DATA_TARGET_SPEED_KPH_FLOAT, Value: 0.0
2020-01-27 17:05:52.124 6382-6382/com.jhtp.uiservice I/KeyDebugCallback:(StatValueUpdater.java:122): Key: DATA_TARGET_SPEED_KPH_FLOAT, Value: 0.0
2020-01-27 17:05:52.124 6382-6382/com.jhtp.uiservice I/KeyDebugCallback:(RightPanelSpeedLogic.java:244): Key: DATA_TARGET_SPEED_KPH_FLOAT, Value: 0.0
2020-01-27 17:05:52.125 6327-6917/com.jhtp.lcbservice I/KeyDebugPut:(LCBService.java:501): Key: DATA_ACTUAL_SPEED_KPH_FLOAT, Value: 0.0
2020-01-27 17:05:52.125 6360-6360/com.jhtp.workoutcontrollerservice I/KeyDebugGet:(StatUpdating.java:309): Key: DISPLAY_METRIC_VALUES_BOOL, Value: 0
2020-01-27 17:05:52.125 6360-6360/com.jhtp.workoutcontrollerservice I/KeyDebugPut:(StatUpdating.java:311): Key: DATA_PACE_SEC_PER_KM_INT, Value: 0
2020-01-27 17:05:52.126 6327-6917/com.jhtp.lcbservice I/KeyDebugPut:(LCBService.java:502): Key: DATA_TARGET_INCLINE_FLOAT, Value: 0.0
2020-01-27 17:05:52.127 6360-6360/com.jhtp.workoutcontrollerservice I/KeyDebugPut:(StatUpdating.java:312): Key: DATA_WORKOUT_SPEED_KPH_FLOAT, Value: 0.0
2020-01-27 17:05:52.128 6382-6382/com.jhtp.uiservice I/KeyDebugCallback:(StatValueUpdater.java:122): Key: DATA_TARGET_INCLINE_FLOAT, Value: 0.0
2020-01-27 17:05:52.129 6327-6917/com.jhtp.lcbservice I/KeyDebugPut:(LCBService.java:503): Key: DATA_ACTUAL_INCLINE_FLOAT, Value: 0.0
2020-01-27 17:05:52.129 6360-6360/com.jhtp.workoutcontrollerservice I/KeyDebugCallback:(StatUpdating.java:88): Key: DATA_ACTUAL_SPEED_KPH_FLOAT, Value: 0.0
2020-01-27 17:05:52.129 6360-6360/com.jhtp.workoutcontrollerservice I/KeyDebugCallback:(StatUpdating.java:72): Key: DATA_PACE_SEC_PER_KM_INT, Value: 0
2020-01-27 17:05:52.129 6360-6360/com.jhtp.workoutcontrollerservice I/KeyDebugCallback:(StatUpdating.java:91): Key: DATA_TARGET_INCLINE_FLOAT, Value: 0.0
2020-01-27 17:05:52.129 6327-6917/com.jhtp.lcbservice I/KeyDebugPut:(LCBService.java:504): Key: DATA_INCLINE_ADC_INT, Value: 0
2020-01-27 17:05:52.129 6382-6382/com.jhtp.uiservice I/KeyDebugCallback:(StatValueUpdater.java:122): Key: DATA_WORKOUT_SPEED_KPH_FLOAT, Value: 0.0
2020-01-27 17:05:52.130 6327-6917/com.jhtp.lcbservice I/KeyDebugPut:(LCBService.java:505): Key: DATA_RESISTANCE_INT, Value: 1
2020-01-27 17:05:52.130 6360-6360/com.jhtp.workoutcontrollerservice I/KeyDebugCallback:(StatUpdating.java:92): Key: DATA_RESISTANCE_INT, Value: 1
2020-01-27 17:05:52.131 6327-6917/com.jhtp.lcbservice I/KeyDebugPut:(LCBService.java:506): Key: DATA_RPM_INT, Value: 0
2020-01-27 17:05:52.131 7209-7209/com.jht.mainapp I/KeyDebugCallback:(IdleTimerManagement.java:48): Key: DATA_RPM_INT, Value: 0
2020-01-27 17:05:52.132 7209-7209/com.jht.mainapp I/KeyDebugGet:(IdleTimerManagement.java:49): Key: IS_DEMO_MODE_BOOL, Value: 1
2020-01-27 17:05:52.132 6341-6341/com.jhtp.halservice I/KeyDebugCallback:(HALService.java:162): Key: DATA_RPM_INT, Value: 0
2020-01-27 17:05:52.133 6360-6360/com.jhtp.workoutcontrollerservice I/KeyDebugCallback:(StatUpdating.java:89): Key: DATA_RPM_INT, Value: 0
2020-01-27 17:05:52.133 6360-6360/com.jhtp.workoutcontrollerservice I/KeyDebugCallback:(WorkoutControllerService.java:319): Key: DATA_RPM_INT, Value: 0
2020-01-27 17:05:52.133 6341-6341/com.jhtp.halservice I/KeyDebugGet:(HALService.java:211): Key: IS_DEMO_MODE_BOOL, Value: 1
2020-01-27 17:05:52.134 6327-6917/com.jhtp.lcbservice I/KeyDebugPut:(LCBService.java:507): Key: DATA_SPM_INT, Value: 0
2020-01-27 17:05:52.134 6341-6341/com.jhtp.halservice I/KeyDebugGet:(HALService.java:243): Key: DATA_IS_SAFE_TO_START_WORKOUT_BOOL, Value: 1
2020-01-27 17:05:52.135 6341-6341/com.jhtp.halservice I/KeyDebugCallback:(HALService.java:163): Key: DATA_SPM_INT, Value: 0
2020-01-27 17:05:52.135 6360-6360/com.jhtp.workoutcontrollerservice I/KeyDebugCallback:(StatUpdating.java:90): Key: DATA_SPM_INT, Value: 0
2020-01-27 17:05:52.135 6341-6341/com.jhtp.halservice I/KeyDebugGet:(HALService.java:211): Key: IS_DEMO_MODE_BOOL, Value: 1
2020-01-27 17:05:52.136 6327-6917/com.jhtp.lcbservice I/KeyDebugPut:(LCBService.java:508): Key: DATA_TARGET_SPM_INT, Value: 0
2020-01-27 17:05:52.136 6341-6341/com.jhtp.halservice I/KeyDebugGet:(HALService.java:243): Key: DATA_IS_SAFE_TO_START_WORKOUT_BOOL, Value: 1
2020-01-27 17:05:52.137 6327-6917/com.jhtp.lcbservice I/KeyDebugPut:(LCBService.java:509): Key: DATA_WATTS_FLOAT, Value: 0.0
2020-01-27 17:05:52.137 6360-6360/com.jhtp.workoutcontrollerservice I/KeyDebugCallback:(StatUpdating.java:94): Key: DATA_WATTS_FLOAT, Value: 0.0
2020-01-27 17:05:52.138 6382-6382/com.jhtp.uiservice I/KeyDebugCallback:(StatValueUpdater.java:122): Key: DATA_WATTS_FLOAT, Value: 0.0
2020-01-27 17:05:52.138 6327-6917/com.jhtp.lcbservice I/KeyDebugPut:(LCBService.java:510): Key: DATA_CALORIES_PER_SEC_FLOAT, Value: 0.0
2020-01-27 17:05:52.139 6360-6360/com.jhtp.workoutcontrollerservice I/KeyDebugCallback:(StatUpdating.java:93): Key: DATA_CALORIES_PER_SEC_FLOAT, Value: 0.0
2020-01-27 17:05:52.139 6360-6360/com.jhtp.workoutcontrollerservice I/KeyDebugPut:(StatUpdating.java:483): Key: DATA_CALORIES_PER_HOUR_INT, Value: 0
2020-01-27 17:05:52.139 6327-6917/com.jhtp.lcbservice I/KeyDebugPut:(LCBService.java:511): Key: DATA_METS_FLOAT, Value: 1.0
2020-01-27 17:05:52.140 6382-6382/com.jhtp.uiservice I/KeyDebugCallback:(StatValueUpdater.java:122): Key: DATA_METS_FLOAT, Value: 1.0
2020-01-27 17:05:52.141 6382-6382/com.jhtp.uiservice I/KeyDebugCallback:(StatValueUpdater.java:112): Key: DATA_CALORIES_PER_HOUR_INT, Value: 0
2020-01-27 17:05:52.142 6360-6360/com.jhtp.workoutcontrollerservice I/KeyDebugCallback:(StatUpdating.java:95): Key: DATA_METS_FLOAT, Value: 1.0
2020-01-27 17:05:52.228 6190-6726/com.jhtp.loggerservice I/KeyDebugGet:(AnalyticsManager.java:328): Key: IS_BT_SINK_CONNECTED, Value: 0
2020-01-27 17:05:52.228 6190-6726/com.jhtp.loggerservice I/KeyDebugGet:(AnalyticsManager.java:330): Key: GYM_KIT_STATUS_INT, Value: 2
2020-01-27 17:05:52.228 6190-6726/com.jhtp.loggerservice I/KeyDebugGet:(AnalyticsManager.java:332): Key: DATA_HEART_RATE_INT, Value: 0
2020-01-27 17:05:52.230 6190-6726/com.jhtp.loggerservice I/KeyDebugGet:(AnalyticsManager.java:335): Key: BLUETOOTH_CONNECTED_BOOL, Value: 0
2020-01-27 17:05:52.230 6190-6726/com.jhtp.loggerservice I/KeyDebugGet:(AnalyticsManager.java:337): Key: DATA_IS_HEADPHONE_CONNECTED_BOOL, Value: 0
2020-01-27 17:05:52.391 6327-6790/com.jhtp.lcbservice I/KeyDebugGet:(LcbComm.java:456): Key: DATA_SHOW_LCB_ANALYTICS, Value: -1
2020-01-27 17:05:52.661 6532-6999/com.jhtp.location I/KeyDebugGet:(LocationService.java:105): Key: WEATHER_LATITUDE_FLOAT, Value: 0.0
2020-01-27 17:05:52.661 6532-6999/com.jhtp.location I/KeyDebugGet:(LocationService.java:106): Key: WEATHER_LONGITUDE_FLOAT, Value: 0.0
2020-01-27 17:05:52.823 6341-6830/com.jhtp.halservice I/KeyDebugPut:(WifiSignalManager.java:59): Key: WIFI_STRENGTH_ENUM, Value: 4
2020-01-27 17:05:52.824 7209-7209/com.jht.mainapp I/KeyDebugCallback:(TopBarWifiIndicator.java:63): Key: WIFI_STRENGTH_ENUM, Value: 4
2020-01-27 17:05:52.825 6341-6830/com.jhtp.halservice I/KeyDebugGet:(WifiSignalManager.java:61): Key: NETWORK_CONNECTION_BOOL, Value: 1
2020-01-27 17:05:53.123 6327-6917/com.jhtp.lcbservice I/KeyDebugGet:(LCBService.java:477): Key: DATA_USER_WEIGHT_KG_FLOAT, Value: 68.0388
2020-01-27 17:05:53.123 6327-6917/com.jhtp.lcbservice I/KeyDebugPut:(LCBService.java:500): Key: DATA_TARGET_SPEED_KPH_FLOAT, Value: 0.0
2020-01-27 17:05:53.124 6360-6360/com.jhtp.workoutcontrollerservice I/KeyDebugCallback:(StatUpdating.java:87): Key: DATA_TARGET_SPEED_KPH_FLOAT, Value: 0.0
2020-01-27 17:05:53.124 6360-6360/com.jhtp.workoutcontrollerservice I/KeyDebugGet:(StatUpdating.java:309): Key: DISPLAY_METRIC_VALUES_BOOL, Value: 0
2020-01-27 17:05:53.124 6360-6360/com.jhtp.workoutcontrollerservice I/KeyDebugPut:(StatUpdating.java:311): Key: DATA_PACE_SEC_PER_KM_INT, Value: 0
2020-01-27 17:05:53.125 6382-6382/com.jhtp.uiservice I/KeyDebugCallback:(StatValueUpdater.java:122): Key: DATA_TARGET_SPEED_KPH_FLOAT, Value: 0.0
2020-01-27 17:05:53.125 6382-6382/com.jhtp.uiservice I/KeyDebugCallback:(RightPanelSpeedLogic.java:244): Key: DATA_TARGET_SPEED_KPH_FLOAT, Value: 0.0
2020-01-27 17:05:53.126 6327-6917/com.jhtp.lcbservice I/KeyDebugPut:(LCBService.java:501): Key: DATA_ACTUAL_SPEED_KPH_FLOAT, Value: 0.0
2020-01-27 17:05:53.127 6360-6360/com.jhtp.workoutcontrollerservice I/KeyDebugPut:(StatUpdating.java:312): Key: DATA_WORKOUT_SPEED_KPH_FLOAT, Value: 0.0
2020-01-27 17:05:53.128 6327-6917/com.jhtp.lcbservice I/KeyDebugPut:(LCBService.java:502): Key: DATA_TARGET_INCLINE_FLOAT, Value: 0.0
2020-01-27 17:05:53.128 6382-6382/com.jhtp.uiservice I/KeyDebugCallback:(StatValueUpdater.java:122): Key: DATA_WORKOUT_SPEED_KPH_FLOAT, Value: 0.0
2020-01-27 17:05:53.129 6360-6360/com.jhtp.workoutcontrollerservice I/KeyDebugCallback:(StatUpdating.java:72): Key: DATA_PACE_SEC_PER_KM_INT, Value: 0
2020-01-27 17:05:53.129 6360-6360/com.jhtp.workoutcontrollerservice I/KeyDebugCallback:(StatUpdating.java:88): Key: DATA_ACTUAL_SPEED_KPH_FLOAT, Value: 0.0
2020-01-27 17:05:53.130 6360-6360/com.jhtp.workoutcontrollerservice I/KeyDebugCallback:(StatUpdating.java:91): Key: DATA_TARGET_INCLINE_FLOAT, Value: 0.0
2020-01-27 17:05:53.130 6382-6382/com.jhtp.uiservice I/KeyDebugCallback:(StatValueUpdater.java:122): Key: DATA_TARGET_INCLINE_FLOAT, Value: 0.0
2020-01-27 17:05:53.130 6327-6917/com.jhtp.lcbservice I/KeyDebugPut:(LCBService.java:503): Key: DATA_ACTUAL_INCLINE_FLOAT, Value: 0.0
2020-01-27 17:05:53.131 6327-6917/com.jhtp.lcbservice I/KeyDebugPut:(LCBService.java:504): Key: DATA_INCLINE_ADC_INT, Value: 0
2020-01-27 17:05:53.131 6327-6917/com.jhtp.lcbservice I/KeyDebugPut:(LCBService.java:505): Key: DATA_RESISTANCE_INT, Value: 1
2020-01-27 17:05:53.132 6360-6360/com.jhtp.workoutcontrollerservice I/KeyDebugCallback:(StatUpdating.java:92): Key: DATA_RESISTANCE_INT, Value: 1
2020-01-27 17:05:53.133 6327-6917/com.jhtp.lcbservice I/KeyDebugPut:(LCBService.java:506): Key: DATA_RPM_INT, Value: 0
2020-01-27 17:05:53.134 7209-7209/com.jht.mainapp I/KeyDebugCallback:(IdleTimerManagement.java:48): Key: DATA_RPM_INT, Value: 0
2020-01-27 17:05:53.134 7209-7209/com.jht.mainapp I/KeyDebugGet:(IdleTimerManagement.java:49): Key: IS_DEMO_MODE_BOOL, Value: 1
2020-01-27 17:05:53.134 6341-6341/com.jhtp.halservice I/KeyDebugCallback:(HALService.java:162): Key: DATA_RPM_INT, Value: 0
2020-01-27 17:05:53.135 6360-6360/com.jhtp.workoutcontrollerservice I/KeyDebugCallback:(StatUpdating.java:89): Key: DATA_RPM_INT, Value: 0
2020-01-27 17:05:53.135 6341-6341/com.jhtp.halservice I/KeyDebugGet:(HALService.java:211): Key: IS_DEMO_MODE_BOOL, Value: 1
2020-01-27 17:05:53.135 6360-6360/com.jhtp.workoutcontrollerservice I/KeyDebugCallback:(WorkoutControllerService.java:319): Key: DATA_RPM_INT, Value: 0
2020-01-27 17:05:53.135 6327-6917/com.jhtp.lcbservice I/KeyDebugPut:(LCBService.java:507): Key: DATA_SPM_INT, Value: 0
2020-01-27 17:05:53.135 6341-6341/com.jhtp.halservice I/KeyDebugGet:(HALService.java:243): Key: DATA_IS_SAFE_TO_START_WORKOUT_BOOL, Value: 1
2020-01-27 17:05:53.137 6341-6341/com.jhtp.halservice I/KeyDebugCallback:(HALService.java:163): Key: DATA_SPM_INT, Value: 0
2020-01-27 17:05:53.137 6360-6360/com.jhtp.workoutcontrollerservice I/KeyDebugCallback:(StatUpdating.java:90): Key: DATA_SPM_INT, Value: 0
2020-01-27 17:05:53.138 6327-6917/com.jhtp.lcbservice I/KeyDebugPut:(LCBService.java:508): Key: DATA_TARGET_SPM_INT, Value: 0
2020-01-27 17:05:53.138 6327-6917/com.jhtp.lcbservice I/KeyDebugPut:(LCBService.java:509): Key: DATA_WATTS_FLOAT, Value: 0.0
2020-01-27 17:05:53.139 6341-6341/com.jhtp.halservice I/KeyDebugGet:(HALService.java:211): Key: IS_DEMO_MODE_BOOL, Value: 1
2020-01-27 17:05:53.139 6382-6382/com.jhtp.uiservice I/KeyDebugCallback:(StatValueUpdater.java:122): Key: DATA_WATTS_FLOAT, Value: 0.0
2020-01-27 17:05:53.139 6341-6341/com.jhtp.halservice I/KeyDebugGet:(HALService.java:243): Key: DATA_IS_SAFE_TO_START_WORKOUT_BOOL, Value: 1
2020-01-27 17:05:53.140 6360-6360/com.jhtp.workoutcontrollerservice I/KeyDebugCallback:(StatUpdating.java:94): Key: DATA_WATTS_FLOAT, Value: 0.0
2020-01-27 17:05:53.141 6327-6917/com.jhtp.lcbservice I/KeyDebugPut:(LCBService.java:510): Key: DATA_CALORIES_PER_SEC_FLOAT, Value: 0.0
2020-01-27 17:05:53.141 6360-6360/com.jhtp.workoutcontrollerservice I/KeyDebugCallback:(StatUpdating.java:93): Key: DATA_CALORIES_PER_SEC_FLOAT, Value: 0.0
2020-01-27 17:05:53.142 6360-6360/com.jhtp.workoutcontrollerservice I/KeyDebugPut:(StatUpdating.java:483): Key: DATA_CALORIES_PER_HOUR_INT, Value: 0
2020-01-27 17:05:53.143 6327-6917/com.jhtp.lcbservice I/KeyDebugPut:(LCBService.java:511): Key: DATA_METS_FLOAT, Value: 1.0
2020-01-27 17:05:53.143 6382-6382/com.jhtp.uiservice I/KeyDebugCallback:(StatValueUpdater.java:112): Key: DATA_CALORIES_PER_HOUR_INT, Value: 0
2020-01-27 17:05:53.143 6360-6360/com.jhtp.workoutcontrollerservice I/KeyDebugCallback:(StatUpdating.java:95): Key: DATA_METS_FLOAT, Value: 1.0
2020-01-27 17:05:53.144 6382-6382/com.jhtp.uiservice I/KeyDebugCallback:(StatValueUpdater.java:122): Key: DATA_METS_FLOAT, Value: 1.0
2020-01-27 17:05:53.227 6190-6726/com.jhtp.loggerservice I/KeyDebugGet:(AnalyticsManager.java:328): Key: IS_BT_SINK_CONNECTED, Value: 0
2020-01-27 17:05:53.228 6190-6726/com.jhtp.loggerservice I/KeyDebugGet:(AnalyticsManager.java:330): Key: GYM_KIT_STATUS_INT, Value: 2
2020-01-27 17:05:53.228 6190-6726/com.jhtp.loggerservice I/KeyDebugGet:(AnalyticsManager.java:332): Key: DATA_HEART_RATE_INT, Value: 0
2020-01-27 17:05:53.229 6190-6726/com.jhtp.loggerservice I/KeyDebugGet:(AnalyticsManager.java:335): Key: BLUETOOTH_CONNECTED_BOOL, Value: 0
2020-01-27 17:05:53.230 6190-6726/com.jhtp.loggerservice I/KeyDebugGet:(AnalyticsManager.java:337): Key: DATA_IS_HEADPHONE_CONNECTED_BOOL, Value: 0
2020-01-27 17:05:53.390 6327-6790/com.jhtp.lcbservice I/KeyDebugGet:(LcbComm.java:456): Key: DATA_SHOW_LCB_ANALYTICS, Value: -1
2020-01-27 17:05:53.421 6341-7065/com.jhtp.halservice I/KeyDebug:(HALService.java:133): Key: EVENT_TOUCH
2020-01-27 17:05:53.429 6360-6360/com.jhtp.workoutcontrollerservice I/KeyDebugCallback:(WorkoutControllerService.java:1339): Key: EVENT_TOUCH, Value: EVENT_TOUCH
2020-01-27 17:05:53.430 7209-7209/com.jht.mainapp I/KeyDebugGet:(WelcomeActivity.java:439): Key: WELCOME_SCREEN_ICON_POSITION_ENUM, Value: 0
2020-01-27 17:05:53.430 7209-7209/com.jht.mainapp I/KeyDebugGet:(WelcomeActivity.java:536): Key: WELCOME_SCREEN_ICON_POSITION_ENUM, Value: 0
2020-01-27 17:05:53.431 7209-7209/com.jht.mainapp I/KeyDebugGet:(WelcomeActivity.java:539): Key: WELCOME_SCREEN_AUTO_HIDE_TIMEOUT_SEC_INT, Value: 0
2020-01-27 17:05:53.433 7209-7209/com.jht.mainapp I/KeyDebugGet:(WelcomeActivity.java:546): Key: USE_CUSTOM_WELCOME_SCREEN_BOOL, Value: 1
2020-01-27 17:05:53.433 7209-7209/com.jht.mainapp I/KeyDebugGet:(WelcomeActivity.java:547): Key: SCREEN_TIMEOUT_SEC_INT, Value: 0
2020-01-27 17:05:53.438 7209-7209/com.jht.mainapp I/KeyDebugCallback:(IdleTimerManagement.java:46): Key: EVENT_TOUCH, Value: EVENT_TOUCH
2020-01-27 17:05:53.440 7209-7209/com.jht.mainapp I/KeyDebugCallback:(WelcomeActivity.java:266): Key: EVENT_TOUCH, Value: EVENT_TOUCH
2020-01-27 17:05:53.441 7209-7209/com.jht.mainapp I/KeyDebugGet:(WelcomeActivity.java:536): Key: WELCOME_SCREEN_ICON_POSITION_ENUM, Value: 0
2020-01-27 17:05:53.442 7209-7209/com.jht.mainapp I/KeyDebugGet:(WelcomeActivity.java:539): Key: WELCOME_SCREEN_AUTO_HIDE_TIMEOUT_SEC_INT, Value: 0
2020-01-27 17:05:53.442 7209-7209/com.jht.mainapp I/KeyDebugGet:(WelcomeActivity.java:546): Key: USE_CUSTOM_WELCOME_SCREEN_BOOL, Value: 1
2020-01-27 17:05:53.442 7209-7209/com.jht.mainapp I/KeyDebugGet:(WelcomeActivity.java:547): Key: SCREEN_TIMEOUT_SEC_INT, Value: 0
2020-01-27 17:05:53.482 7209-7209/com.jht.mainapp I/KeyDebugGet:(WelcomeActivity.java:536): Key: WELCOME_SCREEN_ICON_POSITION_ENUM, Value: 0
2020-01-27 17:05:53.483 7209-7209/com.jht.mainapp I/KeyDebugGet:(WelcomeActivity.java:539): Key: WELCOME_SCREEN_AUTO_HIDE_TIMEOUT_SEC_INT, Value: 0
2020-01-27 17:05:53.483 7209-7209/com.jht.mainapp I/KeyDebugGet:(WelcomeActivity.java:546): Key: USE_CUSTOM_WELCOME_SCREEN_BOOL, Value: 1
2020-01-27 17:05:53.484 7209-7209/com.jht.mainapp I/KeyDebugGet:(WelcomeActivity.java:547): Key: SCREEN_TIMEOUT_SEC_INT, Value: 0
2020-01-27 17:05:53.488 7209-7209/com.jht.mainapp I/KeyDebugPut:(WelcomeActivity.java:197): Key: IS_GUEST_USER_BOOL, Value: true
2020-01-27 17:05:53.514 7209-7209/com.jht.mainapp I/KeyDebugPut:(HomeScreenIdleTimer.java:110): Key: IS_SAFE_TO_UPDATE_BOOL, Value: false
2020-01-27 17:05:53.516 6397-6397/com.jhtp.dapiservice I/KeyDebugCallback:(AutoUpdateManager.java:191): Key: IS_SAFE_TO_UPDATE_BOOL, Value: false
2020-01-27 17:05:53.518 6397-6397/com.jhtp.dapiservice I/KeyDebugGet:(AutoUpdateManager.java:273): Key: IS_AUTO_UPDATE_READY_BOOL, Value: 0
2020-01-27 17:05:53.519 7209-7209/com.jht.mainapp I/KeyDebugGet:(WelcomeActivity.java:411): Key: ENABLE_CLUB_COM_BOOL, Value: 0
2020-01-27 17:05:53.579 7209-7209/com.jht.mainapp I/KeyDebugGet:(GoScreenActivity.java:122): Key: SHOW_WELCOME_SCREEN_BOOLEAN, Value: 1
2020-01-27 17:05:53.582 7209-7209/com.jht.mainapp I/KeyDebugGet:(GoScreenActivity.java:123): Key: ALLOW_GUEST_BOOLEAN, Value: 1
2020-01-27 17:05:53.663 6532-6999/com.jhtp.location I/KeyDebugGet:(LocationService.java:105): Key: WEATHER_LATITUDE_FLOAT, Value: 0.0
2020-01-27 17:05:53.664 6532-6999/com.jhtp.location I/KeyDebugGet:(LocationService.java:106): Key: WEATHER_LONGITUDE_FLOAT, Value: 0.0
2020-01-27 17:05:53.696 7209-7209/com.jht.mainapp I/KeyDebugGet:(TopBarLogo.java:82): Key: USE_CUSTOM_LOGO_BOOL, Value: 1
2020-01-27 17:05:53.822 6341-6830/com.jhtp.halservice I/KeyDebugPut:(WifiSignalManager.java:59): Key: WIFI_STRENGTH_ENUM, Value: 4
2020-01-27 17:05:53.824 6341-6830/com.jhtp.halservice I/KeyDebugGet:(WifiSignalManager.java:61): Key: NETWORK_CONNECTION_BOOL, Value: 1
2020-01-27 17:05:53.861 7209-7209/com.jht.mainapp I/KeyDebugGet:(TopBarDebugIndicator.java:47): Key: IS_DEMO_MODE_BOOL, Value: 1
    
    [          1580166353.996  6327: 6911 D/com.jht.chimera.service.hal.lib.lcb.lcbcommlib.machineHandler.GeneralCallbackHandlerLCBgetLcbErrorCodeHandler: Error 04B0 occurred.
2020-01-27 17:05:54.122 6327-6917/com.jhtp.lcbservice I/KeyDebugGet:(LCBService.java:477): Key: DATA_USER_WEIGHT_KG_FLOAT, Value: 68.0388
2020-01-27 17:05:54.122 6327-6917/com.jhtp.lcbservice I/KeyDebugPut:(LCBService.java:500): Key: DATA_TARGET_SPEED_KPH_FLOAT, Value: 0.0
2020-01-27 17:05:54.123 6360-6360/com.jhtp.workoutcontrollerservice I/KeyDebugCallback:(StatUpdating.java:87): Key: DATA_TARGET_SPEED_KPH_FLOAT, Value: 0.0
2020-01-27 17:05:54.124 6327-6917/com.jhtp.lcbservice I/KeyDebugPut:(LCBService.java:501): Key: DATA_ACTUAL_SPEED_KPH_FLOAT, Value: 0.0
2020-01-27 17:05:54.124 6382-6382/com.jhtp.uiservice I/KeyDebugCallback:(StatValueUpdater.java:122): Key: DATA_TARGET_SPEED_KPH_FLOAT, Value: 0.0
2020-01-27 17:05:54.124 6382-6382/com.jhtp.uiservice I/KeyDebugCallback:(RightPanelSpeedLogic.java:244): Key: DATA_TARGET_SPEED_KPH_FLOAT, Value: 0.0
2020-01-27 17:05:54.126 6360-6360/com.jhtp.workoutcontrollerservice I/KeyDebugGet:(StatUpdating.java:309): Key: DISPLAY_METRIC_VALUES_BOOL, Value: 0
2020-01-27 17:05:54.126 6327-6917/com.jhtp.lcbservice I/KeyDebugPut:(LCBService.java:502): Key: DATA_TARGET_INCLINE_FLOAT, Value: 0.0
2020-01-27 17:05:54.126 6360-6360/com.jhtp.workoutcontrollerservice I/KeyDebugPut:(StatUpdating.java:311): Key: DATA_PACE_SEC_PER_KM_INT, Value: 0
2020-01-27 17:05:54.127 6382-6382/com.jhtp.uiservice I/KeyDebugCallback:(StatValueUpdater.java:122): Key: DATA_TARGET_INCLINE_FLOAT, Value: 0.0
2020-01-27 17:05:54.129 6327-6917/com.jhtp.lcbservice I/KeyDebugPut:(LCBService.java:503): Key: DATA_ACTUAL_INCLINE_FLOAT, Value: 0.0
2020-01-27 17:05:54.129 6360-6360/com.jhtp.workoutcontrollerservice I/KeyDebugPut:(StatUpdating.java:312): Key: DATA_WORKOUT_SPEED_KPH_FLOAT, Value: 0.0
2020-01-27 17:05:54.130 6360-6360/com.jhtp.workoutcontrollerservice I/KeyDebugCallback:(StatUpdating.java:88): Key: DATA_ACTUAL_SPEED_KPH_FLOAT, Value: 0.0
2020-01-27 17:05:54.130 6327-6917/com.jhtp.lcbservice I/KeyDebugPut:(LCBService.java:504): Key: DATA_INCLINE_ADC_INT, Value: 0
2020-01-27 17:05:54.130 6360-6360/com.jhtp.workoutcontrollerservice I/KeyDebugCallback:(StatUpdating.java:91): Key: DATA_TARGET_INCLINE_FLOAT, Value: 0.0
2020-01-27 17:05:54.130 6360-6360/com.jhtp.workoutcontrollerservice I/KeyDebugCallback:(StatUpdating.java:72): Key: DATA_PACE_SEC_PER_KM_INT, Value: 0
2020-01-27 17:05:54.130 6327-6917/com.jhtp.lcbservice I/KeyDebugPut:(LCBService.java:505): Key: DATA_RESISTANCE_INT, Value: 1
2020-01-27 17:05:54.131 6360-6360/com.jhtp.workoutcontrollerservice I/KeyDebugCallback:(StatUpdating.java:92): Key: DATA_RESISTANCE_INT, Value: 1
2020-01-27 17:05:54.131 6327-6917/com.jhtp.lcbservice I/KeyDebugPut:(LCBService.java:506): Key: DATA_RPM_INT, Value: 0
2020-01-27 17:05:54.132 6382-6382/com.jhtp.uiservice I/KeyDebugCallback:(StatValueUpdater.java:122): Key: DATA_WORKOUT_SPEED_KPH_FLOAT, Value: 0.0
2020-01-27 17:05:54.132 6341-6341/com.jhtp.halservice I/KeyDebugCallback:(HALService.java:162): Key: DATA_RPM_INT, Value: 0
2020-01-27 17:05:54.133 6341-6341/com.jhtp.halservice I/KeyDebugGet:(HALService.java:211): Key: IS_DEMO_MODE_BOOL, Value: 1
2020-01-27 17:05:54.133 6360-6360/com.jhtp.workoutcontrollerservice I/KeyDebugCallback:(StatUpdating.java:89): Key: DATA_RPM_INT, Value: 0
2020-01-27 17:05:54.133 6360-6360/com.jhtp.workoutcontrollerservice I/KeyDebugCallback:(WorkoutControllerService.java:319): Key: DATA_RPM_INT, Value: 0
2020-01-27 17:05:54.133 6341-6341/com.jhtp.halservice I/KeyDebugGet:(HALService.java:243): Key: DATA_IS_SAFE_TO_START_WORKOUT_BOOL, Value: 1
2020-01-27 17:05:54.133 6327-6917/com.jhtp.lcbservice I/KeyDebugPut:(LCBService.java:507): Key: DATA_SPM_INT, Value: 0
2020-01-27 17:05:54.134 6341-6341/com.jhtp.halservice I/KeyDebugCallback:(HALService.java:163): Key: DATA_SPM_INT, Value: 0
2020-01-27 17:05:54.135 6360-6360/com.jhtp.workoutcontrollerservice I/KeyDebugCallback:(StatUpdating.java:90): Key: DATA_SPM_INT, Value: 0
2020-01-27 17:05:54.136 6341-6341/com.jhtp.halservice I/KeyDebugGet:(HALService.java:211): Key: IS_DEMO_MODE_BOOL, Value: 1
2020-01-27 17:05:54.136 6327-6917/com.jhtp.lcbservice I/KeyDebugPut:(LCBService.java:508): Key: DATA_TARGET_SPM_INT, Value: 0
2020-01-27 17:05:54.137 6341-6341/com.jhtp.halservice I/KeyDebugGet:(HALService.java:243): Key: DATA_IS_SAFE_TO_START_WORKOUT_BOOL, Value: 1
2020-01-27 17:05:54.137 6327-6917/com.jhtp.lcbservice I/KeyDebugPut:(LCBService.java:509): Key: DATA_WATTS_FLOAT, Value: 0.0
2020-01-27 17:05:54.137 6360-6360/com.jhtp.workoutcontrollerservice I/KeyDebugCallback:(StatUpdating.java:94): Key: DATA_WATTS_FLOAT, Value: 0.0
2020-01-27 17:05:54.138 6382-6382/com.jhtp.uiservice I/KeyDebugCallback:(StatValueUpdater.java:122): Key: DATA_WATTS_FLOAT, Value: 0.0
2020-01-27 17:05:54.138 6327-6917/com.jhtp.lcbservice I/KeyDebugPut:(LCBService.java:510): Key: DATA_CALORIES_PER_SEC_FLOAT, Value: 0.0
2020-01-27 17:05:54.139 6360-6360/com.jhtp.workoutcontrollerservice I/KeyDebugCallback:(StatUpdating.java:93): Key: DATA_CALORIES_PER_SEC_FLOAT, Value: 0.0
2020-01-27 17:05:54.140 6360-6360/com.jhtp.workoutcontrollerservice I/KeyDebugPut:(StatUpdating.java:483): Key: DATA_CALORIES_PER_HOUR_INT, Value: 0
2020-01-27 17:05:54.140 6327-6917/com.jhtp.lcbservice I/KeyDebugPut:(LCBService.java:511): Key: DATA_METS_FLOAT, Value: 1.0
2020-01-27 17:05:54.141 6382-6382/com.jhtp.uiservice I/KeyDebugCallback:(StatValueUpdater.java:122): Key: DATA_METS_FLOAT, Value: 1.0
2020-01-27 17:05:54.141 6382-6382/com.jhtp.uiservice I/KeyDebugCallback:(StatValueUpdater.java:112): Key: DATA_CALORIES_PER_HOUR_INT, Value: 0
2020-01-27 17:05:54.142 6360-6360/com.jhtp.workoutcontrollerservice I/KeyDebugCallback:(StatUpdating.java:95): Key: DATA_METS_FLOAT, Value: 1.0
2020-01-27 17:05:54.193 7209-7209/com.jht.mainapp I/KeyDebugGet:(DataMatrix.java:241): Key: GETTING_USER_TIERS_BOOL, Value: 0
2020-01-27 17:05:54.193 7209-7209/com.jht.mainapp I/KeyDebugGet:(GoScreenActivity.java:163): Key: GETTING_USER_INFO_BOOL, Value: -1
2020-01-27 17:05:54.227 6190-6726/com.jhtp.loggerservice I/KeyDebugGet:(AnalyticsManager.java:328): Key: IS_BT_SINK_CONNECTED, Value: 0
2020-01-27 17:05:54.227 6190-6726/com.jhtp.loggerservice I/KeyDebugGet:(AnalyticsManager.java:330): Key: GYM_KIT_STATUS_INT, Value: 2
2020-01-27 17:05:54.228 6190-6726/com.jhtp.loggerservice I/KeyDebugGet:(AnalyticsManager.java:332): Key: DATA_HEART_RATE_INT, Value: 0
2020-01-27 17:05:54.229 6190-6726/com.jhtp.loggerservice I/KeyDebugGet:(AnalyticsManager.java:335): Key: BLUETOOTH_CONNECTED_BOOL, Value: 0
2020-01-27 17:05:54.229 6190-6726/com.jhtp.loggerservice I/KeyDebugGet:(AnalyticsManager.java:337): Key: DATA_IS_HEADPHONE_CONNECTED_BOOL, Value: 0
2020-01-27 17:05:54.259 7209-7209/com.jht.mainapp I/KeyDebugGet:(WorkoutDbLoader.java:28): Key: IS_FIRST_LAUNCH_BOOL, Value: -1
2020-01-27 17:05:54.259 7209-7209/com.jht.mainapp I/KeyDebugPut:(WorkoutDbLoader.java:30): Key: IS_FIRST_LAUNCH_BOOL, Value: false
2020-01-27 17:05:54.265 7209-7209/com.jht.mainapp I/KeyDebugGet:(FrameConfigManager.java:27): Key: FRAME_TYPE_STRING, Value: Treadmill_Endurance
2020-01-27 17:05:54.281 7209-7209/com.jht.mainapp I/KeyDebugGet:(FrameConfigManager.java:95): Key: DATA_USER_AGE_INT, Value: 30
2020-01-27 17:05:54.282 7209-7209/com.jht.mainapp I/KeyDebugGet:(FrameConfigManager.java:98): Key: DATA_USER_WEIGHT_KG_FLOAT, Value: 68.0388
2020-01-27 17:05:54.283 7209-7209/com.jht.mainapp I/KeyDebugGet:(FrameConfigManager.java:99): Key: DATA_USER_WEIGHT_KG_FLOAT, Value: 68.0388
2020-01-27 17:05:54.284 7209-7209/com.jht.mainapp I/KeyDebugGet:(FrameConfigManager.java:102): Key: MAX_INCLINE_FLOAT, Value: 15.0
2020-01-27 17:05:54.284 7209-7209/com.jht.mainapp I/KeyDebugGet:(FrameConfigManager.java:114): Key: DEFAULT_LEVEL_INT, Value: 1
2020-01-27 17:05:54.285 7209-7209/com.jht.mainapp I/KeyDebugGet:(FrameConfigManager.java:119): Key: MAX_WORKOUT_SPEED_KPH_FLOAT, Value: -1.0
2020-01-27 17:05:54.286 7209-7209/com.jht.mainapp I/KeyDebugGet:(FrameConfigManager.java:120): Key: MAX_WORKOUT_SPEED_MPH_FLOAT, Value: -1.0
2020-01-27 17:05:54.286 7209-7209/com.jht.mainapp I/KeyDebugGet:(FrameConfigManager.java:127): Key: START_SPEED_KPH_FLOAT, Value: 0.8
2020-01-27 17:05:54.287 7209-7209/com.jht.mainapp I/KeyDebugGet:(FrameConfigManager.java:138): Key: MAX_WORKOUT_TIME_MIN_INT, Value: 120
2020-01-27 17:05:54.287 7209-7209/com.jht.mainapp I/KeyDebugGet:(FrameConfigManager.java:141): Key: MAX_WORKOUT_CALORIES_INT, Value: 1000
2020-01-27 17:05:54.288 7209-7209/com.jht.mainapp I/KeyDebugGet:(FrameConfigManager.java:144): Key: MAX_WORKOUT_DISTANCE_KM_FLOAT, Value: 50.0
2020-01-27 17:05:54.289 7209-7209/com.jht.mainapp I/KeyDebugGet:(FrameConfigManager.java:148): Key: MAX_WORKOUT_FLOORS_INT, Value: 150
2020-01-27 17:05:54.289 7209-7209/com.jht.mainapp I/KeyDebugGet:(FrameConfigManager.java:152): Key: TREADMILL_INLINE_ADC_MAX_INT, Value: 24064
2020-01-27 17:05:54.290 7209-7209/com.jht.mainapp I/KeyDebugGet:(FrameConfigManager.java:159): Key: TREADMILL_INLINE_ADC_MIN_INT, Value: 3200
2020-01-27 17:05:54.290 7209-7209/com.jht.mainapp I/KeyDebugGet:(FrameConfigManager.java:167): Key: TREADMILL_INCLINE_ADC_OFFSET_MAX_INT, Value: 640
2020-01-27 17:05:54.291 7209-7209/com.jht.mainapp I/KeyDebugGet:(FrameConfigManager.java:174): Key: TREADMILL_INCLINE_ADC_OFFSET_MIN_INT, Value: 1664
2020-01-27 17:05:54.306 7209-7209/com.jht.mainapp I/KeyDebugGet:(DataMatrix.java:111): Key: FRAME_TYPE_STRING, Value: Treadmill_Endurance
2020-01-27 17:05:54.307 7209-7209/com.jht.mainapp I/KeyDebugGet:(FrameConfigManager.java:27): Key: FRAME_TYPE_STRING, Value: Treadmill_Endurance
2020-01-27 17:05:54.390 6327-6790/com.jhtp.lcbservice I/KeyDebugGet:(LcbComm.java:456): Key: DATA_SHOW_LCB_ANALYTICS, Value: -1
2020-01-27 17:05:54.391 7209-7209/com.jht.mainapp I/KeyDebugGet:(GoScreenWorkoutManager.java:184): Key: SHOW_MARATHON_MODE_BOOL, Value: 0
2020-01-27 17:05:54.403 7209-7209/com.jht.mainapp I/KeyDebugPut:(GoScreenWorkoutManager.java:345): Key: ACTION_LOAD_WORKOUT_ENTRY_PARCEL, Value: Sprint 8
2020-01-27 17:05:54.405 6360-6360/com.jhtp.workoutcontrollerservice I/KeyDebugCallback:(WorkoutControllerService.java:259): Key: ACTION_LOAD_WORKOUT_ENTRY_PARCEL, Value: Bundle[mParcelledData.dataSize=43396]
2020-01-27 17:05:54.406 7209-7209/com.jht.mainapp I/KeyDebug:(GoScreenWorkoutManager.java:346): Key: ACTION_GET_MODEL_EVENT
2020-01-27 17:05:54.409 7209-7209/com.jht.mainapp I/KeyDebugGet:(DapiUser.java:114): Key: DATA_USER_DAPI_UUID_STRING, Value: 00000000-0000-0000-0000-000000000000
2020-01-27 17:05:54.410 7209-7209/com.jht.mainapp I/KeyDebugGet:(GoScreenActivity.java:337): Key: DATA_USER_CUSTOM_WORKOUT_JSON, Value: 
2020-01-27 17:05:54.415 7209-7209/com.jht.mainapp I/KeyDebugGet:(MinMaxDictionary.java:77): Key: DISPLAY_METRIC_VALUES_BOOL, Value: 0
2020-01-27 17:05:54.441 7209-7209/com.jht.mainapp I/KeyDebugGet:(MinMaxDictionary.java:77): Key: DISPLAY_METRIC_VALUES_BOOL, Value: 0
2020-01-27 17:05:54.441 7209-7209/com.jht.mainapp I/KeyDebugGet:(RangeInfoManager.java:75): Key: DISPLAY_METRIC_VALUES_BOOL, Value: 0
2020-01-27 17:05:54.442 7209-7209/com.jht.mainapp I/KeyDebugGet:(MinMaxDictionary.java:249): Key: START_SPEED_KPH_FLOAT, Value: 0.8
2020-01-27 17:05:54.442 7209-7209/com.jht.mainapp I/KeyDebugGet:(MinMaxDictionary.java:257): Key: DISPLAY_METRIC_VALUES_BOOL, Value: 0
2020-01-27 17:05:54.446 7209-7209/com.jht.mainapp I/KeyDebugGet:(MinMaxDictionary.java:77): Key: DISPLAY_METRIC_VALUES_BOOL, Value: 0
2020-01-27 17:05:54.446 7209-7209/com.jht.mainapp I/KeyDebugGet:(MinMaxDictionary.java:292): Key: DEFAULT_WORKOUT_TIME_MIN_INT, Value: 30
2020-01-27 17:05:54.452 7209-7209/com.jht.mainapp I/KeyDebugGet:(GoScreenWorkoutManager.java:243): Key: MIGROS_ENABLED_BOOL, Value: 0
2020-01-27 17:05:54.455 7209-7209/com.jht.mainapp I/KeyDebugGet:(FeaturedContentFinder.java:84): Key: FEATURED_WORKOUT_JSON_STRING, Value: [{"id":"featured:0","frame":"bike","title":{"en":"HIIT Cycling - Bronx"},"subTitle":{"en":"Aaron Marcotte | Graffiti Bunker in the Bronx"},"subTitle2":{"en":"Duration: 25 Minutes"},"backgroundUri":"Cyberobics/Hiit-Bronx.jpg","iconUri":"","thumbnailUri":"","videoUri":"Cyberobics/Hiit-Bronx.mp4","description":{"en":"If you haven't tried one of Aaron's cycling session, then you are missing out! It's not too late though. Come ride with us and HIIT it hard! This a grueling 25 minutes, that will make your body cry, in a very good way. You will work your legs and glutes while burning off those unnecessary calories."},"position":0},{"id":"featured:1","frame":"bike","title":{"en":"Cycling Basic I - Malibu"},"subTitle":{"en":"Trace Johnson | Malibu, California"},"subTitle2":{"en":"Duration: 25 Minutes"},"backgroundUri":"Cyberobics/CB1-Malibu.jpg","iconUri":"","thumbnailUri":"","videoUri":"Cyberobics/CB1-Malibu.mp4","description":{"en":"Let’s ride! Jump on your bike and learn elementary cycling techniques in this beginners’ course, stimulating your cardiovascular system and improving your endurance with brief, simple sprints. The standing climb has you up off the seat and enjoying impressive views along the endless Pacific."},"position":1},{"id":"featured:2","frame":"bike","title":{"en":"Big Sur Pacific Trip"},"subTitle":{"en":"Big Sur Pacific Coast, California"},"subTitle2":{"en":"Duration: 25 Minutes"},"backgroundUri":"Cyberobics/BigSur.jpg","iconUri":"","thumbnailUri":"","videoUri":"Cyberobics/BigSur.mp4","description":{"en":"The harsh beauty of nature will captivate you as you improve your performance at Big Sur Pacific Coast. The winding course over steeply towering rocks presents a diverse challenge featuring ascents and descents as well as spectacular views of the rugged Pacific coast."},"position":2},{"id":"featured:3","frame":"bike","title":{"en":"Cycling Basic I - Brooklyn"},"subTitle":{"en":"Graham LaBass | Brooklyn, New York"},"subTitle2":{"en":"Duration: 25 Minutes"},"backgroundUri":"Cyberobics/CB1-Brooklyn.jpg","iconUri":"","thumbnailUri":"Cyberobics/CB1-Brooklyn_small.jpg","videoUri":"Cyberobics/CB1-Brooklyn.mp4","description":{"en":"With this basic course, you will really turn up the heat on your bike. Graham will show you how to perform an effective training session on your bike at an industrial site in Brooklyn. Your workout begins with some simple rides on the flat before taking on some challenging mountain stages. And it will challenge you with short but intensive interval units. The sensational result is improved stamina, invigorated leg and buttocks muscles, and a great mood for good measure."},"position":3},{"id":"featured:4","frame":"bike","title":{"en":"Cycling Pro I - Las Vegas"},"subTitle":{"en":"Chris Plourde | Sky Villa, Las Vegas"},"subTitle2":{"en":"Duration: 25 Minutes"},"backgroundUri":"Cyberobics/CP1-LasVegas.jpg","iconUri":"","thumbnailUri":"","videoUri":"Cyberobics/CP1-LasVegas.mp4","description":{"en":"Chris kicks off his high-intensity interval training with two or three light sprints that will give you a false sense of security – at least for now. But the next stage will rip your muscles from their slumber, burning fat at a rapid pace. The level of resistance increases with each new set, followed by a brief recovery phase. Sticking it out is well worthwhile: Your entire body will be flooded with endorphins when you climb off your bike."},"position":4},{"id":"featured:5","frame":"bike","title":{"en":"Cycling Pro I - LA"},"subTitle":{"en":"Trice Johnson | Rosslyn Hotel, Los Angeles, California"},"subTitle2":{"en":"Duration: 25 Minutes"},"backgroundUri":"Cyberobics/CP1-LA.jpg","iconUri":"","thumbnailUri":"","videoUri":"Cyberobics/CP1-LA.mp4","description":{"en":"On the roof of the historic Rosslyn Hotel, Trice is expecting you for a workout that will get your metabolism going at full blast. After a quick warm-up you will conquer the first steep mountain with standing and seate
2020-01-27 17:05:54.501 7209-7209/com.jht.mainapp I/KeyDebugGet:(GoScreenActivity.java:575): Key: USING_TIERS_BOOL, Value: 1
2020-01-27 17:05:54.501 7209-7209/com.jht.mainapp I/KeyDebugGet:(GoScreenActivity.java:577): Key: IS_GUEST_USER_BOOL, Value: 1
2020-01-27 17:05:54.652 7209-7209/com.jht.mainapp I/KeyDebugGet:(GoScreenActivity.java:711): Key: SELECTED_LANGUAGE_ENUM, Value: 0
2020-01-27 17:05:54.665 6532-6999/com.jhtp.location I/KeyDebugGet:(LocationService.java:105): Key: WEATHER_LATITUDE_FLOAT, Value: 0.0
2020-01-27 17:05:54.666 6532-6999/com.jhtp.location I/KeyDebugGet:(LocationService.java:106): Key: WEATHER_LONGITUDE_FLOAT, Value: 0.0
2020-01-27 17:05:54.671 7209-7209/com.jht.mainapp I/KeyDebugGet:(DataMatrix.java:241): Key: NETWORK_CONNECTION_BOOL, Value: 1
2020-01-27 17:05:54.672 7209-7209/com.jht.mainapp I/KeyDebugGet:(DataMatrix.java:241): Key: DATA_EXTENDED_INFO_RECEIVED_BOOL, Value: 0
2020-01-27 17:05:54.673 7209-7209/com.jht.mainapp I/KeyDebugGet:(DapiUser.java:114): Key: DATA_USER_DAPI_UUID_STRING, Value: 00000000-0000-0000-0000-000000000000
2020-01-27 17:05:54.674 7209-7209/com.jht.mainapp I/KeyDebugGet:(GoScreenActivity.java:420): Key: DATA_USER_CUSTOM_WORKOUT_JSON, Value: 
2020-01-27 17:05:54.678 7209-7209/com.jht.mainapp I/KeyDebugGet:(GoScreenActivity.java:168): Key: IS_PTP_USER_BOOL, Value: 0
2020-01-27 17:05:54.679 7209-7209/com.jht.mainapp I/KeyDebugGet:(GoScreenActivity.java:227): Key: GETTING_USER_TIERS_BOOL, Value: 0
2020-01-27 17:05:54.680 7209-7209/com.jht.mainapp I/KeyDebugGet:(GoScreenActivity.java:228): Key: GETTING_USER_INFO_BOOL, Value: -1
2020-01-27 17:05:54.681 7209-7209/com.jht.mainapp I/KeyDebugGet:(GoScreenActivity.java:229): Key: GETTING_USER_CONNECTIONS_BOOL, Value: -1
2020-01-27 17:05:54.681 7209-7209/com.jht.mainapp I/KeyDebugGet:(GoScreenActivity.java:230): Key: GETTING_USER_CUSTOM_WORKOUT_BOOL, Value: -1
2020-01-27 17:05:54.684 7209-7209/com.jht.mainapp I/KeyDebugGet:(DataMatrix.java:241): Key: GETTING_USER_INFO_BOOL, Value: -1
2020-01-27 17:05:54.685 7209-7209/com.jht.mainapp I/KeyDebugGet:(DataMatrix.java:241): Key: GETTING_USER_CUSTOM_WORKOUT_BOOL, Value: -1
2020-01-27 17:05:54.687 7209-7209/com.jht.mainapp I/KeyDebugGet:(DataMatrix.java:241): Key: GETTING_USER_CONNECTIONS_BOOL, Value: -1
2020-01-27 17:05:54.688 7209-7209/com.jht.mainapp I/KeyDebugGet:(GoScreenActivity.java:168): Key: IS_PTP_USER_BOOL, Value: 0
2020-01-27 17:05:54.688 7209-7209/com.jht.mainapp I/KeyDebugGet:(GoScreenActivity.java:227): Key: GETTING_USER_TIERS_BOOL, Value: 0
2020-01-27 17:05:54.689 7209-7209/com.jht.mainapp I/KeyDebugGet:(GoScreenActivity.java:228): Key: GETTING_USER_INFO_BOOL, Value: -1
2020-01-27 17:05:54.689 7209-7209/com.jht.mainapp I/KeyDebugGet:(GoScreenActivity.java:229): Key: GETTING_USER_CONNECTIONS_BOOL, Value: -1
2020-01-27 17:05:54.690 7209-7209/com.jht.mainapp I/KeyDebugGet:(GoScreenActivity.java:230): Key: GETTING_USER_CUSTOM_WORKOUT_BOOL, Value: -1
2020-01-27 17:05:54.706 7209-7209/com.jht.mainapp I/KeyDebugGet:(GoScreenWorkoutManager.java:372): Key: DISPLAY_METRIC_VALUES_BOOL, Value: 0
2020-01-27 17:05:54.712 7209-7209/com.jht.mainapp I/KeyDebugGet:(DataMatrix.java:59): Key: EVENT_KEYPRESS_BITMAP_INT, Value: -2147483648
2020-01-27 17:05:54.715 7209-7209/com.jht.mainapp I/KeyDebugGet:(DataMatrix.java:111): Key: DATA_USER_FIRST_NAME_STRING, Value: Guest
2020-01-27 17:05:54.716 7209-7209/com.jht.mainapp I/KeyDebugGet:(GoScreenActivity.java:669): Key: USE_ASSET_MANAGEMENT_BOOL, Value: 1
2020-01-27 17:05:54.717 7209-7209/com.jht.mainapp I/KeyDebugGet:(GoScreenActivity.java:746): Key: ENABLE_XID_LOGIN_BOOL, Value: 1
2020-01-27 17:05:54.718 7209-7209/com.jht.mainapp I/KeyDebugPut:(GoScreenActivity.java:243): Key: ACTION_DISABLE_SAFETY_SCREENS_BOOL, Value: false
2020-01-27 17:05:54.718 6382-6382/com.jhtp.uiservice I/KeyDebugCallback:(ErrorPanel.java:140): Key: ACTION_DISABLE_SAFETY_SCREENS_BOOL, Value: false
2020-01-27 17:05:54.719 6382-6382/com.jhtp.uiservice I/KeyDebugGet:(ErrorPanel.java:163): Key: IS_DEMO_MODE_BOOL, Value: 1
2020-01-27 17:05:54.720 7209-7209/com.jht.mainapp I/KeyDebugPut:(HomeScreenIdleTimer.java:47): Key: ACTION_SHOW_WORKOUT_PANELS_BOOL, Value: false
2020-01-27 17:05:54.720 6382-6382/com.jhtp.uiservice I/KeyDebugGet:(ErrorPanel.java:164): Key: IS_MACHINE_SETUP_BOOL, Value: 1
2020-01-27 17:05:54.721 6382-6382/com.jhtp.uiservice I/KeyDebugGet:(ErrorPanel.java:168): Key: SHOW_OUT_OF_ORDER_BOOL, Value: 0
2020-01-27 17:05:54.722 6382-6382/com.jhtp.uiservice I/KeyDebugCallback:(UiService.java:83): Key: ACTION_SHOW_WORKOUT_PANELS_BOOL, Value: false
2020-01-27 17:05:54.723 7209-7209/com.jht.mainapp I/KeyDebugPut:(HomeScreenIdleTimer.java:48): Key: IS_SAFE_TO_UPDATE_BOOL, Value: false
2020-01-27 17:05:54.724 6382-6382/com.jhtp.uiservice I/KeyDebugGet:(WorkoutPanelManager.java:215): Key: WORKOUT_PANELS_SHOWN_BOOL, Value: 0
2020-01-27 17:05:54.724 6397-6397/com.jhtp.dapiservice I/KeyDebugCallback:(AutoUpdateManager.java:191): Key: IS_SAFE_TO_UPDATE_BOOL, Value: false
2020-01-27 17:05:54.725 6397-6397/com.jhtp.dapiservice I/KeyDebugGet:(AutoUpdateManager.java:273): Key: IS_AUTO_UPDATE_READY_BOOL, Value: 0
2020-01-27 17:05:54.726 7209-7209/com.jht.mainapp I/KeyDebugGet:(HomeScreenIdleTimer.java:91): Key: SCREEN_TIMEOUT_SEC_INT, Value: 0
2020-01-27 17:05:54.726 7209-7209/com.jht.mainapp I/KeyDebugGet:(HomeScreenIdleTimer.java:94): Key: IS_GUEST_USER_BOOL, Value: 1
2020-01-27 17:05:54.728 7209-7209/com.jht.mainapp I/KeyDebugGet:(DataMatrix.java:59): Key: EVENT_KEYPRESS_BITMAP_INT, Value: -2147483648
2020-01-27 17:05:54.730 7209-7209/com.jht.mainapp I/KeyDebugGet:(DataMatrix.java:59): Key: DATA_RPM_INT, Value: 0
2020-01-27 17:05:54.730 7209-7209/com.jht.mainapp I/KeyDebugGet:(IdleTimerManagement.java:49): Key: IS_DEMO_MODE_BOOL, Value: 1
2020-01-27 17:05:54.730 7209-7209/com.jht.mainapp I/KeyDebug:(GoScreenActivity.java:246): Key: ACTION_CHECK_RSCU_24_HOUR
2020-01-27 17:05:54.731 7209-7209/com.jht.mainapp I/KeyDebugGet:(GoScreenActivity.java:248): Key: ALLOW_GUEST_BOOLEAN, Value: 1
2020-01-27 17:05:54.749 6360-6360/com.jhtp.workoutcontrollerservice I/KeyDebugPut:(WorkoutControllerService.java:455): Key: DATA_NUM_LEVELS_INT, Value: 20
2020-01-27 17:05:54.750 6360-6360/com.jhtp.workoutcontrollerservice I/KeyDebugPut:(WorkoutControllerService.java:458): Key: DATA_WORKOUT_INPUTS_STRING_LIST, Value: [RAMP_RATE_SPEED, RAMP_RATE_INCLINE, SPEED_IN, INCLINE_IN, LEVEL]
2020-01-27 17:05:54.752 6360-6360/com.jhtp.workoutcontrollerservice I/KeyDebugCallback:(WorkoutControllerService.java:261): Key: ACTION_GET_MODEL_EVENT, Value: ACTION_GET_MODEL_EVENT
2020-01-27 17:05:54.764 7209-7209/com.jht.mainapp I/KeyDebugGet:(DataMatrix.java:59): Key: DATA_GOAL_TYPE_INT, Value: -1
2020-01-27 17:05:54.767 7209-7209/com.jht.mainapp I/KeyDebugGet:(DataMatrix.java:59): Key: DATA_WORKOUT_STAGE_INT, Value: 1
2020-01-27 17:05:54.768 7209-7209/com.jht.mainapp I/KeyDebugGet:(WorkoutTrackingService.java:123): Key: DATA_RUN_STATE_INT, Value: 0
2020-01-27 17:05:54.769 7209-7209/com.jht.mainapp I/KeyDebugGet:(WorkoutTrackingService.java:124): Key: DATA_WORKOUT_STAGE_INT, Value: 1
2020-01-27 17:05:54.771 7209-7209/com.jht.mainapp I/KeyDebugGet:(DataMatrix.java:59): Key: DATA_RUN_STATE_INT, Value: 0
2020-01-27 17:05:54.772 7209-7209/com.jht.mainapp I/KeyDebugGet:(WorkoutTrackingService.java:123): Key: DATA_RUN_STATE_INT, Value: 0
